Component: ARM Compiler 5.06 update 6 (build 750) Tool: armlink [4d35ed]

==============================================================================

Section Cross References

    bsp_main.o(i.BSP_Init) refers to system_stm32f4xx.o(i.SystemInit) for SystemInit
    bsp_main.o(i.BSP_Init) refers to misc.o(i.NVIC_PriorityGroupConfig) for NVIC_PriorityGroupConfig
    bsp_main.o(i.BSP_Init) refers to bsp_systick.o(i.BSP_SystickInit) for BSP_SystickInit
    bsp_main.o(i.BSP_Init) refers to bsp_io.o(i.BSP_IO_Init) for BSP_IO_Init
    bsp_main.o(i.BSP_Init) refers to bsp_systick.o(i.Delay_ms) for Delay_ms
    bsp_main.o(i.BSP_Init) refers to bsp_can.o(i.BSP_CAN_Init) for BSP_CAN_Init
    bsp_main.o(i.BSP_Init) refers to bsp_serial.o(i.BSP_Serial_Init) for BSP_Serial_Init
    bsp_main.o(i.BSP_Init) refers to bsp_dma.o(i.BSP_DMA_USART2RX_Init) for BSP_DMA_USART2RX_Init
    bsp_main.o(i.BSP_Init) refers to bsp_timer.o(i.BSP_Timer_Init) for BSP_Timer_Init
    bsp_systick.o(i.BSP_SystickInit) refers to misc.o(i.SysTick_CLKSourceConfig) for SysTick_CLKSourceConfig
    bsp_systick.o(i.BSP_SystickInit) refers to bsp_systick.o(.data) for .data
    bsp_systick.o(i.Delay_ms) refers to bsp_systick.o(i.Delay_xms) for Delay_xms
    bsp_systick.o(i.Delay_us) refers to bsp_systick.o(.data) for .data
    bsp_systick.o(i.Delay_xms) refers to bsp_systick.o(.data) for .data
    bsp_io.o(i.BSP_Beep_Init) refers to stm32f4xx_rcc.o(i.RCC_AHB1PeriphClockCmd) for RCC_AHB1PeriphClockCmd
    bsp_io.o(i.BSP_Beep_Init) refers to stm32f4xx_gpio.o(i.GPIO_Init) for GPIO_Init
    bsp_io.o(i.BSP_Beep_Init) refers to bsp_io.o(i.Beep_Off) for Beep_Off
    bsp_io.o(i.BSP_IO_Init) refers to bsp_io.o(i.BSP_LED_Init) for BSP_LED_Init
    bsp_io.o(i.BSP_IO_Init) refers to bsp_io.o(i.BSP_Beep_Init) for BSP_Beep_Init
    bsp_io.o(i.BSP_LED_Init) refers to stm32f4xx_rcc.o(i.RCC_AHB1PeriphClockCmd) for RCC_AHB1PeriphClockCmd
    bsp_io.o(i.BSP_LED_Init) refers to stm32f4xx_gpio.o(i.GPIO_Init) for GPIO_Init
    bsp_io.o(i.BSP_LED_Init) refers to bsp_io.o(i.LED0_Off) for LED0_Off
    bsp_io.o(i.BSP_LED_Init) refers to bsp_io.o(i.LED1_Off) for LED1_Off
    bsp_io.o(i.BSP_LED_Init) refers to bsp_io.o(i.LED2_Off) for LED2_Off
    bsp_io.o(i.BSP_LED_Init) refers to bsp_io.o(i.LED3_Off) for LED3_Off
    bsp_io.o(i.Beep_Off) refers to stm32f4xx_gpio.o(i.GPIO_ResetBits) for GPIO_ResetBits
    bsp_io.o(i.Beep_On) refers to stm32f4xx_gpio.o(i.GPIO_SetBits) for GPIO_SetBits
    bsp_io.o(i.LED0_Off) refers to stm32f4xx_gpio.o(i.GPIO_SetBits) for GPIO_SetBits
    bsp_io.o(i.LED0_On) refers to stm32f4xx_gpio.o(i.GPIO_ResetBits) for GPIO_ResetBits
    bsp_io.o(i.LED0_Toggle) refers to stm32f4xx_gpio.o(i.GPIO_ToggleBits) for GPIO_ToggleBits
    bsp_io.o(i.LED1_Off) refers to stm32f4xx_gpio.o(i.GPIO_SetBits) for GPIO_SetBits
    bsp_io.o(i.LED1_On) refers to stm32f4xx_gpio.o(i.GPIO_ResetBits) for GPIO_ResetBits
    bsp_io.o(i.LED1_Toggle) refers to stm32f4xx_gpio.o(i.GPIO_ToggleBits) for GPIO_ToggleBits
    bsp_io.o(i.LED2_Off) refers to stm32f4xx_gpio.o(i.GPIO_SetBits) for GPIO_SetBits
    bsp_io.o(i.LED2_On) refers to stm32f4xx_gpio.o(i.GPIO_ResetBits) for GPIO_ResetBits
    bsp_io.o(i.LED2_Toggle) refers to stm32f4xx_gpio.o(i.GPIO_ToggleBits) for GPIO_ToggleBits
    bsp_io.o(i.LED3_Off) refers to stm32f4xx_gpio.o(i.GPIO_SetBits) for GPIO_SetBits
    bsp_io.o(i.LED3_On) refers to stm32f4xx_gpio.o(i.GPIO_ResetBits) for GPIO_ResetBits
    bsp_io.o(i.LED3_Toggle) refers to stm32f4xx_gpio.o(i.GPIO_ToggleBits) for GPIO_ToggleBits
    bsp_can.o(i.BSP_CAN_Init) refers to bsp_can.o(i.CAN_Config) for CAN_Config
    bsp_can.o(i.CAN_Config) refers to stm32f4xx_rcc.o(i.RCC_APB1PeriphClockCmd) for RCC_APB1PeriphClockCmd
    bsp_can.o(i.CAN_Config) refers to stm32f4xx_rcc.o(i.RCC_AHB1PeriphClockCmd) for RCC_AHB1PeriphClockCmd
    bsp_can.o(i.CAN_Config) refers to stm32f4xx_gpio.o(i.GPIO_Init) for GPIO_Init
    bsp_can.o(i.CAN_Config) refers to stm32f4xx_gpio.o(i.GPIO_PinAFConfig) for GPIO_PinAFConfig
    bsp_can.o(i.CAN_Config) refers to stm32f4xx_can.o(i.CAN_DeInit) for CAN_DeInit
    bsp_can.o(i.CAN_Config) refers to stm32f4xx_can.o(i.CAN_Init) for CAN_Init
    bsp_can.o(i.CAN_Config) refers to stm32f4xx_can.o(i.CAN_FilterInit) for CAN_FilterInit
    bsp_can.o(i.CAN_Config) refers to misc.o(i.NVIC_Init) for NVIC_Init
    bsp_can.o(i.CAN_Config) refers to stm32f4xx_can.o(i.CAN_ITConfig) for CAN_ITConfig
    bsp_serial.o(i.BSP_Serial1_Init) refers to stm32f4xx_rcc.o(i.RCC_AHB1PeriphClockCmd) for RCC_AHB1PeriphClockCmd
    bsp_serial.o(i.BSP_Serial1_Init) refers to stm32f4xx_rcc.o(i.RCC_APB2PeriphClockCmd) for RCC_APB2PeriphClockCmd
    bsp_serial.o(i.BSP_Serial1_Init) refers to stm32f4xx_gpio.o(i.GPIO_PinAFConfig) for GPIO_PinAFConfig
    bsp_serial.o(i.BSP_Serial1_Init) refers to stm32f4xx_gpio.o(i.GPIO_Init) for GPIO_Init
    bsp_serial.o(i.BSP_Serial1_Init) refers to stm32f4xx_usart.o(i.USART_Init) for USART_Init
[...]
    .ARM.Collect$$libshutdown$$0000000A      0x08000210   Section        0  libshutdown2.o(.ARM.Collect$$libshutdown$$0000000A)
    .ARM.Collect$$libshutdown$$0000000C      0x08000210   Section        0  libshutdown2.o(.ARM.Collect$$libshutdown$$0000000C)
    .ARM.Collect$$libshutdown$$0000000F      0x08000210   Section        0  libshutdown2.o(.ARM.Collect$$libshutdown$$0000000F)
    .ARM.Collect$$libshutdown$$00000010      0x08000210   Section        2  libshutdown2.o(.ARM.Collect$$libshutdown$$00000010)
    .ARM.Collect$$rtentry$$00000000          0x08000212   Section        0  __rtentry.o(.ARM.Collect$$rtentry$$00000000)
    .ARM.Collect$$rtentry$$00000002          0x08000212   Section        0  __rtentry2.o(.ARM.Collect$$rtentry$$00000002)
    .ARM.Collect$$rtentry$$00000004          0x08000212   Section        6  __rtentry4.o(.ARM.Collect$$rtentry$$00000004)
    .ARM.Collect$$rtentry$$00000009          0x08000218   Section        0  __rtentry2.o(.ARM.Collect$$rtentry$$00000009)
    .ARM.Collect$$rtentry$$0000000A          0x08000218   Section        4  __rtentry2.o(.ARM.Collect$$rtentry$$0000000A)
    .ARM.Collect$$rtentry$$0000000C          0x0800021c   Section        0  __rtentry2.o(.ARM.Collect$$rtentry$$0000000C)
    .ARM.Collect$$rtentry$$0000000D          0x0800021c   Section        8  __rtentry2.o(.ARM.Collect$$rtentry$$0000000D)
    .ARM.Collect$$rtexit$$00000000           0x08000224   Section        2  rtexit.o(.ARM.Collect$$rtexit$$00000000)
    .ARM.Collect$$rtexit$$00000002           0x08000226   Section        0  rtexit2.o(.ARM.Collect$$rtexit$$00000002)
    .ARM.Collect$$rtexit$$00000003           0x08000226   Section        4  rtexit2.o(.ARM.Collect$$rtexit$$00000003)
    .ARM.Collect$$rtexit$$00000004           0x0800022a   Section        6  rtexit2.o(.ARM.Collect$$rtexit$$00000004)
    .text                                    0x08000230   Section       64  startup_stm32f40_41xxx.o(.text)
    $v0                                      0x08000230   Number         0  startup_stm32f40_41xxx.o(.text)
    .text                                    0x08000270   Section        0  arm_cos_f32.o(.text)
    .text                                    0x08000348   Section        0  arm_sin_f32.o(.text)
    .text                                    0x08000420   Section        0  noretval__2sprintf.o(.text)
    .text                                    0x08000448   Section        0  __printf.o(.text)
    .text                                    0x080004b0   Section        0  _printf_dec.o(.text)
    .text                                    0x08000528   Section        0  heapauxi.o(.text)
    .text                                    0x0800052e   Section        0  _printf_intcommon.o(.text)
    .text                                    0x080005e0   Section        0  _printf_char_common.o(.text)
    _printf_input_char                       0x080005e1   Thumb Code    10  _printf_char_common.o(.text)
    .text                                    0x08000610   Section        0  _sputc.o(.text)
    .text                                    0x0800061c   Section        8  libspace.o(.text)
    .text                                    0x08000624   Section       74  sys_stackheap_outer.o(.text)
    .text                                    0x0800066e   Section        0  exit.o(.text)
    .text                                    0x08000680   Section        0  sys_exit.o(.text)
    .text                                    0x0800068c   Section        2  use_no_semi.o(.text)
    .text                                    0x0800068e   Section        0  indicate_semi.o(.text)
    i.AutoStatus_Send_Task                   0x08000690   Section        0  task.o(i.AutoStatus_Send_Task)
    i.BSP_Beep_Init                          0x080006cc   Section        0  bsp_io.o(i.BSP_Beep_Init)
    i.BSP_CAN_Init                           0x08000700   Section        0  bsp_can.o(i.BSP_CAN_Init)
    i.BSP_DMA_USART2RX_Init                  0x0800073c   Section        0  bsp_dma.o(i.BSP_DMA_USART2RX_Init)
    i.BSP_IO_Init                            0x080007d0   Section        0  bsp_io.o(i.BSP_IO_Init)
    i.BSP_Init                               0x080007de   Section        0  bsp_main.o(i.BSP_Init)
    i.BSP_LED_Init                           0x08000810   Section        0  bsp_io.o(i.BSP_LED_Init)
    i.BSP_Serial1_Init                       0x08000878   Section        0  bsp_serial.o(i.BSP_Serial1_Init)
    i.BSP_Serial2_Init                       0x08000930   Section        0  bsp_serial.o(i.BSP_Serial2_Init)
    i.BSP_Serial3_Init                       0x080009fc   Section        0  bsp_serial.o(i.BSP_Serial3_Init)
    i.BSP_Serial6_Init                       0x08000ab4   Section        0  bsp_serial.o(i.BSP_Serial6_Init)
    i.BSP_Serial_Init                        0x08000b6c   Section        0  bsp_serial.o(i.BSP_Serial_Init)
    i.BSP_SystickInit                        0x08000b84   Section        0  bsp_systick.o(i.BSP_SystickInit)
    i.BSP_TIM2_Init                          0x08000ba4   Section        0  bsp_timer.o(i.BSP_TIM2_Init)
    i.BSP_TIM5_Init                          0x08000bec   Section        0  bsp_timer.o(i.BSP_TIM5_Init)
    i.BSP_Timer_Init                         0x08000c40   Section        0  bsp_timer.o(i.BSP_Timer_Init)
    i.Beep_Off                               0x08000c58   Section        0  bsp_io.o(i.Beep_Off)
    i.Beep_On                                0x08000c64   Section        0  bsp_io.o(i.Beep_On)
    i.BusFault_Handler                       0x08000c70   Section        0  stm32f4xx_it.o(i.BusFault_Handler)
    i.C620_GetFeedbackInfo                   0x08000c74   Section        0  c620.o(i.C620_GetFeedbackInfo)
    i.CAN1_RX0_IRQHandler                    0x08000cdc   Section        0  stm32f4xx_it.o(i.CAN1_RX0_IRQHandler)
    i.CAN1_TX_IRQHandler                     0x08000d18   Section        0  stm32f4xx_it.o(i.CAN1_TX_IRQHandler)
    i.CAN2_RX0_IRQHandler                    0x08000d3c   Section        0  stm32f4xx_it.o(i.CAN2_RX0_IRQHandler)
    i.CAN2_TX_IRQHandler                     0x08000d3e   Section        0  stm32f4xx_it.o(i.CAN2_TX_IRQHandler)
    i.CAN_ClearFlag                          0x08000d40   Section        0  stm32f4xx_can.o(i.CAN_ClearFlag)
    i.CAN_ClearITPendingBit                  0x08000d70   Section        0  stm32f4xx_can.o(i.CAN_ClearITPendingBit)
    i.CAN_Config                             0x08000de8   Section        0  bsp_can.o(i.CAN_Config)
    i.CAN_DeInit                             0x08000fd8   Section        0  stm32f4xx_can.o(i.CAN_DeInit)
    i.CAN_FilterInit                         0x08001004   Section        0  stm32f4xx_can.o(i.CAN_FilterInit)
    i.CAN_GetITStatus                        0x080010d0   Section        0  stm32f4xx_can.o(i.CAN_GetITStatus)
    i.CAN_ITConfig                           0x08001178   Section        0  stm32f4xx_can.o(i.CAN_ITConfig)
    i.CAN_Init                               0x08001188   Section        0  stm32f4xx_can.o(i.CAN_Init)
    i.CAN_Receive                            0x08001270   Section        0  stm32f4xx_can.o(i.CAN_Receive)
    i.CAN_Transmit                           0x080012fe   Section        0  stm32f4xx_can.o(i.CAN_Transmit)
    i.CalcWheelSpeed                         0x080013a4   Section        0  chassis.o(i.CalcWheelSpeed)
    i.CheckITStatus                          0x080013fc   Section        0  stm32f4xx_can.o(i.CheckITStatus)
    CheckITStatus                            0x080013fd   Thumb Code    12  stm32f4xx_can.o(i.CheckITStatus)
    i.Config_Task                            0x08001408   Section        0  task.o(i.Config_Task)
    i.DJI_DT7_SerialIsr                      0x08001444   Section        0  bsp_dt7.o(i.DJI_DT7_SerialIsr)
    i.DMA_Cmd                                0x080014f4   Section        0  stm32f4xx_dma.o(i.DMA_Cmd)
    i.DMA_DeInit                             0x08001508   Section        0  stm32f4xx_dma.o(i.DMA_DeInit)
    i.DMA_DoubleBufferModeCmd                0x0800162c   Section        0  stm32f4xx_dma.o(i.DMA_DoubleBufferModeCmd)
    i.DMA_DoubleBufferModeConfig             0x08001640   Section        0  stm32f4xx_dma.o(i.DMA_DoubleBufferModeConfig)
    i.DMA_GetCmdStatus                       0x08001656   Section        0  stm32f4xx_dma.o(i.DMA_GetCmdStatus)
    i.DMA_GetCurrDataCounter                 0x08001664   Section        0  stm32f4xx_dma.o(i.DMA_GetCurrDataCounter)
    i.DMA_GetCurrentMemoryTarget             0x0800166a   Section        0  stm32f4xx_dma.o(i.DMA_GetCurrentMemoryTarget)
    i.DMA_Init                               0x08001678   Section        0  stm32f4xx_dma.o(i.DMA_Init)
    i.DebugMon_Handler                       0x080016cc   Section        0  stm32f4xx_it.o(i.DebugMon_Handler)
    i.Delay_ms                               0x080016ce   Section        0  bsp_systick.o(i.Delay_ms)
    i.Delay_xms                              0x08001700   Section        0  bsp_systick.o(i.Delay_xms)
    i.DisableCrl                             0x08001734   Section        0  c620.o(i.DisableCrl)
    i.GPIO_Init                              0x08001774   Section        0  stm32f4xx_gpio.o(i.GPIO_Init)
    i.GPIO_PinAFConfig                       0x080017ec   Section        0  stm32f4xx_gpio.o(i.GPIO_PinAFConfig)
    i.GPIO_ResetBits                         0x0800180c   Section        0  stm32f4xx_gpio.o(i.GPIO_ResetBits)
    i.GPIO_SetBits                           0x08001810   Section        0  stm32f4xx_gpio.o(i.GPIO_SetBits)
    i.GPIO_ToggleBits                        0x08001814   Section        0  stm32f4xx_gpio.o(i.GPIO_ToggleBits)
    i.GetAngle                               0x0800181c   Section        0  pps.o(i.GetAngle)
    i.HardFault_Handler                      0x08001830   Section        0  stm32f4xx_it.o(i.HardFault_Handler)
    i.LED0_Off                               0x08001834   Section        0  bsp_io.o(i.LED0_Off)
    i.LED1_Off                               0x08001840   Section        0  bsp_io.o(i.LED1_Off)
    i.LED1_Toggle                            0x0800184c   Section        0  bsp_io.o(i.LED1_Toggle)
    i.LED2_Off                               0x08001858   Section        0  bsp_io.o(i.LED2_Off)
    i.LED2_Toggle                            0x08001864   Section        0  bsp_io.o(i.LED2_Toggle)
    i.LED3_Off                               0x08001870   Section        0  bsp_io.o(i.LED3_Off)
    i.LocatorInit                            0x0800187c   Section        0  pps.o(i.LocatorInit)
    i.Locator_SerialIsr                      0x080018bc   Section        0  pps.o(i.Locator_SerialIsr)
    i.LostForceStatus_Send_Task              0x0800197c   Section        0  task.o(i.LostForceStatus_Send_Task)
    i.MemManage_Handler                      0x080019b8   Section        0  stm32f4xx_it.o(i.MemManage_Handler)
    i.Motor_Init                             0x080019bc   Section        0  c620.o(i.Motor_Init)
    i.Motor_SetControlMode                   0x08001a40   Section        0  c620.o(i.Motor_SetControlMode)
    i.Motor_SetVelocity                      0x08001a6c   Section        0  c620.o(i.Motor_SetVelocity)
    i.Motor_SetVelocityPIDRatio              0x08001a98   Section        0  c620.o(i.Motor_SetVelocityPIDRatio)
    i.NMI_Handler                            0x08001af8   Section        0  stm32f4xx_it.o(i.NMI_Handler)
    i.NVIC_Init                              0x08001afc   Section        0  misc.o(i.NVIC_Init)
    i.NVIC_PriorityGroupConfig               0x08001b60   Section        0  misc.o(i.NVIC_PriorityGroupConfig)
    i.OutputVel2Wheel_FixedC                 0x08001b74   Section        0  chassis.o(i.OutputVel2Wheel_FixedC)
    i.OutputVel2Wheel_RigidC                 0x08001c3c   Section        0  chassis.o(i.OutputVel2Wheel_RigidC)
    i.PID_Increment_Calc                     0x08001cdc   Section        0  pid.o(i.PID_Increment_Calc)
    i.PendSV_Handler                         0x08001d68   Section        0  stm32f4xx_it.o(i.PendSV_Handler)
    i.RCC_AHB1PeriphClockCmd                 0x08001d6c   Section        0  stm32f4xx_rcc.o(i.RCC_AHB1PeriphClockCmd)
    i.RCC_APB1PeriphClockCmd                 0x08001d84   Section        0  stm32f4xx_rcc.o(i.RCC_APB1PeriphClockCmd)
    i.RCC_APB1PeriphResetCmd                 0x08001d9c   Section        0  stm32f4xx_rcc.o(i.RCC_APB1PeriphResetCmd)
    i.RCC_APB2PeriphClockCmd                 0x08001db4   Section        0  stm32f4xx_rcc.o(i.RCC_APB2PeriphClockCmd)
    i.RCC_APB2PeriphResetCmd                 0x08001dcc   Section        0  stm32f4xx_rcc.o(i.RCC_APB2PeriphResetCmd)
    i.RCC_GetClocksFreq                      0x08001de4   Section        0  stm32f4xx_rcc.o(i.RCC_GetClocksFreq)
    i.RemoteDataProcess                      0x08001e74   Section        0  bsp_dt7.o(i.RemoteDataProcess)
    RemoteDataProcess                        0x08001e75   Thumb Code   100  bsp_dt7.o(i.RemoteDataProcess)
    i.RemoteStatus_Send_Task                 0x08001edc   Section        0  task.o(i.RemoteStatus_Send_Task)
    i.Remote_GetChanalValue                  0x08001f38   Section        0  bsp_dt7.o(i.Remote_GetChanalValue)
    i.ReturnLimitAngle                       0x08001f88   Section        0  algorithm.o(i.ReturnLimitAngle)
    i.SVC_Handler                            0x08001fd8   Section        0  stm32f4xx_it.o(i.SVC_Handler)
    i.SendCmd2Driver                         0x08001fdc   Section        0  chassis.o(i.SendCmd2Driver)
    i.Serial_SendByte                        0x08002050   Section        0  bsp_serial.o(i.Serial_SendByte)
    i.Serial_SendString                      0x0800206e   Section        0  bsp_serial.o(i.Serial_SendString)
    i.SetJoggingVel                          0x0800208c   Section        0  c620.o(i.SetJoggingVel)
    i.SetSysClock                            0x0800212c   Section        0  system_stm32f4xx.o(i.SetSysClock)
    SetSysClock                              0x0800212d   Thumb Code   162  system_stm32f4xx.o(i.SetSysClock)
    i.SysTick_CLKSourceConfig                0x080021e0   Section        0  misc.o(i.SysTick_CLKSourceConfig)
    i.SysTick_Handler                        0x080021f8   Section        0  stm32f4xx_it.o(i.SysTick_Handler)
    i.SystemInit                             0x080021fc   Section        0  system_stm32f4xx.o(i.SystemInit)
    i.TIM2_5ms_Task                          0x08002258   Section        0  task.o(i.TIM2_5ms_Task)
    i.TIM2_IRQHandler                        0x08002280   Section        0  stm32f4xx_it.o(i.TIM2_IRQHandler)
    i.TIM2_Start                             0x080022dc   Section        0  bsp_timer.o(i.TIM2_Start)
    i.TIM5_10ms_Task                         0x080022f8   Section        0  task.o(i.TIM5_10ms_Task)
    i.TIM5_IRQHandler                        0x08002320   Section        0  stm32f4xx_it.o(i.TIM5_IRQHandler)
    i.TIM5_Start                             0x08002350   Section        0  bsp_timer.o(i.TIM5_Start)
    i.TIM_ARRPreloadConfig                   0x08002370   Section        0  stm32f4xx_tim.o(i.TIM_ARRPreloadConfig)
    i.TIM_ClearFlag                          0x08002384   Section        0  stm32f4xx_tim.o(i.TIM_ClearFlag)
    i.TIM_ClearITPendingBit                  0x0800238a   Section        0  stm32f4xx_tim.o(i.TIM_ClearITPendingBit)
    i.TIM_Cmd                                0x08002390   Section        0  stm32f4xx_tim.o(i.TIM_Cmd)
    i.TIM_GetITStatus                        0x080023a4   Section        0  stm32f4xx_tim.o(i.TIM_GetITStatus)
    i.TIM_ITConfig                           0x080023bc   Section        0  stm32f4xx_tim.o(i.TIM_ITConfig)
    i.TIM_TimeBaseInit                       0x080023cc   Section        0  stm32f4xx_tim.o(i.TIM_TimeBaseInit)
    i.Task_GetChassisStatus                  0x08002448   Section        0  task.o(i.Task_GetChassisStatus)
    i.Task_OutputVel2Wheel                   0x08002494   Section        0  task.o(i.Task_OutputVel2Wheel)
    i.Task_RemoteControl                     0x080024d8   Section        0  task.o(i.Task_RemoteControl)
    i.Transform2ChassisCoordinate            0x08002608   Section        0  chassis.o(i.Transform2ChassisCoordinate)
    i.USART1_IRQHandler                      0x08002660   Section        0  stm32f4xx_it.o(i.USART1_IRQHandler)
    i.USART2_IRQHandler                      0x08002664   Section        0  stm32f4xx_it.o(i.USART2_IRQHandler)
    i.USART3_IRQHandler                      0x08002668   Section        0  stm32f4xx_it.o(i.USART3_IRQHandler)
    i.USART_ClearITPendingBit                0x0800266c   Section        0  stm32f4xx_usart.o(i.USART_ClearITPendingBit)
    i.USART_Cmd                              0x08002678   Section        0  stm32f4xx_usart.o(i.USART_Cmd)
    i.USART_DMACmd                           0x0800268c   Section        0  stm32f4xx_usart.o(i.USART_DMACmd)
    i.USART_DeInit                           0x0800269c   Section        0  stm32f4xx_usart.o(i.USART_DeInit)
    i.USART_GetFlagStatus                    0x08002748   Section        0  stm32f4xx_usart.o(i.USART_GetFlagStatus)
    i.USART_GetITStatus                      0x08002756   Section        0  stm32f4xx_usart.o(i.USART_GetITStatus)
    i.USART_ITConfig                         0x08002794   Section        0  stm32f4xx_usart.o(i.USART_ITConfig)
    i.USART_Init                             0x080027c4   Section        0  stm32f4xx_usart.o(i.USART_Init)
    i.USART_ReceiveData                      0x08002870   Section        0  stm32f4xx_usart.o(i.USART_ReceiveData)
    i.USART_SendData                         0x08002878   Section        0  stm32f4xx_usart.o(i.USART_SendData)
    i.UsageFault_Handler                     0x08002880   Section        0  stm32f4xx_it.o(i.UsageFault_Handler)
    i.ValueInRange_u                         0x08002882   Section        0  algorithm.o(i.ValueInRange_u)
    i.Vel2RotateVel                          0x08002894   Section        0  chassis.o(i.Vel2RotateVel)
    i.VelCrl                                 0x080028c4   Section        0  c620.o(i.VelCrl)
    i.__ARM_fpclassifyf                      0x08002950   Section        0  fpclassifyf.o(i.__ARM_fpclassifyf)
    i.__hardfp_atan2f                        0x08002978   Section        0  atan2f.o(i.__hardfp_atan2f)
    i.__mathlib_flt_infnan2                  0x08002bc8   Section        0  funder.o(i.__mathlib_flt_infnan2)
    i.__mathlib_flt_underflow                0x08002bd0   Section        0  funder.o(i.__mathlib_flt_underflow)
    i.absLimit                               0x08002be0   Section        0  algorithm.o(i.absLimit)
    i.arm_sqrt_f32                           0x08002c0c   Section        0  task.o(i.arm_sqrt_f32)
    arm_sqrt_f32                             0x08002c0d   Thumb Code    36  task.o(i.arm_sqrt_f32)
    i.main                                   0x08002c34   Section        0  main.o(i.main)
    x$fpl$fpinit                             0x08002cc8   Section       10  fpinit.o(x$fpl$fpinit)
    $v0                                      0x08002cc8   Number         0  fpinit.o(x$fpl$fpinit)
    x$fpl$usenofp                            0x08002cd2   Section        0  usenofp.o(x$fpl$usenofp)
    .constdata                               0x08002cd4   Section     1040  arm_cos_f32.o(.constdata)
    cosTable                                 0x08002cd4   Data        1040  arm_cos_f32.o(.constdata)
    .constdata                               0x080030e4   Section     1036  arm_sin_f32.o(.constdata)
    sinTable                                 0x080030e4   Data        1036  arm_sin_f32.o(.constdata)
    .data                                    0x20000000   Section        8  bsp_systick.o(.data)
    fac_us                                   0x20000000   Data           4  bsp_systick.o(.data)
    fac_ms                                   0x20000004   Data           4  bsp_systick.o(.data)
    .data                                    0x20000008   Section        2  algorithm.o(.data)
    recursiveTimes                           0x20000008   Data           1  algorithm.o(.data)
    recursiveTimes                           0x20000009   Data           1  algorithm.o(.data)
    .data                                    0x2000000c   Section       28  pid.o(.data)
    Error                                    0x2000000c   Data           4  pid.o(.data)
    Integrate                                0x20000010   Data           4  pid.o(.data)
    Delta                                    0x20000014   Data           4  pid.o(.data)
    Output                                   0x20000018   Data           4  pid.o(.data)
    Error                                    0x2000001c   Data           4  pid.o(.data)
    DeltaOutput                              0x20000020   Data           4  pid.o(.data)
    Output                                   0x20000024   Data           4  pid.o(.data)
    .data                                    0x20000028   Section        6  main.o(.data)
    count                                    0x2000002a   Data           2  main.o(.data)
    per                                      0x2000002c   Data           2  main.o(.data)
    .data                                    0x2000002e   Section        2  stm32f4xx_it.o(.data)
    time_print_tick                          0x2000002e   Data           2  stm32f4xx_it.o(.data)
    .data                                    0x20000030   Section        3  c620.o(.data)
    Index                                    0x20000030   Data           1  c620.o(.data)
    Index                                    0x20000031   Data           1  c620.o(.data)
    Index                                    0x20000032   Data           1  c620.o(.data)
    .data                                    0x20000034   Section       56  pps.o(.data)
    ch                                       0x20000037   Data           1  pps.o(.data)
    count                                    0x20000038   Data           1  pps.o(.data)
    i                                        0x20000039   Data           1  pps.o(.data)
    continiousAngle                          0x2000003c   Data           4  pps.o(.data)
    angleLoop                                0x20000040   Data           4  pps.o(.data)
    angleRecord                              0x20000044   Data           4  pps.o(.data)
    Last_x                                   0x20000048   Data           4  pps.o(.data)
    Last_y                                   0x2000004c   Data           4  pps.o(.data)
    Err_x                                    0x20000050   Data           4  pps.o(.data)
    Err_y                                    0x20000054   Data           4  pps.o(.data)
    PassedLen                                0x20000058   Data           4  pps.o(.data)
    .data                                    0x2000006c   Section       40  task.o(.data)
    Counter                                  0x20000084   Data           4  task.o(.data)
    Counter                                  0x20000088   Data           4  task.o(.data)
    .data                                    0x20000094   Section        4  bsp_dt7.o(.data)
    PulseWidth                               0x20000094   Data           2  bsp_dt7.o(.data)
    DMA_CurrCount                            0x20000096   Data           2  bsp_dt7.o(.data)
    .data                                    0x20000098   Section       16  stm32f4xx_rcc.o(.data)
    APBAHBPrescTable                         0x20000098   Data          16  stm32f4xx_rcc.o(.data)
    .bss                                     0x200000a8   Section       36  chassis.o(.bss)
    .bss                                     0x200000cc   Section      500  main.o(.bss)
    .bss                                     0x200002c0   Section      568  c620.o(.bss)
    TxMessage                                0x20000320   Data          20  c620.o(.bss)
    TxMessage                                0x20000334   Data          20  c620.o(.bss)
    .bss                                     0x200004f8   Section       72  pps.o(.bss)
    posture                                  0x20000528   Data          24  pps.o(.bss)
    .bss                                     0x20000540   Section       68  bsp_dt7.o(.bss)
    RC_CtrlData                              0x20000564   Data          20  bsp_dt7.o(.bss)
    .bss                                     0x20000584   Section       96  libspace.o(.bss)
    HEAP                                     0x200005e8   Section      512  startup_stm32f40_41xxx.o(HEAP)
    Heap_Mem                                 0x200005e8   Data         512  startup_stm32f40_41xxx.o(HEAP)
    STACK                                    0x200007e8   Section     1024  startup_stm32f40_41xxx.o(STACK)
    Stack_Mem                                0x200007e8   Data        1024  startup_stm32f40_41xxx.o(STACK)
    __initial_sp                             0x20000be8   Data           0  startup_stm32f40_41xxx.o(STACK)

    Global Symbols

    Symbol Name                              Value     Ov Type        Size  Object(Section)

    BuildAttributes$$THM_ISAv4$E$P$D$K$B$S$7EM$VFPi3$EXTD16$VFPS$VFMA$PE$A:L22UL41UL21$X:L11$S22US41US21$IEEE1$IW$USESV6$~STKCKD$USESV7$~SHL$OTIME$ROPI$IEEEX$EBA8$UX$STANDARDLIB$REQ8$PRES8$EABIv2 0x00000000   Number         0  anon$$obj.o ABSOLUTE
    __ARM_use_no_argv                        0x00000000   Number         0  main.o ABSOLUTE
    __ARM_exceptions_init                     - Undefined Weak Reference
    __alloca_initialize                       - Undefined Weak Reference
    __arm_preinit_                            - Undefined Weak Reference
    __cpp_initialize__aeabi_                  - Undefined Weak Reference
    __cxa_finalize                            - Undefined Weak Reference
    __rt_locale                               - Undefined Weak Reference
    __sigvec_lookup                           - Undefined Weak Reference
    _atexit_init                              - Undefined Weak Reference
    _call_atexit_fns                          - Undefined Weak Reference
    _clock_init                               - Undefined Weak Reference
    _fp_trap_init                             - Undefined Weak Reference
    _fp_trap_shutdown                         - Undefined Weak Reference
    _get_lc_collate                           - Undefined Weak Reference
    _get_lc_ctype                             - Undefined Weak Reference
    _get_lc_monetary                          - Undefined Weak Reference
    _get_lc_numeric                           - Undefined Weak Reference
    _get_lc_time                              - Undefined Weak Reference
    _getenv_init                              - Undefined Weak Reference
    _handle_redirection                       - Undefined Weak Reference
    _init_alloc                               - Undefined Weak Reference
    _init_user_alloc                          - Undefined Weak Reference
    _initio                                   - Undefined Weak Reference
    _printf_post_padding                      - Undefined Weak Reference
    _printf_pre_padding                       - Undefined Weak Reference
    _printf_truncate_signed                   - Undefined Weak Reference
    _printf_truncate_unsigned                 - Undefined Weak Reference
    _rand_init                                - Undefined Weak Reference
    _signal_finish                            - Undefined Weak Reference
    _signal_init                              - Undefined Weak Reference
    _terminate_alloc                          - Undefined Weak Reference
    _terminate_user_alloc                     - Undefined Weak Reference
    _terminateio                              - Undefined Weak Reference
    __Vectors_Size                           0x00000188   Number         0  startup_stm32f40_41xxx.o ABSOLUTE
    __Vectors                                0x08000000   Data           4  startup_stm32f40_41xxx.o(RESET)
    __Vectors_End                            0x08000188   Data           0  startup_stm32f40_41xxx.o(RESET)
    __main                                   0x08000189   Thumb Code     8  __main.o(!!!main)
    __scatterload                            0x08000191   Thumb Code     0  __scatter.o(!!!scatter)
    __scatterload_rt2                        0x08000191   Thumb Code    44  __scatter.o(!!!scatter)
    __scatterload_rt2_thumb_only             0x08000191   Thumb Code     0  __scatter.o(!!!scatter)
    __scatterload_null                       0x0800019f   Thumb Code     0  __scatter.o(!!!scatter)
    __scatterload_copy                       0x080001c5   Thumb Code    26  __scatter_copy.o(!!handler_copy)
    __scatterload_zeroinit                   0x080001e1   Thumb Code    28  __scatter_zi.o(!!handler_zi)
    _printf_d                                0x080001fd   Thumb Code     0  _printf_d.o(.ARM.Collect$$_printf_percent$$00000009)
    _printf_percent                          0x080001fd   Thumb Code     0  _printf_percent.o(.ARM.Collect$$_printf_percent$$00000000)
    _printf_percent_end                      0x08000203   Thumb Code     0  _printf_percent_end.o(.ARM.Collect$$_printf_percent$$00000017)
    __rt_lib_init                            0x08000207   Thumb Code     0  libinit.o(.ARM.Collect$$libinit$$00000000)
    __rt_lib_init_fp_1                       0x08000209   Thumb Code     0  libinit2.o(.ARM.Collect$$libinit$$00000001)
    __rt_lib_init_alloca_1                   0x0800020d   Thumb Code     0  libinit2.o(.ARM.Collect$$libinit$$0000002E)
    __rt_lib_init_argv_1                     0x0800020d   Thumb Code     0  libinit2.o(.ARM.Collect$$libinit$$0000002C)
    __rt_lib_init_atexit_1                   0x0800020d   Thumb Code     0  libinit2.o(.ARM.Collect$$libinit$$0000001B)
    __rt_lib_init_clock_1                    0x0800020d   Thumb Code     0  libinit2.o(.ARM.Collect$$libinit$$00000021)
    __rt_lib_init_cpp_1                      0x0800020d   Thumb Code     0  libinit2.o(.ARM.Collect$$libinit$$00000032)
    __rt_lib_init_exceptions_1               0x0800020d   Thumb Code     0  libinit2.o(.ARM.Collect$$libinit$$00000030)
    __rt_lib_init_fp_trap_1                  0x0800020d   Thumb Code     0  libinit2.o(.ARM.Collect$$libinit$$0000001F)
    __rt_lib_init_getenv_1                   0x0800020d   Thumb Code     0  libinit2.o(.ARM.Collect$$libinit$$00000023)
    __rt_lib_init_heap_1                     0x0800020d   Thumb Code     0  libinit2.o(.ARM.Collect$$libinit$$0000000A)
    __rt_lib_init_lc_collate_1               0x0800020d   Thumb Code     0  libinit2.o(.ARM.Collect$$libinit$$00000011)
    __rt_lib_init_lc_ctype_1                 0x0800020d   Thumb Code     0  libinit2.o(.ARM.Collect$$libinit$$00000013)
    __rt_lib_init_lc_monetary_1              0x0800020d   Thumb Code     0  libinit2.o(.ARM.Collect$$libinit$$00000015)
    __rt_lib_init_lc_numeric_1               0x0800020d   Thumb Code     0  libinit2.o(.ARM.Collect$$libinit$$00000017)
    __rt_lib_init_lc_time_1                  0x0800020d   Thumb Code     0  libinit2.o(.ARM.Collect$$libinit$$00000019)
    __rt_lib_init_preinit_1                  0x0800020d   Thumb Code     0  libinit2.o(.ARM.Collect$$libinit$$00000004)
    __rt_lib_init_rand_1                     0x0800020d   Thumb Code     0  libinit2.o(.ARM.Collect$$libinit$$0000000E)
    __rt_lib_init_return                     0x0800020d   Thumb Code     0  libinit2.o(.ARM.Collect$$libinit$$00000033)
    __rt_lib_init_signal_1                   0x0800020d   Thumb Code     0  libinit2.o(.ARM.Collect$$libinit$$0000001D)
    __rt_lib_init_stdio_1                    0x0800020d   Thumb Code     0  libinit2.o(.ARM.Collect$$libinit$$00000025)
    __rt_lib_init_user_alloc_1               0x0800020d   Thumb Code     0  libinit2.o(.ARM.Collect$$libinit$$0000000C)
    __rt_lib_shutdown                        0x0800020f   Thumb Code     0  libshutdown.o(.ARM.Collect$$libshutdown$$00000000)
    __rt_lib_shutdown_cpp_1                  0x08000211   Thumb Code     0  libshutdown2.o(.ARM.Collect$$libshutdown$$00000002)
    __rt_lib_shutdown_fp_trap_1              0x08000211   Thumb Code     0  libshutdown2.o(.ARM.Collect$$libshutdown$$00000007)
    __rt_lib_shutdown_heap_1                 0x08000211   Thumb Code     0  libshutdown2.o(.ARM.Collect$$libshutdown$$0000000F)
    __rt_lib_shutdown_return                 0x08000211   Thumb Code     0  libshutdown2.o(.ARM.Collect$$libshutdown$$00000010)
    __rt_lib_shutdown_signal_1               0x08000211   Thumb Code     0  libshutdown2.o(.ARM.Collect$$libshutdown$$0000000A)
    __rt_lib_shutdown_stdio_1                0x08000211   Thumb Code     0  libshutdown2.o(.ARM.Collect$$libshutdown$$00000004)
    __rt_lib_shutdown_user_alloc_1           0x08000211   Thumb Code     0  libshutdown2.o(.ARM.Collect$$libshutdown$$0000000C)
    __rt_entry                               0x08000213   Thumb Code     0  __rtentry.o(.ARM.Collect$$rtentry$$00000000)
    __rt_entry_presh_1                       0x08000213   Thumb Code     0  __rtentry2.o(.ARM.Collect$$rtentry$$00000002)
    __rt_entry_sh                            0x08000213   Thumb Code     0  __rtentry4.o(.ARM.Collect$$rtentry$$00000004)
    __rt_entry_li                            0x08000219   Thumb Code     0  __rtentry2.o(.ARM.Collect$$rtentry$$0000000A)
    __rt_entry_postsh_1                      0x08000219   Thumb Code     0  __rtentry2.o(.ARM.Collect$$rtentry$$00000009)
    __rt_entry_main                          0x0800021d   Thumb Code     0  __rtentry2.o(.ARM.Collect$$rtentry$$0000000D)
    __rt_entry_postli_1                      0x0800021d   Thumb Code     0  __rtentry2.o(.ARM.Collect$$rtentry$$0000000C)
    __rt_exit                                0x08000225   Thumb Code     0  rtexit.o(.ARM.Collect$$rtexit$$00000000)
    __rt_exit_ls                             0x08000227   Thumb Code     0  rtexit2.o(.ARM.Collect$$rtexit$$00000003)
    __rt_exit_prels_1                        0x08000227   Thumb Code     0  rtexit2.o(.ARM.Collect$$rtexit$$00000002)
    __rt_exit_exit                           0x0800022b   Thumb Code     0  rtexit2.o(.ARM.Collect$$rtexit$$00000004)
    Reset_Handler                            0x08000231   Thumb Code     8  startup_stm32f40_41xxx.o(.text)
    ADC_IRQHandler                           0x0800024b   Thumb Code     0  startup_stm32f40_41xxx.o(.text)
    CAN1_RX1_IRQHandler                      0x0800024b   Thumb Code     0  startup_stm32f40_41xxx.o(.text)
    CAN1_SCE_IRQHandler                      0x0800024b   Thumb Code     0  startup_stm32f40_41xxx.o(.text)
    CAN2_RX1_IRQHandler                      0x0800024b   Thumb Code     0  startup_stm32f40_41xxx.o(.text)
    CAN2_SCE_IRQHandler                      0x0800024b   Thumb Code     0  startup_stm32f40_41xxx.o(.text)
    CRYP_IRQHandler                          0x0800024b   Thumb Code     0  startup_stm32f40_41xxx.o(.text)
    DCMI_IRQHandler                          0x0800024b   Thumb Code     0  startup_stm32f40_41xxx.o(.text)
    DMA1_Stream0_IRQHandler                  0x0800024b   Thumb Code     0  startup_stm32f40_41xxx.o(.text)
    DMA1_Stream1_IRQHandler                  0x0800024b   Thumb Code     0  startup_stm32f40_41xxx.o(.text)
    DMA1_Stream2_IRQHandler                  0x0800024b   Thumb Code     0  startup_stm32f40_41xxx.o(.text)
    DMA1_Stream3_IRQHandler                  0x0800024b   Thumb Code     0  startup_stm32f40_41xxx.o(.text)
    DMA1_Stream4_IRQHandler                  0x0800024b   Thumb Code     0  startup_stm32f40_41xxx.o(.text)
    DMA1_Stream5_IRQHandler                  0x0800024b   Thumb Code     0  startup_stm32f40_41xxx.o(.text)
    DMA1_Stream6_IRQHandler                  0x0800024b   Thumb Code     0  startup_stm32f40_41xxx.o(.text)
    DMA1_Stream7_IRQHandler                  0x0800024b   Thumb Code     0  startup_stm32f40_41xxx.o(.text)
    DMA2_Stream0_IRQHandler                  0x0800024b   Thumb Code     0  startup_stm32f40_41xxx.o(.text)
    DMA2_Stream1_IRQHandler                  0x0800024b   Thumb Code     0  startup_stm32f40_41xxx.o(.text)
    DMA2_Stream2_IRQHandler                  0x0800024b   Thumb Code     0  startup_stm32f40_41xxx.o(.text)
    DMA2_Stream3_IRQHandler                  0x0800024b   Thumb Code     0  startup_stm32f40_41xxx.o(.text)
    DMA2_Stream4_IRQHandler                  0x0800024b   Thumb Code     0  startup_stm32f40_41xxx.o(.text)
    DMA2_Stream5_IRQHandler                  0x0800024b   Thumb Code     0  startup_stm32f40_41xxx.o(.text)
    DMA2_Stream6_IRQHandler                  0x0800024b   Thumb Code     0  startup_stm32f40_41xxx.o(.text)
    DMA2_Stream7_IRQHandler                  0x0800024b   Thumb Code     0  startup_stm32f40_41xxx.o(.text)
    ETH_IRQHandler                           0x0800024b   Thumb Code     0  startup_stm32f40_41xxx.o(.text)
    ETH_WKUP_IRQHandler                      0x0800024b   Thumb Code     0  startup_stm32f40_41xxx.o(.text)
    EXTI0_IRQHandler                         0x0800024b   Thumb Code     0  startup_stm32f40_41xxx.o(.text)
    EXTI15_10_IRQHandler                     0x0800024b   Thumb Code     0  startup_stm32f40_41xxx.o(.text)
    EXTI1_IRQHandler                         0x0800024b   Thumb Code     0  startup_stm32f40_41xxx.o(.text)
    EXTI2_IRQHandler                         0x0800024b   Thumb Code     0  startup_stm32f40_41xxx.o(.text)
    EXTI3_IRQHandler                         0x0800024b   Thumb Code     0  startup_stm32f40_41xxx.o(.text)
    EXTI4_IRQHandler                         0x0800024b   Thumb Code     0  startup_stm32f40_41xxx.o(.text)
    EXTI9_5_IRQHandler                       0x0800024b   Thumb Code     0  startup_stm32f40_41xxx.o(.text)
    FLASH_IRQHandler                         0x0800024b   Thumb Code     0  startup_stm32f40_41xxx.o(.text)
    FPU_IRQHandler                           0x0800024b   Thumb Code     0  startup_stm32f40_41xxx.o(.text)
    FSMC_IRQHandler                          0x0800024b   Thumb Code     0  startup_stm32f40_41xxx.o(.text)
    HASH_RNG_IRQHandler                      0x0800024b   Thumb Code     0  startup_stm32f40_41xxx.o(.text)
    I2C1_ER_IRQHandler                       0x0800024b   Thumb Code     0  startup_stm32f40_41xxx.o(.text)
    I2C1_EV_IRQHandler                       0x0800024b   Thumb Code     0  startup_stm32f40_41xxx.o(.text)
    I2C2_ER_IRQHandler                       0x0800024b   Thumb Code     0  startup_stm32f40_41xxx.o(.text)
    I2C2_EV_IRQHandler                       0x0800024b   Thumb Code     0  startup_stm32f40_41xxx.o(.text)
    I2C3_ER_IRQHandler                       0x0800024b   Thumb Code     0  startup_stm32f40_41xxx.o(.text)
    I2C3_EV_IRQHandler                       0x0800024b   Thumb Code     0  startup_stm32f40_41xxx.o(.text)
    OTG_FS_IRQHandler                        0x0800024b   Thumb Code     0  startup_stm32f40_41xxx.o(.text)
    OTG_FS_WKUP_IRQHandler                   0x0800024b   Thumb Code     0  startup_stm32f40_41xxx.o(.text)
    OTG_HS_EP1_IN_IRQHandler                 0x0800024b   Thumb Code     0  startup_stm32f40_41xxx.o(.text)
    OTG_HS_EP1_OUT_IRQHandler                0x0800024b   Thumb Code     0  startup_stm32f40_41xxx.o(.text)
    OTG_HS_IRQHandler                        0x0800024b   Thumb Code     0  startup_stm32f40_41xxx.o(.text)
    OTG_HS_WKUP_IRQHandler                   0x0800024b   Thumb Code     0  startup_stm32f40_41xxx.o(.text)
    PVD_IRQHandler                           0x0800024b   Thumb Code     0  startup_stm32f40_41xxx.o(.text)
    RCC_IRQHandler                           0x0800024b   Thumb Code     0  startup_stm32f40_41xxx.o(.text)
    RTC_Alarm_IRQHandler                     0x0800024b   Thumb Code     0  startup_stm32f40_41xxx.o(.text)
    RTC_WKUP_IRQHandler                      0x0800024b   Thumb Code     0  startup_stm32f40_41xxx.o(.text)
    SDIO_IRQHandler                          0x0800024b   Thumb Code     0  startup_stm32f40_41xxx.o(.text)
    SPI1_IRQHandler                          0x0800024b   Thumb Code     0  startup_stm32f40_41xxx.o(.text)
    SPI2_IRQHandler                          0x0800024b   Thumb Code     0  startup_stm32f40_41xxx.o(.text)
    SPI3_IRQHandler                          0x0800024b   Thumb Code     0  startup_stm32f40_41xxx.o(.text)
    TAMP_STAMP_IRQHandler                    0x0800024b   Thumb Code     0  startup_stm32f40_41xxx.o(.text)
    TIM1_BRK_TIM9_IRQHandler                 0x0800024b   Thumb Code     0  startup_stm32f40_41xxx.o(.text)
    TIM1_CC_IRQHandler                       0x0800024b   Thumb Code     0  startup_stm32f40_41xxx.o(.text)
    TIM1_TRG_COM_TIM11_IRQHandler            0x0800024b   Thumb Code     0  startup_stm32f40_41xxx.o(.text)
    TIM1_UP_TIM10_IRQHandler                 0x0800024b   Thumb Code     0  startup_stm32f40_41xxx.o(.text)
    TIM3_IRQHandler                          0x0800024b   Thumb Code     0  startup_stm32f40_41xxx.o(.text)
    TIM4_IRQHandler                          0x0800024b   Thumb Code     0  startup_stm32f40_41xxx.o(.text)
    TIM6_DAC_IRQHandler                      0x0800024b   Thumb Code     0  startup_stm32f40_41xxx.o(.text)
    TIM7_IRQHandler                          0x0800024b   Thumb Code     0  startup_stm32f40_41xxx.o(.text)
    TIM8_BRK_TIM12_IRQHandler                0x0800024b   Thumb Code     0  startup_stm32f40_41xxx.o(.text)
    TIM8_CC_IRQHandler                       0x0800024b   Thumb Code     0  startup_stm32f40_41xxx.o(.text)
    TIM8_TRG_COM_TIM14_IRQHandler            0x0800024b   Thumb Code     0  startup_stm32f40_41xxx.o(.text)
    TIM8_UP_TIM13_IRQHandler                 0x0800024b   Thumb Code     0  startup_stm32f40_41xxx.o(.text)
    UART4_IRQHandler                         0x0800024b   Thumb Code     0  startup_stm32f40_41xxx.o(.text)
    UART5_IRQHandler                         0x0800024b   Thumb Code     0  startup_stm32f40_41xxx.o(.text)
    USART6_IRQHandler                        0x0800024b   Thumb Code     0  startup_stm32f40_41xxx.o(.text)
    WWDG_IRQHandler                          0x0800024b   Thumb Code     0  startup_stm32f40_41xxx.o(.text)
    __user_initial_stackheap                 0x0800024d   Thumb Code     0  startup_stm32f40_41xxx.o(.text)
    arm_cos_f32                              0x08000271   Thumb Code   194  arm_cos_f32.o(.text)
    arm_sin_f32                              0x08000349   Thumb Code   194  arm_sin_f32.o(.text)
    __2sprintf                               0x08000421   Thumb Code    34  noretval__2sprintf.o(.text)
    __printf                                 0x08000449   Thumb Code   104  __printf.o(.text)
    _printf_int_dec                          0x080004b1   Thumb Code   104  _printf_dec.o(.text)
    __use_two_region_memory                  0x08000529   Thumb Code     2  heapauxi.o(.text)
    __rt_heap_escrow$2region                 0x0800052b   Thumb Code     2  heapauxi.o(.text)
    __rt_heap_expand$2region                 0x0800052d   Thumb Code     2  heapauxi.o(.text)
    _printf_int_common                       0x0800052f   Thumb Code   178  _printf_intcommon.o(.text)
    _printf_char_common                      0x080005eb   Thumb Code    32  _printf_char_common.o(.text)
    _sputc                                   0x08000611   Thumb Code    10  _sputc.o(.text)
    __user_libspace                          0x0800061d   Thumb Code     8  libspace.o(.text)
    __user_perproc_libspace                  0x0800061d   Thumb Code     0  libspace.o(.text)
    __user_perthread_libspace                0x0800061d   Thumb Code     0  libspace.o(.text)
    __user_setup_stackheap                   0x08000625   Thumb Code    74  sys_stackheap_outer.o(.text)
    exit                                     0x0800066f   Thumb Code    18  exit.o(.text)
    _sys_exit                                0x08000681   Thumb Code     8  sys_exit.o(.text)
    __I$use$semihosting                      0x0800068d   Thumb Code     0  use_no_semi.o(.text)
    __use_no_semihosting_swi                 0x0800068d   Thumb Code     2  use_no_semi.o(.text)
    __semihosting_library_function           0x0800068f   Thumb Code     0  indicate_semi.o(.text)
    AutoStatus_Send_Task                     0x08000691   Thumb Code    50  task.o(i.AutoStatus_Send_Task)
    BSP_Beep_Init                            0x080006cd   Thumb Code    48  bsp_io.o(i.BSP_Beep_Init)
    BSP_CAN_Init                             0x08000701   Thumb Code    42  bsp_can.o(i.BSP_CAN_Init)
    BSP_DMA_USART2RX_Init                    0x0800073d   Thumb Code   134  bsp_dma.o(i.BSP_DMA_USART2RX_Init)
    BSP_IO_Init                              0x080007d1   Thumb Code    14  bsp_io.o(i.BSP_IO_Init)
    BSP_Init                                 0x080007df   Thumb Code    50  bsp_main.o(i.BSP_Init)
    BSP_LED_Init                             0x08000811   Thumb Code    98  bsp_io.o(i.BSP_LED_Init)
    BSP_Serial1_Init                         0x08000879   Thumb Code   174  bsp_serial.o(i.BSP_Serial1_Init)
    BSP_Serial2_Init                         0x08000931   Thumb Code   190  bsp_serial.o(i.BSP_Serial2_Init)
    BSP_Serial3_Init                         0x080009fd   Thumb Code   174  bsp_serial.o(i.BSP_Serial3_Init)
    BSP_Serial6_Init                         0x08000ab5   Thumb Code   174  bsp_serial.o(i.BSP_Serial6_Init)
    BSP_Serial_Init                          0x08000b6d   Thumb Code    22  bsp_serial.o(i.BSP_Serial_Init)
    BSP_SystickInit                          0x08000b85   Thumb Code    28  bsp_systick.o(i.BSP_SystickInit)
    BSP_TIM2_Init                            0x08000ba5   Thumb Code    72  bsp_timer.o(i.BSP_TIM2_Init)
    BSP_TIM5_Init                            0x08000bed   Thumb Code    80  bsp_timer.o(i.BSP_TIM5_Init)
    BSP_Timer_Init                           0x08000c41   Thumb Code    22  bsp_timer.o(i.BSP_Timer_Init)
    Beep_Off                                 0x08000c59   Thumb Code     8  bsp_io.o(i.Beep_Off)
    Beep_On                                  0x08000c65   Thumb Code     8  bsp_io.o(i.Beep_On)
    BusFault_Handler                         0x08000c71   Thumb Code     2  stm32f4xx_it.o(i.BusFault_Handler)
    C620_GetFeedbackInfo                     0x08000c75   Thumb Code   100  c620.o(i.C620_GetFeedbackInfo)
    CAN1_RX0_IRQHandler                      0x08000cdd   Thumb Code    54  stm32f4xx_it.o(i.CAN1_RX0_IRQHandler)
    CAN1_TX_IRQHandler                       0x08000d19   Thumb Code    30  stm32f4xx_it.o(i.CAN1_TX_IRQHandler)
    CAN2_RX0_IRQHandler                      0x08000d3d   Thumb Code     2  stm32f4xx_it.o(i.CAN2_RX0_IRQHandler)
    CAN2_TX_IRQHandler                       0x08000d3f   Thumb Code     2  stm32f4xx_it.o(i.CAN2_TX_IRQHandler)
    CAN_ClearFlag                            0x08000d41   Thumb Code    44  stm32f4xx_can.o(i.CAN_ClearFlag)
    CAN_ClearITPendingBit                    0x08000d71   Thumb Code   116  stm32f4xx_can.o(i.CAN_ClearITPendingBit)
    CAN_Config                               0x08000de9   Thumb Code   488  bsp_can.o(i.CAN_Config)
    CAN_DeInit                               0x08000fd9   Thumb Code    38  stm32f4xx_can.o(i.CAN_DeInit)
    CAN_FilterInit                           0x08001005   Thumb Code   194  stm32f4xx_can.o(i.CAN_FilterInit)
    CAN_GetITStatus                          0x080010d1   Thumb Code   162  stm32f4xx_can.o(i.CAN_GetITStatus)
    CAN_ITConfig                             0x08001179   Thumb Code    16  stm32f4xx_can.o(i.CAN_ITConfig)
    CAN_Init                                 0x08001189   Thumb Code   232  stm32f4xx_can.o(i.CAN_Init)
    CAN_Receive                              0x08001271   Thumb Code   142  stm32f4xx_can.o(i.CAN_Receive)
    CAN_Transmit                             0x080012ff   Thumb Code   164  stm32f4xx_can.o(i.CAN_Transmit)
    CalcWheelSpeed                           0x080013a5   Thumb Code    76  chassis.o(i.CalcWheelSpeed)
    Config_Task                              0x08001409   Thumb Code    60  task.o(i.Config_Task)
    DJI_DT7_SerialIsr                        0x08001445   Thumb Code   160  bsp_dt7.o(i.DJI_DT7_SerialIsr)
    DMA_Cmd                                  0x080014f5   Thumb Code    20  stm32f4xx_dma.o(i.DMA_Cmd)
    DMA_DeInit                               0x08001509   Thumb Code   272  stm32f4xx_dma.o(i.DMA_DeInit)
    DMA_DoubleBufferModeCmd                  0x0800162d   Thumb Code    20  stm32f4xx_dma.o(i.DMA_DoubleBufferModeCmd)
    DMA_DoubleBufferModeConfig               0x08001641   Thumb Code    22  stm32f4xx_dma.o(i.DMA_DoubleBufferModeConfig)
    DMA_GetCmdStatus                         0x08001657   Thumb Code    14  stm32f4xx_dma.o(i.DMA_GetCmdStatus)
    DMA_GetCurrDataCounter                   0x08001665   Thumb Code     6  stm32f4xx_dma.o(i.DMA_GetCurrDataCounter)
    DMA_GetCurrentMemoryTarget               0x0800166b   Thumb Code    14  stm32f4xx_dma.o(i.DMA_GetCurrentMemoryTarget)
    DMA_Init                                 0x08001679   Thumb Code    80  stm32f4xx_dma.o(i.DMA_Init)
    DebugMon_Handler                         0x080016cd   Thumb Code     2  stm32f4xx_it.o(i.DebugMon_Handler)
    Delay_ms                                 0x080016cf   Thumb Code    48  bsp_systick.o(i.Delay_ms)
    Delay_xms                                0x08001701   Thumb Code    46  bsp_systick.o(i.Delay_xms)
    DisableCrl                               0x08001735   Thumb Code    54  c620.o(i.DisableCrl)
    GPIO_Init                                0x08001775   Thumb Code   120  stm32f4xx_gpio.o(i.GPIO_Init)
    GPIO_PinAFConfig                         0x080017ed   Thumb Code    32  stm32f4xx_gpio.o(i.GPIO_PinAFConfig)
    GPIO_ResetBits                           0x0800180d   Thumb Code     4  stm32f4xx_gpio.o(i.GPIO_ResetBits)
    GPIO_SetBits                             0x08001811   Thumb Code     4  stm32f4xx_gpio.o(i.GPIO_SetBits)
    GPIO_ToggleBits                          0x08001815   Thumb Code     8  stm32f4xx_gpio.o(i.GPIO_ToggleBits)
    GetAngle                                 0x0800181d   Thumb Code    16  pps.o(i.GetAngle)
    HardFault_Handler                        0x08001831   Thumb Code     2  stm32f4xx_it.o(i.HardFault_Handler)
    LED0_Off                                 0x08001835   Thumb Code     8  bsp_io.o(i.LED0_Off)
    LED1_Off                                 0x08001841   Thumb Code     8  bsp_io.o(i.LED1_Off)
    LED1_Toggle                              0x0800184d   Thumb Code     8  bsp_io.o(i.LED1_Toggle)
    LED2_Off                                 0x08001859   Thumb Code     8  bsp_io.o(i.LED2_Off)
    LED2_Toggle                              0x08001865   Thumb Code     8  bsp_io.o(i.LED2_Toggle)
    LED3_Off                                 0x08001871   Thumb Code     8  bsp_io.o(i.LED3_Off)
    LocatorInit                              0x0800187d   Thumb Code    50  pps.o(i.LocatorInit)
    Locator_SerialIsr                        0x080018bd   Thumb Code   180  pps.o(i.Locator_SerialIsr)
    LostForceStatus_Send_Task                0x0800197d   Thumb Code    50  task.o(i.LostForceStatus_Send_Task)
    MemManage_Handler                        0x080019b9   Thumb Code     2  stm32f4xx_it.o(i.MemManage_Handler)
    Motor_Init                               0x080019bd   Thumb Code   126  c620.o(i.Motor_Init)
    Motor_SetControlMode                     0x08001a41   Thumb Code    40  c620.o(i.Motor_SetControlMode)
    Motor_SetVelocity                        0x08001a6d   Thumb Code    40  c620.o(i.Motor_SetVelocity)
    Motor_SetVelocityPIDRatio                0x08001a99   Thumb Code    74  c620.o(i.Motor_SetVelocityPIDRatio)
    NMI_Handler                              0x08001af9   Thumb Code     2  stm32f4xx_it.o(i.NMI_Handler)
    NVIC_Init                                0x08001afd   Thumb Code    96  misc.o(i.NVIC_Init)
    NVIC_PriorityGroupConfig                 0x08001b61   Thumb Code    10  misc.o(i.NVIC_PriorityGroupConfig)
    OutputVel2Wheel_FixedC                   0x08001b75   Thumb Code   178  chassis.o(i.OutputVel2Wheel_FixedC)
    OutputVel2Wheel_RigidC                   0x08001c3d   Thumb Code   138  chassis.o(i.OutputVel2Wheel_RigidC)
    PID_Increment_Calc                       0x08001cdd   Thumb Code   136  pid.o(i.PID_Increment_Calc)
    PendSV_Handler                           0x08001d69   Thumb Code     2  stm32f4xx_it.o(i.PendSV_Handler)
    RCC_AHB1PeriphClockCmd                   0x08001d6d   Thumb Code    18  stm32f4xx_rcc.o(i.RCC_AHB1PeriphClockCmd)
    RCC_APB1PeriphClockCmd                   0x08001d85   Thumb Code    18  stm32f4xx_rcc.o(i.RCC_APB1PeriphClockCmd)
    RCC_APB1PeriphResetCmd                   0x08001d9d   Thumb Code    18  stm32f4xx_rcc.o(i.RCC_APB1PeriphResetCmd)
    RCC_APB2PeriphClockCmd                   0x08001db5   Thumb Code    18  stm32f4xx_rcc.o(i.RCC_APB2PeriphClockCmd)
    RCC_APB2PeriphResetCmd                   0x08001dcd   Thumb Code    18  stm32f4xx_rcc.o(i.RCC_APB2PeriphResetCmd)
    RCC_GetClocksFreq                        0x08001de5   Thumb Code   132  stm32f4xx_rcc.o(i.RCC_GetClocksFreq)
    RemoteStatus_Send_Task                   0x08001edd   Thumb Code    68  task.o(i.RemoteStatus_Send_Task)
    Remote_GetChanalValue                    0x08001f39   Thumb Code    70  bsp_dt7.o(i.Remote_GetChanalValue)
    ReturnLimitAngle                         0x08001f89   Thumb Code    62  algorithm.o(i.ReturnLimitAngle)
    SVC_Handler                              0x08001fd9   Thumb Code     2  stm32f4xx_it.o(i.SVC_Handler)
    SendCmd2Driver                           0x08001fdd   Thumb Code   106  chassis.o(i.SendCmd2Driver)
    Serial_SendByte                          0x08002051   Thumb Code    30  bsp_serial.o(i.Serial_SendByte)
    Serial_SendString                        0x0800206f   Thumb Code    28  bsp_serial.o(i.Serial_SendString)
    SetJoggingVel                            0x0800208d   Thumb Code   152  c620.o(i.SetJoggingVel)
    SysTick_CLKSourceConfig                  0x080021e1   Thumb Code    24  misc.o(i.SysTick_CLKSourceConfig)
    SysTick_Handler                          0x080021f9   Thumb Code     2  stm32f4xx_it.o(i.SysTick_Handler)
    SystemInit                               0x080021fd   Thumb Code    74  system_stm32f4xx.o(i.SystemInit)
    TIM2_5ms_Task                            0x08002259   Thumb Code    34  task.o(i.TIM2_5ms_Task)
    TIM2_IRQHandler                          0x08002281   Thumb Code    76  stm32f4xx_it.o(i.TIM2_IRQHandler)
    TIM2_Start                               0x080022dd   Thumb Code    26  bsp_timer.o(i.TIM2_Start)
    TIM5_10ms_Task                           0x080022f9   Thumb Code    34  task.o(i.TIM5_10ms_Task)
    TIM5_IRQHandler                          0x08002321   Thumb Code    42  stm32f4xx_it.o(i.TIM5_IRQHandler)
    TIM5_Start                               0x08002351   Thumb Code    26  bsp_timer.o(i.TIM5_Start)
    TIM_ARRPreloadConfig                     0x08002371   Thumb Code    20  stm32f4xx_tim.o(i.TIM_ARRPreloadConfig)
    TIM_ClearFlag                            0x08002385   Thumb Code     6  stm32f4xx_tim.o(i.TIM_ClearFlag)
    TIM_ClearITPendingBit                    0x0800238b   Thumb Code     6  stm32f4xx_tim.o(i.TIM_ClearITPendingBit)
    TIM_Cmd                                  0x08002391   Thumb Code    20  stm32f4xx_tim.o(i.TIM_Cmd)
    TIM_GetITStatus                          0x080023a5   Thumb Code    24  stm32f4xx_tim.o(i.TIM_GetITStatus)
    TIM_ITConfig                             0x080023bd   Thumb Code    16  stm32f4xx_tim.o(i.TIM_ITConfig)
    TIM_TimeBaseInit                         0x080023cd   Thumb Code    96  stm32f4xx_tim.o(i.TIM_TimeBaseInit)
    Task_GetChassisStatus                    0x08002449   Thumb Code    66  task.o(i.Task_GetChassisStatus)
    Task_OutputVel2Wheel                     0x08002495   Thumb Code    58  task.o(i.Task_OutputVel2Wheel)
    Task_RemoteControl                       0x080024d9   Thumb Code   266  task.o(i.Task_RemoteControl)
    Transform2ChassisCoordinate              0x08002609   Thumb Code    74  chassis.o(i.Transform2ChassisCoordinate)
    USART1_IRQHandler                        0x08002661   Thumb Code     4  stm32f4xx_it.o(i.USART1_IRQHandler)
    USART2_IRQHandler                        0x08002665   Thumb Code     4  stm32f4xx_it.o(i.USART2_IRQHandler)
    USART3_IRQHandler                        0x08002669   Thumb Code     4  stm32f4xx_it.o(i.USART3_IRQHandler)
    USART_ClearITPendingBit                  0x0800266d   Thumb Code    12  stm32f4xx_usart.o(i.USART_ClearITPendingBit)
    USART_Cmd                                0x08002679   Thumb Code    20  stm32f4xx_usart.o(i.USART_Cmd)
    USART_DMACmd                             0x0800268d   Thumb Code    16  stm32f4xx_usart.o(i.USART_DMACmd)
    USART_DeInit                             0x0800269d   Thumb Code   138  stm32f4xx_usart.o(i.USART_DeInit)
    USART_GetFlagStatus                      0x08002749   Thumb Code    14  stm32f4xx_usart.o(i.USART_GetFlagStatus)
    USART_GetITStatus                        0x08002757   Thumb Code    62  stm32f4xx_usart.o(i.USART_GetITStatus)
    USART_ITConfig                           0x08002795   Thumb Code    48  stm32f4xx_usart.o(i.USART_ITConfig)
    USART_Init                               0x080027c5   Thumb Code   164  stm32f4xx_usart.o(i.USART_Init)
    USART_ReceiveData                        0x08002871   Thumb Code     8  stm32f4xx_usart.o(i.USART_ReceiveData)
    USART_SendData                           0x08002879   Thumb Code     8  stm32f4xx_usart.o(i.USART_SendData)
    UsageFault_Handler                       0x08002881   Thumb Code     2  stm32f4xx_it.o(i.UsageFault_Handler)
    ValueInRange_u                           0x08002883   Thumb Code    16  algorithm.o(i.ValueInRange_u)
    Vel2RotateVel                            0x08002895   Thumb Code    34  chassis.o(i.Vel2RotateVel)
    VelCrl                                   0x080028c5   Thumb Code   130  c620.o(i.VelCrl)
    __ARM_fpclassifyf                        0x08002951   Thumb Code    38  fpclassifyf.o(i.__ARM_fpclassifyf)
    __hardfp_atan2f                          0x08002979   Thumb Code   502  atan2f.o(i.__hardfp_atan2f)
    __mathlib_flt_infnan2                    0x08002bc9   Thumb Code     6  funder.o(i.__mathlib_flt_infnan2)
    __mathlib_flt_underflow                  0x08002bd1   Thumb Code    10  funder.o(i.__mathlib_flt_underflow)
    absLimit                                 0x08002be1   Thumb Code    42  algorithm.o(i.absLimit)
    main                                     0x08002c35   Thumb Code    92  main.o(i.main)
    _fp_init                                 0x08002cc9   Thumb Code    10  fpinit.o(x$fpl$fpinit)
    __fplib_config_fpu_vfp                   0x08002cd1   Thumb Code     0  fpinit.o(x$fpl$fpinit)
    __fplib_config_pureend_doubles           0x08002cd1   Thumb Code     0  fpinit.o(x$fpl$fpinit)
    __I$use$fp                               0x08002cd2   Number         0  usenofp.o(x$fpl$usenofp)
    Region$$Table$$Base                      0x080034f0   Number         0  anon$$obj.o(Region$$Table)
    Region$$Table$$Limit                     0x08003510   Number         0  anon$$obj.o(Region$$Table)
    g_Print_FinishFlag                       0x20000028   Data           1  main.o(.data)
    LocatorUpdated                           0x20000034   Data           1  pps.o(.data)
    TxIndex                                  0x20000035   Data           1  pps.o(.data)
    MsgLength                                0x20000036   Data           1  pps.o(.data)
    TxMsg                                    0x2000005c   Data          16  pps.o(.data)
    RemoteStatus                             0x2000006c   Data           1  task.o(.data)
    ChassisStatus                            0x2000006d   Data           1  task.o(.data)
    RockerValue_LX                           0x20000070   Data           4  task.o(.data)
    RockerValue_RX                           0x20000074   Data           4  task.o(.data)
    RockerValue_RY                           0x20000078   Data           4  task.o(.data)
    Vel_Vector                               0x2000007c   Data           4  task.o(.data)
    Vel_ControlValue                         0x20000080   Data           4  task.o(.data)
    finalVel                                 0x2000008c   Data           8  task.o(.data)
    gChassis                                 0x200000a8   Data          36  chassis.o(.bss)
    g_Display_usart                          0x200000cc   Data         500  main.o(.bss)
    C620                                     0x200002c0   Data          96  c620.o(.bss)
    PID_C620_Position                        0x20000348   Data         208  c620.o(.bss)
    PID_C620_Velocity                        0x20000418   Data         224  c620.o(.bss)
    LocatorInfo                              0x200004f8   Data          24  pps.o(.bss)
    ppsReturn                                0x20000510   Data          24  pps.o(.bss)
    sbus_rx_buffer                           0x20000540   Data          36  bsp_dt7.o(.bss)
    Remote_Value                             0x20000578   Data          12  bsp_dt7.o(.bss)
    __libspace_start                         0x20000584   Data          96  libspace.o(.bss)
    __temporary_stack_top$libspace           0x200005e4   Data           0  libspace.o(.bss)



==============================================================================

Memory Map of the image

  Image Entry point : 0x08000189

  Load Region LR_IROM1 (Base: 0x08000000, Size: 0x000035b8, Max: 0x00100000, ABSOLUTE)

    Execution Region ER_IROM1 (Exec base: 0x08000000, Load base: 0x08000000, Size: 0x00003510, Max: 0x00100000, ABSOLUTE)

    Exec Addr    Load Addr    Size         Type   Attr      Idx    E Section Name        Object

    0x08000000   0x08000000   0x00000188   Data   RO         1258    RESET               startup_stm32f40_41xxx.o
    0x08000188   0x08000188   0x00000008   Code   RO         3799  * !!!main             c_w.l(__main.o)
    0x08000190   0x08000190   0x00000034   Code   RO         4100    !!!scatter          c_w.l(__scatter.o)
    0x080001c4   0x080001c4   0x0000001a   Code   RO         4102    !!handler_copy      c_w.l(__scatter_copy.o)
    0x080001de   0x080001de   0x00000002   PAD
    0x080001e0   0x080001e0   0x0000001c   Code   RO         4104    !!handler_zi        c_w.l(__scatter_zi.o)
    0x080001fc   0x080001fc   0x00000000   Code   RO         3796    .ARM.Collect$$_printf_percent$$00000000  c_w.l(_printf_percent.o)
    0x080001fc   0x080001fc   0x00000006   Code   RO         3795    .ARM.Collect$$_printf_percent$$00000009  c_w.l(_printf_d.o)
    0x08000202   0x08000202   0x00000004   Code   RO         3862    .ARM.Collect$$_printf_percent$$00000017  c_w.l(_printf_percent_end.o)
    0x08000206   0x08000206   0x00000002   Code   RO         3969    .ARM.Collect$$libinit$$00000000  c_w.l(libinit.o)
    0x08000208   0x08000208   0x00000004   Code   RO         3974    .ARM.Collect$$libinit$$00000001  c_w.l(libinit2.o)
    0x0800020c   0x0800020c   0x00000000   Code   RO         3977    .ARM.Collect$$libinit$$00000004  c_w.l(libinit2.o)
    0x0800020c   0x0800020c   0x00000000   Code   RO         3980    .ARM.Collect$$libinit$$0000000A  c_w.l(libinit2.o)
    0x0800020c   0x0800020c   0x00000000   Code   RO         3982    .ARM.Collect$$libinit$$0000000C  c_w.l(libinit2.o)
    0x0800020c   0x0800020c   0x00000000   Code   RO         3984    .ARM.Collect$$libinit$$0000000E  c_w.l(libinit2.o)
    0x0800020c   0x0800020c   0x00000000   Code   RO         3987    .ARM.Collect$$libinit$$00000011  c_w.l(libinit2.o)
    0x0800020c   0x0800020c   0x00000000   Code   RO         3989    .ARM.Collect$$libinit$$00000013  c_w.l(libinit2.o)
    0x0800020c   0x0800020c   0x00000000   Code   RO         3991    .ARM.Collect$$libinit$$00000015  c_w.l(libinit2.o)
    0x0800020c   0x0800020c   0x00000000   Code   RO         3993    .ARM.Collect$$libinit$$00000017  c_w.l(libinit2.o)
    0x0800020c   0x0800020c   0x00000000   Code   RO         3995    .ARM.Collect$$libinit$$00000019  c_w.l(libinit2.o)
    0x0800020c   0x0800020c   0x00000000   Code   RO         3997    .ARM.Collect$$libinit$$0000001B  c_w.l(libinit2.o)
    0x0800020c   0x0800020c   0x00000000   Code   RO         3999    .ARM.Collect$$libinit$$0000001D  c_w.l(libinit2.o)
    0x0800020c   0x0800020c   0x00000000   Code   RO         4001    .ARM.Collect$$libinit$$0000001F  c_w.l(libinit2.o)
    0x0800020c   0x0800020c   0x00000000   Code   RO         4003    .ARM.Collect$$libinit$$00000021  c_w.l(libinit2.o)
    0x0800020c   0x0800020c   0x00000000   Code   RO         4005    .ARM.Collect$$libinit$$00000023  c_w.l(libinit2.o)
    0x0800020c   0x0800020c   0x00000000   Code   RO         4007    .ARM.Collect$$libinit$$00000025  c_w.l(libinit2.o)
    0x0800020c   0x0800020c   0x00000000   Code   RO         4011    .ARM.Collect$$libinit$$0000002C  c_w.l(libinit2.o)
    0x0800020c   0x0800020c   0x00000000   Code   RO         4013    .ARM.Collect$$libinit$$0000002E  c_w.l(libinit2.o)
    0x0800020c   0x0800020c   0x00000000   Code   RO         4015    .ARM.Collect$$libinit$$00000030  c_w.l(libinit2.o)
    0x0800020c   0x0800020c   0x00000000   Code   RO         4017    .ARM.Collect$$libinit$$00000032  c_w.l(libinit2.o)
    0x0800020c   0x0800020c   0x00000002   Code   RO         4018    .ARM.Collect$$libinit$$00000033  c_w.l(libinit2.o)
    0x0800020e   0x0800020e   0x00000002   Code   RO         4040    .ARM.Collect$$libshutdown$$00000000  c_w.l(libshutdown.o)
    0x08000210   0x08000210   0x00000000   Code   RO         4053    .ARM.Collect$$libshutdown$$00000002  c_w.l(libshutdown2.o)
    0x08000210   0x08000210   0x00000000   Code   RO         4055    .ARM.Collect$$libshutdown$$00000004  c_w.l(libshutdown2.o)
    0x08000210   0x08000210   0x00000000   Code   RO         4058    .ARM.Collect$$libshutdown$$00000007  c_w.l(libshutdown2.o)
    0x08000210   0x08000210   0x00000000   Code   RO         4061    .ARM.Collect$$libshutdown$$0000000A  c_w.l(libshutdown2.o)
    0x08000210   0x08000210   0x00000000   Code   RO         4063    .ARM.Collect$$libshutdown$$0000000C  c_w.l(libshutdown2.o)
    0x08000210   0x08000210   0x00000000   Code   RO         4066    .ARM.Collect$$libshutdown$$0000000F  c_w.l(libshutdown2.o)
    0x08000210   0x08000210   0x00000002   Code   RO         4067    .ARM.Collect$$libshutdown$$00000010  c_w.l(libshutdown2.o)
    0x08000212   0x08000212   0x00000000   Code   RO         3853    .ARM.Collect$$rtentry$$00000000  c_w.l(__rtentry.o)
    0x08000212   0x08000212   0x00000000   Code   RO         3934    .ARM.Collect$$rtentry$$00000002  c_w.l(__rtentry2.o)
    0x08000212   0x08000212   0x00000006   Code   RO         3946    .ARM.Collect$$rtentry$$00000004  c_w.l(__rtentry4.o)
    0x08000218   0x08000218   0x00000000   Code   RO         3936    .ARM.Collect$$rtentry$$00000009  c_w.l(__rtentry2.o)
    0x08000218   0x08000218   0x00000004   Code   RO         3937    .ARM.Collect$$rtentry$$0000000A  c_w.l(__rtentry2.o)
    0x0800021c   0x0800021c   0x00000000   Code   RO         3939    .ARM.Collect$$rtentry$$0000000C  c_w.l(__rtentry2.o)
    0x0800021c   0x0800021c   0x00000008   Code   RO         3940    .ARM.Collect$$rtentry$$0000000D  c_w.l(__rtentry2.o)
    0x08000224   0x08000224   0x00000002   Code   RO         3972    .ARM.Collect$$rtexit$$00000000  c_w.l(rtexit.o)
    0x08000226   0x08000226   0x00000000   Code   RO         4022    .ARM.Collect$$rtexit$$00000002  c_w.l(rtexit2.o)
    0x08000226   0x08000226   0x00000004   Code   RO         4023    .ARM.Collect$$rtexit$$00000003  c_w.l(rtexit2.o)
    0x0800022a   0x0800022a   0x00000006   Code   RO         4024    .ARM.Collect$$rtexit$$00000004  c_w.l(rtexit2.o)
    0x08000230   0x08000230   0x00000040   Code   RO         1259    .text               startup_stm32f40_41xxx.o
    0x08000270   0x08000270   0x000000d8   Code   RO         3698    .text               arm_cortexM4lf_math.lib(arm_cos_f32.o)
    0x08000348   0x08000348   0x000000d8   Code   RO         3745    .text               arm_cortexM4lf_math.lib(arm_sin_f32.o)
    0x08000420   0x08000420   0x00000028   Code   RO         3769    .text               c_w.l(noretval__2sprintf.o)
    0x08000448   0x08000448   0x00000068   Code   RO         3771    .text               c_w.l(__printf.o)
    0x080004b0   0x080004b0   0x00000078   Code   RO         3773    .text               c_w.l(_printf_dec.o)
    0x08000528   0x08000528   0x00000006   Code   RO         3797    .text               c_w.l(heapauxi.o)
    0x0800052e   0x0800052e   0x000000b2   Code   RO         3856    .text               c_w.l(_printf_intcommon.o)
    0x080005e0   0x080005e0   0x00000030   Code   RO         3858    .text               c_w.l(_printf_char_common.o)
    0x08000610   0x08000610   0x0000000a   Code   RO         3860    .text               c_w.l(_sputc.o)
    0x0800061a   0x0800061a   0x00000002   PAD
    0x0800061c   0x0800061c   0x00000008   Code   RO         3957    .text               c_w.l(libspace.o)
    0x08000624   0x08000624   0x0000004a   Code   RO         3960    .text               c_w.l(sys_stackheap_outer.o)
    0x0800066e   0x0800066e   0x00000012   Code   RO         3962    .text               c_w.l(exit.o)
    0x08000680   0x08000680   0x0000000c   Code   RO         4032    .text               c_w.l(sys_exit.o)
    0x0800068c   0x0800068c   0x00000002   Code   RO         4043    .text               c_w.l(use_no_semi.o)
    0x0800068e   0x0800068e   0x00000000   Code   RO         4045    .text               c_w.l(indicate_semi.o)
    0x0800068e   0x0800068e   0x00000002   PAD
    0x08000690   0x08000690   0x0000003c   Code   RO         1053    i.AutoStatus_Send_Task  task.o
    0x080006cc   0x080006cc   0x00000034   Code   RO          191    i.BSP_Beep_Init     bsp_io.o
    0x08000700   0x08000700   0x0000003c   Code   RO          303    i.BSP_CAN_Init      bsp_can.o
    0x0800073c   0x0800073c   0x00000094   Code   RO          434    i.BSP_DMA_USART2RX_Init  bsp_dma.o
    0x080007d0   0x080007d0   0x0000000e   Code   RO          192    i.BSP_IO_Init       bsp_io.o
    0x080007de   0x080007de   0x00000032   Code   RO            3    i.BSP_Init          bsp_main.o
    0x08000810   0x08000810   0x00000068   Code   RO          193    i.BSP_LED_Init      bsp_io.o
    0x08000878   0x08000878   0x000000b8   Code   RO          329    i.BSP_Serial1_Init  bsp_serial.o
    0x08000930   0x08000930   0x000000cc   Code   RO          330    i.BSP_Serial2_Init  bsp_serial.o
    0x080009fc   0x080009fc   0x000000b8   Code   RO          331    i.BSP_Serial3_Init  bsp_serial.o
    0x08000ab4   0x08000ab4   0x000000b8   Code   RO          332    i.BSP_Serial6_Init  bsp_serial.o
    0x08000b6c   0x08000b6c   0x00000016   Code   RO          333    i.BSP_Serial_Init   bsp_serial.o
    0x08000b82   0x08000b82   0x00000002   PAD
    0x08000b84   0x08000b84   0x00000020   Code   RO          151    i.BSP_SystickInit   bsp_systick.o
    0x08000ba4   0x08000ba4   0x00000048   Code   RO          391    i.BSP_TIM2_Init     bsp_timer.o
    0x08000bec   0x08000bec   0x00000054   Code   RO          392    i.BSP_TIM5_Init     bsp_timer.o
    0x08000c40   0x08000c40   0x00000016   Code   RO          393    i.BSP_Timer_Init    bsp_timer.o
    0x08000c56   0x08000c56   0x00000002   PAD
    0x08000c58   0x08000c58   0x0000000c   Code   RO          194    i.Beep_Off          bsp_io.o
    0x08000c64   0x08000c64   0x0000000c   Code   RO          195    i.Beep_On           bsp_io.o
    0x08000c70   0x08000c70   0x00000002   Code   RO          730    i.BusFault_Handler  stm32f4xx_it.o
    0x08000c72   0x08000c72   0x00000002   PAD
    0x08000c74   0x08000c74   0x00000068   Code   RO          861    i.C620_GetFeedbackInfo  c620.o
    0x08000cdc   0x08000cdc   0x0000003c   Code   RO          731    i.CAN1_RX0_IRQHandler  stm32f4xx_it.o
    0x08000d18   0x08000d18   0x00000024   Code   RO          732    i.CAN1_TX_IRQHandler  stm32f4xx_it.o
    0x08000d3c   0x08000d3c   0x00000002   Code   RO          733    i.CAN2_RX0_IRQHandler  stm32f4xx_it.o
    0x08000d3e   0x08000d3e   0x00000002   Code   RO          734    i.CAN2_TX_IRQHandler  stm32f4xx_it.o
    0x08000d40   0x08000d40   0x00000030   Code   RO         1310    i.CAN_ClearFlag     stm32f4xx_can.o
    0x08000d70   0x08000d70   0x00000078   Code   RO         1311    i.CAN_ClearITPendingBit  stm32f4xx_can.o
    0x08000de8   0x08000de8   0x000001f0   Code   RO          304    i.CAN_Config        bsp_can.o
    0x08000fd8   0x08000fd8   0x0000002c   Code   RO         1313    i.CAN_DeInit        stm32f4xx_can.o
    0x08001004   0x08001004   0x000000cc   Code   RO         1315    i.CAN_FilterInit    stm32f4xx_can.o
    0x080010d0   0x080010d0   0x000000a8   Code   RO         1317    i.CAN_GetITStatus   stm32f4xx_can.o
    0x08001178   0x08001178   0x00000010   Code   RO         1321    i.CAN_ITConfig      stm32f4xx_can.o
    0x08001188   0x08001188   0x000000e8   Code   RO         1322    i.CAN_Init          stm32f4xx_can.o
    0x08001270   0x08001270   0x0000008e   Code   RO         1325    i.CAN_Receive       stm32f4xx_can.o
    0x080012fe   0x080012fe   0x000000a4   Code   RO         1330    i.CAN_Transmit      stm32f4xx_can.o
    0x080013a2   0x080013a2   0x00000002   PAD
    0x080013a4   0x080013a4   0x00000058   Code   RO          620    i.CalcWheelSpeed    chassis.o
    0x080013fc   0x080013fc   0x0000000c   Code   RO         1333    i.CheckITStatus     stm32f4xx_can.o
    0x08001408   0x08001408   0x0000003c   Code   RO         1054    i.Config_Task       task.o
    0x08001444   0x08001444   0x000000b0   Code   RO         1142    i.DJI_DT7_SerialIsr  bsp_dt7.o
    0x080014f4   0x080014f4   0x00000014   Code   RO         3572    i.DMA_Cmd           stm32f4xx_dma.o
    0x08001508   0x08001508   0x00000124   Code   RO         3573    i.DMA_DeInit        stm32f4xx_dma.o
    0x0800162c   0x0800162c   0x00000014   Code   RO         3574    i.DMA_DoubleBufferModeCmd  stm32f4xx_dma.o
    0x08001640   0x08001640   0x00000016   Code   RO         3575    i.DMA_DoubleBufferModeConfig  stm32f4xx_dma.o
    0x08001656   0x08001656   0x0000000e   Code   RO         3577    i.DMA_GetCmdStatus  stm32f4xx_dma.o
    0x08001664   0x08001664   0x00000006   Code   RO         3578    i.DMA_GetCurrDataCounter  stm32f4xx_dma.o
    0x0800166a   0x0800166a   0x0000000e   Code   RO         3579    i.DMA_GetCurrentMemoryTarget  stm32f4xx_dma.o
    0x08001678   0x08001678   0x00000054   Code   RO         3584    i.DMA_Init          stm32f4xx_dma.o
    0x080016cc   0x080016cc   0x00000002   Code   RO          735    i.DebugMon_Handler  stm32f4xx_it.o
    0x080016ce   0x080016ce   0x00000030   Code   RO          152    i.Delay_ms          bsp_systick.o
    0x080016fe   0x080016fe   0x00000002   PAD
    0x08001700   0x08001700   0x00000034   Code   RO          154    i.Delay_xms         bsp_systick.o
    0x08001734   0x08001734   0x00000040   Code   RO          862    i.DisableCrl        c620.o
    0x08001774   0x08001774   0x00000078   Code   RO         1920    i.GPIO_Init         stm32f4xx_gpio.o
    0x080017ec   0x080017ec   0x00000020   Code   RO         1921    i.GPIO_PinAFConfig  stm32f4xx_gpio.o
    0x0800180c   0x0800180c   0x00000004   Code   RO         1927    i.GPIO_ResetBits    stm32f4xx_gpio.o
    0x08001810   0x08001810   0x00000004   Code   RO         1928    i.GPIO_SetBits      stm32f4xx_gpio.o
    0x08001814   0x08001814   0x00000008   Code   RO         1930    i.GPIO_ToggleBits   stm32f4xx_gpio.o
    0x0800181c   0x0800181c   0x00000014   Code   RO          956    i.GetAngle          pps.o
    0x08001830   0x08001830   0x00000002   Code   RO          736    i.HardFault_Handler  stm32f4xx_it.o
    0x08001832   0x08001832   0x00000002   PAD
    0x08001834   0x08001834   0x0000000c   Code   RO          196    i.LED0_Off          bsp_io.o
    0x08001840   0x08001840   0x0000000c   Code   RO          199    i.LED1_Off          bsp_io.o
    0x0800184c   0x0800184c   0x0000000c   Code   RO          201    i.LED1_Toggle       bsp_io.o
    0x08001858   0x08001858   0x0000000c   Code   RO          202    i.LED2_Off          bsp_io.o
    0x08001864   0x08001864   0x0000000c   Code   RO          204    i.LED2_Toggle       bsp_io.o
    0x08001870   0x08001870   0x0000000c   Code   RO          205    i.LED3_Off          bsp_io.o
    0x0800187c   0x0800187c   0x00000040   Code   RO          962    i.LocatorInit       pps.o
    0x080018bc   0x080018bc   0x000000c0   Code   RO          963    i.Locator_SerialIsr  pps.o
    0x0800197c   0x0800197c   0x0000003c   Code   RO         1055    i.LostForceStatus_Send_Task  task.o
    0x080019b8   0x080019b8   0x00000002   Code   RO          737    i.MemManage_Handler  stm32f4xx_it.o
    0x080019ba   0x080019ba   0x00000002   PAD
    0x080019bc   0x080019bc   0x00000084   Code   RO          863    i.Motor_Init        c620.o
    0x08001a40   0x08001a40   0x0000002c   Code   RO          864    i.Motor_SetControlMode  c620.o
    0x08001a6c   0x08001a6c   0x0000002c   Code   RO          867    i.Motor_SetVelocity  c620.o
    0x08001a98   0x08001a98   0x00000060   Code   RO          868    i.Motor_SetVelocityPIDRatio  c620.o
    0x08001af8   0x08001af8   0x00000002   Code   RO          738    i.NMI_Handler       stm32f4xx_it.o
    0x08001afa   0x08001afa   0x00000002   PAD
    0x08001afc   0x08001afc   0x00000064   Code   RO         1265    i.NVIC_Init         misc.o
    0x08001b60   0x08001b60   0x00000014   Code   RO         1266    i.NVIC_PriorityGroupConfig  misc.o
    0x08001b74   0x08001b74   0x000000c8   Code   RO          621    i.OutputVel2Wheel_FixedC  chassis.o
    0x08001c3c   0x08001c3c   0x000000a0   Code   RO          622    i.OutputVel2Wheel_RigidC  chassis.o
    0x08001cdc   0x08001cdc   0x0000008c   Code   RO          568    i.PID_Increment_Calc  pid.o
    0x08001d68   0x08001d68   0x00000002   Code   RO          739    i.PendSV_Handler    stm32f4xx_it.o
    0x08001d6a   0x08001d6a   0x00000002   PAD
    0x08001d6c   0x08001d6c   0x00000018   Code   RO         2189    i.RCC_AHB1PeriphClockCmd  stm32f4xx_rcc.o
    0x08001d84   0x08001d84   0x00000018   Code   RO         2198    i.RCC_APB1PeriphClockCmd  stm32f4xx_rcc.o
    0x08001d9c   0x08001d9c   0x00000018   Code   RO         2200    i.RCC_APB1PeriphResetCmd  stm32f4xx_rcc.o
    0x08001db4   0x08001db4   0x00000018   Code   RO         2201    i.RCC_APB2PeriphClockCmd  stm32f4xx_rcc.o
    0x08001dcc   0x08001dcc   0x00000018   Code   RO         2203    i.RCC_APB2PeriphResetCmd  stm32f4xx_rcc.o
    0x08001de4   0x08001de4   0x00000090   Code   RO         2210    i.RCC_GetClocksFreq  stm32f4xx_rcc.o
    0x08001e74   0x08001e74   0x00000068   Code   RO         1143    i.RemoteDataProcess  bsp_dt7.o
    0x08001edc   0x08001edc   0x0000005c   Code   RO         1056    i.RemoteStatus_Send_Task  task.o
    0x08001f38   0x08001f38   0x00000050   Code   RO         1144    i.Remote_GetChanalValue  bsp_dt7.o
    0x08001f88   0x08001f88   0x00000050   Code   RO          465    i.ReturnLimitAngle  algorithm.o
    0x08001fd8   0x08001fd8   0x00000002   Code   RO          740    i.SVC_Handler       stm32f4xx_it.o
    0x08001fda   0x08001fda   0x00000002   PAD
    0x08001fdc   0x08001fdc   0x00000074   Code   RO          624    i.SendCmd2Driver    chassis.o
    0x08002050   0x08002050   0x0000001e   Code   RO          335    i.Serial_SendByte   bsp_serial.o
    0x0800206e   0x0800206e   0x0000001c   Code   RO          336    i.Serial_SendString  bsp_serial.o
    0x0800208a   0x0800208a   0x00000002   PAD
    0x0800208c   0x0800208c   0x000000a0   Code   RO          871    i.SetJoggingVel     c620.o
    0x0800212c   0x0800212c   0x000000b4   Code   RO         1221    i.SetSysClock       system_stm32f4xx.o
    0x080021e0   0x080021e0   0x00000018   Code   RO         1269    i.SysTick_CLKSourceConfig  misc.o
    0x080021f8   0x080021f8   0x00000002   Code   RO          741    i.SysTick_Handler   stm32f4xx_it.o
    0x080021fa   0x080021fa   0x00000002   PAD
    0x080021fc   0x080021fc   0x0000005c   Code   RO         1223    i.SystemInit        system_stm32f4xx.o
    0x08002258   0x08002258   0x00000028   Code   RO         1057    i.TIM2_5ms_Task     task.o
    0x08002280   0x08002280   0x0000005c   Code   RO          742    i.TIM2_IRQHandler   stm32f4xx_it.o
    0x080022dc   0x080022dc   0x0000001a   Code   RO          394    i.TIM2_Start        bsp_timer.o
    0x080022f6   0x080022f6   0x00000002   PAD
    0x080022f8   0x080022f8   0x00000028   Code   RO         1058    i.TIM5_10ms_Task    task.o
    0x08002320   0x08002320   0x00000030   Code   RO          743    i.TIM5_IRQHandler   stm32f4xx_it.o
    0x08002350   0x08002350   0x00000020   Code   RO          395    i.TIM5_Start        bsp_timer.o
    0x08002370   0x08002370   0x00000014   Code   RO         2837    i.TIM_ARRPreloadConfig  stm32f4xx_tim.o
    0x08002384   0x08002384   0x00000006   Code   RO         2843    i.TIM_ClearFlag     stm32f4xx_tim.o
    0x0800238a   0x0800238a   0x00000006   Code   RO         2844    i.TIM_ClearITPendingBit  stm32f4xx_tim.o
    0x08002390   0x08002390   0x00000014   Code   RO         2849    i.TIM_Cmd           stm32f4xx_tim.o
    0x080023a4   0x080023a4   0x00000018   Code   RO         2870    i.TIM_GetITStatus   stm32f4xx_tim.o
    0x080023bc   0x080023bc   0x00000010   Code   RO         2874    i.TIM_ITConfig      stm32f4xx_tim.o
    0x080023cc   0x080023cc   0x0000007c   Code   RO         2921    i.TIM_TimeBaseInit  stm32f4xx_tim.o
    0x08002448   0x08002448   0x0000004c   Code   RO         1059    i.Task_GetChassisStatus  task.o
    0x08002494   0x08002494   0x00000044   Code   RO         1060    i.Task_OutputVel2Wheel  task.o
    0x080024d8   0x080024d8   0x00000130   Code   RO         1061    i.Task_RemoteControl  task.o
    0x08002608   0x08002608   0x00000058   Code   RO          625    i.Transform2ChassisCoordinate  chassis.o
    0x08002660   0x08002660   0x00000004   Code   RO          744    i.USART1_IRQHandler  stm32f4xx_it.o
    0x08002664   0x08002664   0x00000004   Code   RO          745    i.USART2_IRQHandler  stm32f4xx_it.o
    0x08002668   0x08002668   0x00000004   Code   RO          746    i.USART3_IRQHandler  stm32f4xx_it.o
    0x0800266c   0x0800266c   0x0000000c   Code   RO         3383    i.USART_ClearITPendingBit  stm32f4xx_usart.o
    0x08002678   0x08002678   0x00000014   Code   RO         3386    i.USART_Cmd         stm32f4xx_usart.o
    0x0800268c   0x0800268c   0x00000010   Code   RO         3387    i.USART_DMACmd      stm32f4xx_usart.o
    0x0800269c   0x0800269c   0x000000ac   Code   RO         3388    i.USART_DeInit      stm32f4xx_usart.o
    0x08002748   0x08002748   0x0000000e   Code   RO         3389    i.USART_GetFlagStatus  stm32f4xx_usart.o
    0x08002756   0x08002756   0x0000003e   Code   RO         3390    i.USART_GetITStatus  stm32f4xx_usart.o
    0x08002794   0x08002794   0x00000030   Code   RO         3392    i.USART_ITConfig    stm32f4xx_usart.o
    0x080027c4   0x080027c4   0x000000ac   Code   RO         3393    i.USART_Init        stm32f4xx_usart.o
    0x08002870   0x08002870   0x00000008   Code   RO         3400    i.USART_ReceiveData  stm32f4xx_usart.o
    0x08002878   0x08002878   0x00000008   Code   RO         3403    i.USART_SendData    stm32f4xx_usart.o
    0x08002880   0x08002880   0x00000002   Code   RO          747    i.UsageFault_Handler  stm32f4xx_it.o
    0x08002882   0x08002882   0x00000010   Code   RO          469    i.ValueInRange_u    algorithm.o
    0x08002892   0x08002892   0x00000002   PAD
    0x08002894   0x08002894   0x00000030   Code   RO          626    i.Vel2RotateVel     chassis.o
    0x080028c4   0x080028c4   0x0000008c   Code   RO          872    i.VelCrl            c620.o
    0x08002950   0x08002950   0x00000026   Code   RO         3914    i.__ARM_fpclassifyf  m_wm.l(fpclassifyf.o)
    0x08002976   0x08002976   0x00000002   PAD
    0x08002978   0x08002978   0x00000250   Code   RO         3815    i.__hardfp_atan2f   m_wm.l(atan2f.o)
    0x08002bc8   0x08002bc8   0x00000006   Code   RO         3918    i.__mathlib_flt_infnan2  m_wm.l(funder.o)
    0x08002bce   0x08002bce   0x00000002   PAD
    0x08002bd0   0x08002bd0   0x00000010   Code   RO         3922    i.__mathlib_flt_underflow  m_wm.l(funder.o)
    0x08002be0   0x08002be0   0x0000002a   Code   RO          470    i.absLimit          algorithm.o
    0x08002c0a   0x08002c0a   0x00000002   PAD
    0x08002c0c   0x08002c0c   0x00000028   Code   RO         1062    i.arm_sqrt_f32      task.o
    0x08002c34   0x08002c34   0x00000094   Code   RO          697    i.main              main.o
    0x08002cc8   0x08002cc8   0x0000000a   Code   RO         4030    x$fpl$fpinit        fz_wm.l(fpinit.o)
    0x08002cd2   0x08002cd2   0x00000000   Code   RO         3891    x$fpl$usenofp       fz_wm.l(usenofp.o)
    0x08002cd2   0x08002cd2   0x00000002   PAD
    0x08002cd4   0x08002cd4   0x00000410   Data   RO         3699    .constdata          arm_cortexM4lf_math.lib(arm_cos_f32.o)
    0x080030e4   0x080030e4   0x0000040c   Data   RO         3746    .constdata          arm_cortexM4lf_math.lib(arm_sin_f32.o)
    0x080034f0   0x080034f0   0x00000020   Data   RO         4098    Region$$Table       anon$$obj.o


    Execution Region RW_IRAM1 (Exec base: 0x20000000, Load base: 0x08003510, Size: 0x00000be8, Max: 0x00020000, ABSOLUTE)

    Exec Addr    Load Addr    Size         Type   Attr      Idx    E Section Name        Object

    0x20000000   0x08003510   0x00000008   Data   RW          155    .data               bsp_systick.o
    0x20000008   0x08003518   0x00000002   Data   RW          471    .data               algorithm.o
    0x2000000a   0x0800351a   0x00000002   PAD
    0x2000000c   0x0800351c   0x0000001c   Data   RW          573    .data               pid.o
    0x20000028   0x08003538   0x00000006   Data   RW          699    .data               main.o
    0x2000002e   0x0800353e   0x00000002   Data   RW          748    .data               stm32f4xx_it.o
    0x20000030   0x08003540   0x00000003   Data   RW          874    .data               c620.o
    0x20000033   0x08003543   0x00000001   PAD
    0x20000034   0x08003544   0x00000038   Data   RW          969    .data               pps.o
    0x2000006c   0x0800357c   0x00000028   Data   RW         1065    .data               task.o
    0x20000094   0x080035a4   0x00000004   Data   RW         1146    .data               bsp_dt7.o
    0x20000098   0x080035a8   0x00000010   Data   RW         2242    .data               stm32f4xx_rcc.o
    0x200000a8        -       0x00000024   Zero   RW          627    .bss                chassis.o
    0x200000cc        -       0x000001f4   Zero   RW          698    .bss                main.o
    0x200002c0        -       0x00000238   Zero   RW          873    .bss                c620.o
    0x200004f8        -       0x00000048   Zero   RW          968    .bss                pps.o
    0x20000540        -       0x00000044   Zero   RW         1145    .bss                bsp_dt7.o
    0x20000584        -       0x00000060   Zero   RW         3958    .bss                c_w.l(libspace.o)
    0x200005e4   0x080035b8   0x00000004   PAD
    0x200005e8        -       0x00000200   Zero   RW         1257    HEAP                startup_stm32f40_41xxx.o
    0x200007e8        -       0x00000400   Zero   RW         1256    STACK               startup_stm32f40_41xxx.o


==============================================================================

Image component sizes


      Code (inc. data)   RO Data    RW Data    ZI Data      Debug   Object Name

       138         18          0          2          0       2328   algorithm.o
       556         26          0          0          0       2488   bsp_can.o
       148         14          0          0          0       1972   bsp_dma.o
       360         36          0          4         68       2598   bsp_dt7.o
       266         42          0          0          0       5562   bsp_io.o
        50          0          0          0          0     303203   bsp_main.o
       836         44          0          0          0       5160   bsp_serial.o
       132         10          0          8          0       1961   bsp_systick.o
       236         10          0          0          0       3113   bsp_timer.o
       784         68          0          3        568       8222   c620.o
       700         94          0          0         36       6593   chassis.o
       148         56          0          6        500       1704   main.o
       144         14          0          0          0       2405   misc.o
       140          4          0         28          0       2308   pid.o
       276         36          0         56         72       4502   pps.o
        64         26        392          0       1536        856   startup_stm32f40_41xxx.o
      1150         30          0          0          0       8643   stm32f4xx_can.o
       472         24          0          0          0       6878   stm32f4xx_dma.o
       168          0          0          0          0       3797   stm32f4xx_gpio.o
       270         34          0          2          0       8668   stm32f4xx_it.o
       264         42          0         16          0       6341   stm32f4xx_rcc.o
       216         28          0          0          0       6340   stm32f4xx_tim.o
       532         42          0          0          0       8201   stm32f4xx_usart.o
       272         36          0          0          0       1669   system_stm32f4xx.o
       840        118          0         40          0      19185   task.o

    ----------------------------------------------------------------------
      9192        852        424        168       2780     424697   Object Totals
         0          0         32          0          0          0   (incl. Generated)
        30          0          0          3          0          0   (incl. Padding)

    ----------------------------------------------------------------------

      Code (inc. data)   RO Data    RW Data    ZI Data      Debug   Library Member Name

       216         22       1040          0          0      16570   arm_cos_f32.o
       216         22       1036          0          0       1382   arm_sin_f32.o
         8          0          0          0          0         68   __main.o
       104          0          0          0          0         84   __printf.o
         0          0          0          0          0          0   __rtentry.o
        12          0          0          0          0          0   __rtentry2.o
         6          0          0          0          0          0   __rtentry4.o
        52          8          0          0          0          0   __scatter.o
        26          0          0          0          0          0   __scatter_copy.o
        28          0          0          0          0          0   __scatter_zi.o
        48          6          0          0          0         96   _printf_char_common.o
         6          0          0          0          0          0   _printf_d.o
       120         16          0          0          0         92   _printf_dec.o
       178          0          0          0          0         88   _printf_intcommon.o
         0          0          0          0          0          0   _printf_percent.o
         4          0          0          0          0          0   _printf_percent_end.o
        10          0          0          0          0         68   _sputc.o
        18          0          0          0          0         80   exit.o
         6          0          0          0          0        152   heapauxi.o
         0          0          0          0          0          0   indicate_semi.o
         2          0          0          0          0          0   libinit.o
         6          0          0          0          0          0   libinit2.o
         2          0          0          0          0          0   libshutdown.o
         2          0          0          0          0          0   libshutdown2.o
         8          4          0          0         96         68   libspace.o
        40          6          0          0          0         84   noretval__2sprintf.o
         2          0          0          0          0          0   rtexit.o
        10          0          0          0          0          0   rtexit2.o
        12          4          0          0          0         68   sys_exit.o
        74          0          0          0          0         80   sys_stackheap_outer.o
         2          0          0          0          0         68   use_no_semi.o
        10          0          0          0          0        116   fpinit.o
         0          0          0          0          0          0   usenofp.o
       592         90          0          0          0        184   atan2f.o
        38          0          0          0          0        116   fpclassifyf.o
        22          6          0          0          0        232   funder.o

    ----------------------------------------------------------------------
      1892        184       2076          0        100      19696   Library Totals
        12          0          0          0          4          0   (incl. Padding)

    ----------------------------------------------------------------------

      Code (inc. data)   RO Data    RW Data    ZI Data      Debug   Library Name

       432         44       2076          0          0      17952   arm_cortexM4lf_math.lib
       786         44          0          0         96       1096   c_w.l
        10          0          0          0          0        116   fz_wm.l
       652         96          0          0          0        532   m_wm.l

    ----------------------------------------------------------------------
      1892        184       2076          0        100      19696   Library Totals

    ----------------------------------------------------------------------

==============================================================================


      Code (inc. data)   RO Data    RW Data    ZI Data      Debug   

     11084       1036       2500        168       2880     431125   Grand Totals
     11084       1036       2500        168       2880     431125   ELF Image Totals
     11084       1036       2500        168          0          0   ROM Totals

==============================================================================

    Total RO  Size (Code + RO Data)                13584 (  13.27kB)
    Total RW  Size (RW Data + ZI Data)              3048 (   2.98kB)
    Total ROM Size (Code + RO Data + RW Data)      13752 (  13.43kB)

==============================================================================

