Component: ARM Compiler 5.06 update 6 (build 750) Tool: armlink [4d35ed]

==============================================================================

Section Cross References

    bsp_main.o(i.BSP_Init) refers to system_stm32f4xx.o(i.SystemInit) for SystemInit
    bsp_main.o(i.BSP_Init) refers to misc.o(i.NVIC_PriorityGroupConfig) for NVIC_PriorityGroupConfig
    bsp_main.o(i.BSP_Init) refers to bsp_systick.o(i.BSP_SystickInit) for BSP_SystickInit
    bsp_main.o(i.BSP_Init) refers to bsp_io.o(i.BSP_IO_Init) for BSP_IO_Init
    bsp_main.o(i.BSP_Init) refers to bsp_systick.o(i.Delay_ms) for Delay_ms
    bsp_main.o(i.BSP_Init) refers to bsp_can.o(i.BSP_CAN_Init) for BSP_CAN_Init
    bsp_main.o(i.BSP_Init) refers to bsp_serial.o(i.BSP_Serial_Init) for BSP_Serial_Init
    bsp_main.o(i.BSP_Init) refers to bsp_timer.o(i.BSP_Timer_Init) for BSP_Timer_Init
    bsp_systick.o(i.BSP_SystickInit) refers to misc.o(i.SysTick_CLKSourceConfig) for SysTick_CLKSourceConfig
    bsp_systick.o(i.BSP_SystickInit) refers to bsp_systick.o(.data) for fac_us
    bsp_systick.o(i.Delay_ms) refers to bsp_systick.o(i.Delay_xms) for Delay_xms
    bsp_systick.o(i.Delay_us) refers to bsp_systick.o(.data) for fac_us
    bsp_systick.o(i.Delay_xms) refers to bsp_systick.o(.data) for fac_ms
    bsp_io.o(i.BSP_Beep_Init) refers to stm32f4xx_rcc.o(i.RCC_AHB1PeriphClockCmd) for RCC_AHB1PeriphClockCmd
    bsp_io.o(i.BSP_Beep_Init) refers to stm32f4xx_gpio.o(i.GPIO_Init) for GPIO_Init
    bsp_io.o(i.BSP_Beep_Init) refers to bsp_io.o(i.Beep_Off) for Beep_Off
    bsp_io.o(i.BSP_IO_Init) refers to bsp_io.o(i.BSP_LED_Init) for BSP_LED_Init
    bsp_io.o(i.BSP_IO_Init) refers to bsp_io.o(i.BSP_Beep_Init) for BSP_Beep_Init
    bsp_io.o(i.BSP_LED_Init) refers to stm32f4xx_rcc.o(i.RCC_AHB1PeriphClockCmd) for RCC_AHB1PeriphClockCmd
    bsp_io.o(i.BSP_LED_Init) refers to stm32f4xx_gpio.o(i.GPIO_Init) for GPIO_Init
    bsp_io.o(i.BSP_LED_Init) refers to bsp_io.o(i.LED0_Off) for LED0_Off
    bsp_io.o(i.BSP_LED_Init) refers to bsp_io.o(i.LED1_Off) for LED1_Off
    bsp_io.o(i.BSP_LED_Init) refers to bsp_io.o(i.LED2_Off) for LED2_Off
    bsp_io.o(i.BSP_LED_Init) refers to bsp_io.o(i.LED3_Off) for LED3_Off
    bsp_io.o(i.Beep_Off) refers to stm32f4xx_gpio.o(i.GPIO_ResetBits) for GPIO_ResetBits
    bsp_io.o(i.Beep_On) refers to stm32f4xx_gpio.o(i.GPIO_SetBits) for GPIO_SetBits
    bsp_io.o(i.LED0_Off) refers to stm32f4xx_gpio.o(i.GPIO_SetBits) for GPIO_SetBits
    bsp_io.o(i.LED0_On) refers to stm32f4xx_gpio.o(i.GPIO_ResetBits) for GPIO_ResetBits
    bsp_io.o(i.LED0_Toggle) refers to stm32f4xx_gpio.o(i.GPIO_ToggleBits) for GPIO_ToggleBits
    bsp_io.o(i.LED1_Off) refers to stm32f4xx_gpio.o(i.GPIO_SetBits) for GPIO_SetBits
    bsp_io.o(i.LED1_On) refers to stm32f4xx_gpio.o(i.GPIO_ResetBits) for GPIO_ResetBits
    bsp_io.o(i.LED1_Toggle) refers to stm32f4xx_gpio.o(i.GPIO_ToggleBits) for GPIO_ToggleBits
    bsp_io.o(i.LED2_Off) refers to stm32f4xx_gpio.o(i.GPIO_SetBits) for GPIO_SetBits
    bsp_io.o(i.LED2_On) refers to stm32f4xx_gpio.o(i.GPIO_ResetBits) for GPIO_ResetBits
    bsp_io.o(i.LED2_Toggle) refers to stm32f4xx_gpio.o(i.GPIO_ToggleBits) for GPIO_ToggleBits
    bsp_io.o(i.LED3_Off) refers to stm32f4xx_gpio.o(i.GPIO_SetBits) for GPIO_SetBits
    bsp_io.o(i.LED3_On) refers to stm32f4xx_gpio.o(i.GPIO_ResetBits) for GPIO_ResetBits
    bsp_io.o(i.LED3_Toggle) refers to stm32f4xx_gpio.o(i.GPIO_ToggleBits) for GPIO_ToggleBits
    bsp_can.o(i.BSP_CAN_Init) refers to bsp_can.o(i.CAN_Config) for CAN_Config
    bsp_can.o(i.CAN_Config) refers to stm32f4xx_rcc.o(i.RCC_APB1PeriphClockCmd) for RCC_APB1PeriphClockCmd
    bsp_can.o(i.CAN_Config) refers to stm32f4xx_rcc.o(i.RCC_AHB1PeriphClockCmd) for RCC_AHB1PeriphClockCmd
    bsp_can.o(i.CAN_Config) refers to stm32f4xx_gpio.o(i.GPIO_Init) for GPIO_Init
    bsp_can.o(i.CAN_Config) refers to stm32f4xx_gpio.o(i.GPIO_PinAFConfig) for GPIO_PinAFConfig
    bsp_can.o(i.CAN_Config) refers to stm32f4xx_can.o(i.CAN_DeInit) for CAN_DeInit
    bsp_can.o(i.CAN_Config) refers to stm32f4xx_can.o(i.CAN_Init) for CAN_Init
    bsp_can.o(i.CAN_Config) refers to stm32f4xx_can.o(i.CAN_FilterInit) for CAN_FilterInit
    bsp_can.o(i.CAN_Config) refers to misc.o(i.NVIC_Init) for NVIC_Init
    bsp_can.o(i.CAN_Config) refers to stm32f4xx_can.o(i.CAN_ITConfig) for CAN_ITConfig
    bsp_serial.o(i.BSP_Serial1_Init) refers to stm32f4xx_rcc.o(i.RCC_AHB1PeriphClockCmd) for RCC_AHB1PeriphClockCmd
    bsp_serial.o(i.BSP_Serial1_Init) refers to stm32f4xx_rcc.o(i.RCC_APB2PeriphClockCmd) for RCC_APB2PeriphClockCmd
    bsp_serial.o(i.BSP_Serial1_Init) refers to stm32f4xx_gpio.o(i.GPIO_PinAFConfig) for GPIO_PinAFConfig
    bsp_serial.o(i.BSP_Serial1_Init) refers to stm32f4xx_gpio.o(i.GPIO_Init) for GPIO_Init
    bsp_serial.o(i.BSP_Serial1_Init) refers to stm32f4xx_usart.o(i.USART_Init) for USART_Init
    bsp_serial.o(i.BSP_Serial1_Init) refers to stm32f4xx_usart.o(i.USART_ITConfig) for USART_ITConfig
    bsp_serial.o(i.BSP_Serial1_Init) refers to misc.o(i.NVIC_Init) for NVIC_Init
    bsp_serial.o(i.BSP_Serial1_Init) refers to stm32f4xx_usart.o(i.USART_Cmd) for USART_Cmd
    bsp_serial.o(i.BSP_Serial2_Init) refers to stm32f4xx_rcc.o(i.RCC_AHB1PeriphClockCmd) for RCC_AHB1PeriphClockCmd
    bsp_serial.o(i.BSP_Serial2_Init) refers to stm32f4xx_rcc.o(i.RCC_APB1PeriphClockCmd) for RCC_APB1PeriphClockCmd
    bsp_serial.o(i.BSP_Serial2_Init) refers to stm32f4xx_gpio.o(i.GPIO_PinAFConfig) for GPIO_PinAFConfig
    bsp_serial.o(i.BSP_Serial2_Init) refers to stm32f4xx_gpio.o(i.GPIO_Init) for GPIO_Init
    bsp_serial.o(i.BSP_Serial2_Init) refers to stm32f4xx_usart.o(i.USART_Init) for USART_Init
    bsp_serial.o(i.BSP_Serial2_Init) refers to stm32f4xx_usart.o(i.USART_ITConfig) for USART_ITConfig
    bsp_serial.o(i.BSP_Serial2_Init) refers to misc.o(i.NVIC_Init) for NVIC_Init
    bsp_serial.o(i.BSP_Serial2_Init) refers to stm32f4xx_usart.o(i.USART_Cmd) for USART_Cmd
    bsp_serial.o(i.BSP_Serial3_Init) refers to stm32f4xx_rcc.o(i.RCC_AHB1PeriphClockCmd) for RCC_AHB1PeriphClockCmd
    bsp_serial.o(i.BSP_Serial3_Init) refers to stm32f4xx_rcc.o(i.RCC_APB1PeriphClockCmd) for RCC_APB1PeriphClockCmd
    bsp_serial.o(i.BSP_Serial3_Init) refers to stm32f4xx_gpio.o(i.GPIO_PinAFConfig) for GPIO_PinAFConfig
    bsp_serial.o(i.BSP_Serial3_Init) refers to stm32f4xx_gpio.o(i.GPIO_Init) for GPIO_Init
    bsp_serial.o(i.BSP_Serial3_Init) refers to stm32f4xx_usart.o(i.USART_Init) for USART_Init
    bsp_serial.o(i.BSP_Serial3_Init) refers to stm32f4xx_usart.o(i.USART_ITConfig) for USART_ITConfig
    bsp_serial.o(i.BSP_Serial3_Init) refers to misc.o(i.NVIC_Init) for NVIC_Init
    bsp_serial.o(i.BSP_Serial3_Init) refers to stm32f4xx_usart.o(i.USART_Cmd) for USART_Cmd
    bsp_serial.o(i.BSP_Serial6_Init) refers to stm32f4xx_rcc.o(i.RCC_AHB1PeriphClockCmd) for RCC_AHB1PeriphClockCmd
    bsp_serial.o(i.BSP_Serial6_Init) refers to stm32f4xx_rcc.o(i.RCC_APB2PeriphClockCmd) for RCC_APB2PeriphClockCmd
    bsp_serial.o(i.BSP_Serial6_Init) refers to stm32f4xx_gpio.o(i.GPIO_PinAFConfig) for GPIO_PinAFConfig
    bsp_serial.o(i.BSP_Serial6_Init) refers to stm32f4xx_gpio.o(i.GPIO_Init) for GPIO_Init
    bsp_serial.o(i.BSP_Serial6_Init) refers to stm32f4xx_usart.o(i.USART_Init) for USART_Init
    bsp_serial.o(i.BSP_Serial6_Init) refers to stm32f4xx_usart.o(i.USART_ITConfig) for USART_ITConfig
    bsp_serial.o(i.BSP_Serial6_Init) refers to misc.o(i.NVIC_Init) for NVIC_Init
    bsp_serial.o(i.BSP_Serial6_Init) refers to stm32f4xx_usart.o(i.USART_Cmd) for USART_Cmd
    bsp_serial.o(i.BSP_Serial_Init) refers to bsp_serial.o(i.BSP_Serial1_Init) for BSP_Serial1_Init
    bsp_serial.o(i.BSP_Serial_Init) refers to bsp_serial.o(i.BSP_Serial2_Init) for BSP_Serial2_Init
    bsp_serial.o(i.BSP_Serial_Init) refers to bsp_serial.o(i.BSP_Serial3_Init) for BSP_Serial3_Init
    bsp_serial.o(i.BSP_Serial_Init) refers to bsp_serial.o(i.BSP_Serial6_Init) for BSP_Serial6_Init
    bsp_serial.o(i.Serial_SendArray) refers to bsp_serial.o(i.Serial_SendByte) for Serial_SendByte
    bsp_serial.o(i.Serial_SendByte) refers to stm32f4xx_usart.o(i.USART_GetFlagStatus) for USART_GetFlagStatus
    bsp_serial.o(i.Serial_SendByte) refers to stm32f4xx_usart.o(i.USART_SendData) for USART_SendData
    bsp_serial.o(i.Serial_SendString) refers to bsp_serial.o(i.Serial_SendByte) for Serial_SendByte
    bsp_timer.o(i.BSP_TIM2_Init) refers to stm32f4xx_rcc.o(i.RCC_APB1PeriphClockCmd) for RCC_APB1PeriphClockCmd
    bsp_timer.o(i.BSP_TIM2_Init) refers to stm32f4xx_tim.o(i.TIM_TimeBaseInit) for TIM_TimeBaseInit
    bsp_timer.o(i.BSP_TIM2_Init) refers to misc.o(i.NVIC_Init) for NVIC_Init
    bsp_timer.o(i.BSP_TIM5_Init) refers to stm32f4xx_rcc.o(i.RCC_APB1PeriphClockCmd) for RCC_APB1PeriphClockCmd
    bsp_timer.o(i.BSP_TIM5_Init) refers to stm32f4xx_tim.o(i.TIM_ARRPreloadConfig) for TIM_ARRPreloadConfig
    bsp_timer.o(i.BSP_TIM5_Init) refers to stm32f4xx_tim.o(i.TIM_TimeBaseInit) for TIM_TimeBaseInit
    bsp_timer.o(i.BSP_TIM5_Init) refers to misc.o(i.NVIC_Init) for NVIC_Init
    bsp_timer.o(i.BSP_Timer_Init) refers to bsp_timer.o(i.BSP_TIM2_Init) for BSP_TIM2_Init
    bsp_timer.o(i.BSP_Timer_Init) refers to bsp_timer.o(i.BSP_TIM5_Init) for BSP_TIM5_Init
    bsp_timer.o(i.BSP_Timer_Init) refers to bsp_timer.o(i.TIM2_Start) for TIM2_Start
    bsp_timer.o(i.BSP_Timer_Init) refers to bsp_timer.o(i.TIM5_Start) for TIM5_Start
    bsp_timer.o(i.TIM2_Start) refers to stm32f4xx_tim.o(i.TIM_ITConfig) for TIM_ITConfig
    bsp_timer.o(i.TIM2_Start) refers to stm32f4xx_tim.o(i.TIM_Cmd) for TIM_Cmd
    bsp_timer.o(i.TIM5_Start) refers to stm32f4xx_tim.o(i.TIM_ITConfig) for TIM_ITConfig
    bsp_timer.o(i.TIM5_Start) refers to stm32f4xx_tim.o(i.TIM_Cmd) for TIM_Cmd
    algorithm.o(i.AngleLimit) refers to algorithm.o(.data) for recursiveTimes
    algorithm.o(i.MaxAbs_f) refers to f2d.o(x$fpl$f2d) for __aeabi_f2d
    algorithm.o(i.MaxAbs_f) refers to drleqf.o(x$fpl$drleqf) for __aeabi_cdrcmple
    algorithm.o(i.MinAbs_f) refers to f2d.o(x$fpl$f2d) for __aeabi_f2d
    algorithm.o(i.MinAbs_f) refers to dleqf.o(x$fpl$dleqf) for __aeabi_cdcmple
    algorithm.o(i.ReturnLimitAngle) refers to algorithm.o(.data) for recursiveTimes
    pid.o(i.PID_Increment_Calc) refers to algorithm.o(i.absLimit) for absLimit
    pid.o(i.PID_Increment_Calc) refers to pid.o(.data) for Error
    pid.o(i.PID_Regular_Cacl) refers to algorithm.o(i.absLimit) for absLimit
    pid.o(i.PID_Regular_Cacl) refers to pid.o(.data) for Error
    chassis.o(i.CalcWheelSpeed) refers to arm_cos_f32.o(.text) for arm_cos_f32
    chassis.o(i.CalcWheelSpeed) refers to arm_sin_f32.o(.text) for arm_sin_f32
    chassis.o(i.OutputVel2Wheel_FixedC) refers to pps.o(i.GetAngle) for GetAngle
    chassis.o(i.OutputVel2Wheel_FixedC) refers to chassis.o(i.Transform2ChassisCoordinate) for Transform2ChassisCoordinate
    chassis.o(i.OutputVel2Wheel_FixedC) refers to chassis.o(i.CalcWheelSpeed) for CalcWheelSpeed
    chassis.o(i.OutputVel2Wheel_FixedC) refers to chassis.o(i.SendCmd2Driver) for SendCmd2Driver
    chassis.o(i.OutputVel2Wheel_FixedC) refers to chassis.o(.bss) for gChassis
    chassis.o(i.OutputVel2Wheel_RigidC) refers to chassis.o(i.Transform2ChassisCoordinate) for Transform2ChassisCoordinate
    chassis.o(i.OutputVel2Wheel_RigidC) refers to chassis.o(i.CalcWheelSpeed) for CalcWheelSpeed
    chassis.o(i.OutputVel2Wheel_RigidC) refers to chassis.o(i.SendCmd2Driver) for SendCmd2Driver
    chassis.o(i.SendCmd2Driver) refers to chassis.o(i.Vel2RotateVel) for Vel2RotateVel
    chassis.o(i.SendCmd2Driver) refers to c620.o(i.VelCrl) for VelCrl
    chassis.o(i.SendCmd2Driver) refers to c620.o(i.SetJoggingVel) for SetJoggingVel
    chassis.o(i.SendCmd2Driver) refers to c620.o(.bss) for C620
    chassis.o(i.Transform2ChassisCoordinate) refers to arm_cos_f32.o(.text) for arm_cos_f32
    chassis.o(i.Transform2ChassisCoordinate) refers to arm_sin_f32.o(.text) for arm_sin_f32
    chassis.o(i.Transform2ChassisCoordinate) refers to chassis.o(.bss) for gChassis
    pathfollow.o(i.CalcSpeedFromAct2Vir) refers to pathfollow.o(i.arm_sqrt_f32) for arm_sqrt_f32
    pathfollow.o(i.CalcSpeedFromAct2Vir) refers to atan2f.o(i.__hardfp_atan2f) for __hardfp_atan2f
    pathfollow.o(i.JudgeSpeedLessEqual) refers to pps.o(i.GetSpeedWithoutOmega) for GetSpeedWithoutOmega
    pathfollow.o(i.JudgeSpeedLessEqual) refers to sqrtf.o(i.__hardfp_sqrtf) for __hardfp_sqrtf
    pathfollow.o(i.JudgeStop) refers to pps.o(i.GetX) for GetX
    pathfollow.o(i.JudgeStop) refers to pps.o(i.GetY) for GetY
    pathfollow.o(i.JudgeStop) refers to sqrtf.o(i.__hardfp_sqrtf) for __hardfp_sqrtf
    pathfollow.o(i.JudgeStop) refers to pathfollow.o(.data) for posXRecord
    pathfollow.o(i.PathFollowing) refers to pps.o(i.GetX) for GetX
    pathfollow.o(i.PathFollowing) refers to pps.o(i.GetY) for GetY
    pathfollow.o(i.PathFollowing) refers to pps.o(i.GetActLengthPaseed) for GetActLengthPaseed
    pathfollow.o(i.PathFollowing) refers to pathfollow.o(i.FindSpan) for FindSpan
    pathfollow.o(i.PathFollowing) refers to pathfollow.o(i.VectorLinerInterpolation) for VectorLinerInterpolation
    pathfollow.o(i.PathFollowing) refers to rt_memcpy_w.o(.text) for __aeabi_memcpy4
    pathfollow.o(i.PathFollowing) refers to pathfollow.o(i.CalcSpeedFromAct2Vir) for CalcSpeedFromAct2Vir
    pathfollow.o(i.PathFollowing) refers to pathfollow.o(i.VectorSynthesis) for VectorSynthesis
    pathfollow.o(i.PathFollowing) refers to pathfollow.o(.data) for searchFlag
    pathfollow.o(i.PathFollowing) refers to pathfollow.o(.bss) for actPoint
    pathfollow.o(i.PathFollowing) refers to chassis.o(.bss) for gChassis
    pathfollow.o(i.VectorLinerInterpolation) refers to rt_memclr_w.o(.text) for __aeabi_memclr4
    pathfollow.o(i.VectorLinerInterpolation) refers to atan2f.o(i.__hardfp_atan2f) for __hardfp_atan2f
    pathfollow.o(i.VectorLinerInterpolation) refers to rt_memcpy_w.o(.text) for __aeabi_memcpy4
    pathfollow.o(i.VectorSynthesis) refers to arm_cos_f32.o(.text) for arm_cos_f32
    pathfollow.o(i.VectorSynthesis) refers to arm_sin_f32.o(.text) for arm_sin_f32
    pathfollow.o(i.VectorSynthesis) refers to pathfollow.o(i.arm_sqrt_f32) for arm_sqrt_f32
    pathfollow.o(i.VectorSynthesis) refers to atan2f.o(i.__hardfp_atan2f) for __hardfp_atan2f
    main.o(i.main) refers to task.o(i.Config_Task) for Config_Task
    main.o(i.main) refers to bsp_systick.o(i.Delay_ms) for Delay_ms
    stm32f4xx_it.o(i.CAN1_RX0_IRQHandler) refers to stm32f4xx_can.o(i.CAN_GetITStatus) for CAN_GetITStatus
    stm32f4xx_it.o(i.CAN1_RX0_IRQHandler) refers to stm32f4xx_can.o(i.CAN_ClearITPendingBit) for CAN_ClearITPendingBit
    stm32f4xx_it.o(i.CAN1_RX0_IRQHandler) refers to stm32f4xx_can.o(i.CAN_ClearFlag) for CAN_ClearFlag
    stm32f4xx_it.o(i.CAN1_RX0_IRQHandler) refers to stm32f4xx_can.o(i.CAN_Receive) for CAN_Receive
    stm32f4xx_it.o(i.CAN1_RX0_IRQHandler) refers to c620.o(i.C620_GetFeedbackInfo) for C620_GetFeedbackInfo
    stm32f4xx_it.o(i.CAN1_TX_IRQHandler) refers to stm32f4xx_can.o(i.CAN_GetITStatus) for CAN_GetITStatus
    stm32f4xx_it.o(i.CAN1_TX_IRQHandler) refers to stm32f4xx_can.o(i.CAN_ClearITPendingBit) for CAN_ClearITPendingBit
    stm32f4xx_it.o(i.TIM2_IRQHandler) refers to stm32f4xx_tim.o(i.TIM_GetITStatus) for TIM_GetITStatus
    stm32f4xx_it.o(i.TIM2_IRQHandler) refers to stm32f4xx_tim.o(i.TIM_ClearITPendingBit) for TIM_ClearITPendingBit
    stm32f4xx_it.o(i.TIM2_IRQHandler) refers to stm32f4xx_tim.o(i.TIM_ClearFlag) for TIM_ClearFlag
    stm32f4xx_it.o(i.TIM2_IRQHandler) refers to bsp_serial.o(i.Serial_SendString) for Serial_SendString
    stm32f4xx_it.o(i.TIM2_IRQHandler) refers to task.o(i.TIM2_5ms_Task) for TIM2_5ms_Task
    stm32f4xx_it.o(i.TIM2_IRQHandler) refers to stm32f4xx_it.o(.data) for time_print_tick
    stm32f4xx_it.o(i.TIM2_IRQHandler) refers to main.o(.data) for g_Print_FinishFlag
    stm32f4xx_it.o(i.TIM2_IRQHandler) refers to main.o(.bss) for g_Display_usart
    stm32f4xx_it.o(i.TIM5_IRQHandler) refers to stm32f4xx_tim.o(i.TIM_GetITStatus) for TIM_GetITStatus
    stm32f4xx_it.o(i.TIM5_IRQHandler) refers to stm32f4xx_tim.o(i.TIM_ClearITPendingBit) for TIM_ClearITPendingBit
    stm32f4xx_it.o(i.TIM5_IRQHandler) refers to stm32f4xx_tim.o(i.TIM_ClearFlag) for TIM_ClearFlag
    stm32f4xx_it.o(i.TIM5_IRQHandler) refers to task.o(i.TIM5_10ms_Task) for TIM5_10ms_Task
    stm32f4xx_it.o(i.TIM5_IRQHandler) refers to task.o(i.TIM5_20ms_Task) for TIM5_20ms_Task
    stm32f4xx_it.o(i.TIM5_IRQHandler) refers to stm32f4xx_it.o(.data) for i
    stm32f4xx_it.o(i.USART1_IRQHandler) refers to pps.o(i.Locator_SerialIsr) for Locator_SerialIsr
    stm32f4xx_it.o(i.USART2_IRQHandler) refers to bsp_09s.o(i.Remote_SerialIsr) for Remote_SerialIsr
    stm32f4xx_it.o(i.USART3_IRQHandler) refers to pps.o(i.Locator_SerialIsr) for Locator_SerialIsr
    c620.o(i.C620_GetFeedbackInfo) refers to algorithm.o(i.ValueInRange_u) for ValueInRange_u
    c620.o(i.C620_GetFeedbackInfo) refers to c620.o(.bss) for C620
    c620.o(i.DisableCrl) refers to c620.o(i.Motor_SetVelocity) for Motor_SetVelocity
    c620.o(i.DisableCrl) refers to c620.o(.data) for Index
    c620.o(i.DisableCrl) refers to c620.o(.bss) for C620
    c620.o(i.Motor_Init) refers to c620.o(i.Motor_SetControlMode) for Motor_SetControlMode
    c620.o(i.Motor_Init) refers to c620.o(i.Motor_SetVelocityPIDRatio) for Motor_SetVelocityPIDRatio
    c620.o(i.Motor_SetControlMode) refers to c620.o(.bss) for C620
    c620.o(i.Motor_SetPosition) refers to c620.o(.bss) for C620
    c620.o(i.Motor_SetPositionPIDRatio) refers to c620.o(.bss) for PID_C620_Position
    c620.o(i.Motor_SetVelocity) refers to c620.o(.bss) for C620
    c620.o(i.Motor_SetVelocityPIDRatio) refers to c620.o(.bss) for PID_C620_Velocity
    c620.o(i.PosCrl) refers to c620.o(i.Motor_SetPosition) for Motor_SetPosition
    c620.o(i.PosCrl) refers to pid.o(i.PID_Regular_Cacl) for PID_Regular_Cacl
    c620.o(i.PosCrl) refers to pid.o(i.PID_Increment_Calc) for PID_Increment_Calc
    c620.o(i.PosCrl) refers to c620.o(.data) for Index
    c620.o(i.PosCrl) refers to c620.o(.bss) for C620
    c620.o(i.SendPosCmd) refers to stm32f4xx_can.o(i.CAN_Transmit) for CAN_Transmit
    c620.o(i.SendPosCmd) refers to c620.o(.bss) for TxMessage
    c620.o(i.SetJoggingVel) refers to stm32f4xx_can.o(i.CAN_Transmit) for CAN_Transmit
    c620.o(i.SetJoggingVel) refers to c620.o(.bss) for TxMessage
    c620.o(i.VelCrl) refers to c620.o(i.Motor_SetVelocity) for Motor_SetVelocity
    c620.o(i.VelCrl) refers to pid.o(i.PID_Increment_Calc) for PID_Increment_Calc
    c620.o(i.VelCrl) refers to c620.o(.data) for Index
    c620.o(i.VelCrl) refers to c620.o(.bss) for C620
    pps.o(i.GetActLengthPaseed) refers to f2d.o(x$fpl$f2d) for __aeabi_f2d
    pps.o(i.GetActLengthPaseed) refers to pow.o(i.__hardfp_pow) for __hardfp_pow
    pps.o(i.GetActLengthPaseed) refers to daddsub_clz.o(x$fpl$dadd) for __aeabi_dadd
    pps.o(i.GetActLengthPaseed) refers to sqrt.o(i.__hardfp_sqrt) for __hardfp_sqrt
    pps.o(i.GetActLengthPaseed) refers to drleqf.o(x$fpl$drleqf) for __aeabi_cdrcmple
    pps.o(i.GetActLengthPaseed) refers to algorithm.o(i.ValueInRange_f) for ValueInRange_f
    pps.o(i.GetActLengthPaseed) refers to d2f.o(x$fpl$d2f) for __aeabi_d2f
    pps.o(i.GetActLengthPaseed) refers to arm_cos_f32.o(.text) for arm_cos_f32
    pps.o(i.GetActLengthPaseed) refers to pps.o(.bss) for LocatorInfo
    pps.o(i.GetActLengthPaseed) refers to pps.o(.data) for Last_x
    pps.o(i.GetAngle) refers to algorithm.o(i.ReturnLimitAngle) for ReturnLimitAngle
    pps.o(i.GetAngle) refers to pps.o(.bss) for LocatorInfo
    pps.o(i.GetContiniousAngle) refers to pps.o(.data) for continiousAngle
    pps.o(i.GetLengthPassed) refers to f2d.o(x$fpl$f2d) for __aeabi_f2d
    pps.o(i.GetLengthPassed) refers to pow.o(i.__hardfp_pow) for __hardfp_pow
    pps.o(i.GetLengthPassed) refers to daddsub_clz.o(x$fpl$dadd) for __aeabi_dadd
    pps.o(i.GetLengthPassed) refers to sqrt.o(i.__hardfp_sqrt) for __hardfp_sqrt
    pps.o(i.GetLengthPassed) refers to drleqf.o(x$fpl$drleqf) for __aeabi_cdrcmple
    pps.o(i.GetLengthPassed) refers to algorithm.o(i.ValueInRange_f) for ValueInRange_f
    pps.o(i.GetLengthPassed) refers to d2f.o(x$fpl$d2f) for __aeabi_d2f
    pps.o(i.GetLengthPassed) refers to pps.o(.bss) for LocatorInfo
    pps.o(i.GetLengthPassed) refers to pps.o(.data) for Last_x
    pps.o(i.GetSpeedWithoutOmega) refers to algorithm.o(i.AngleLimit) for AngleLimit
    pps.o(i.GetSpeedWithoutOmega) refers to pps.o(i.GetSpeedX) for GetSpeedX
    pps.o(i.GetSpeedWithoutOmega) refers to cosf.o(i.__hardfp_cosf) for __hardfp_cosf
    pps.o(i.GetSpeedWithoutOmega) refers to pps.o(i.GetSpeedY) for GetSpeedY
    pps.o(i.GetSpeedWithoutOmega) refers to sinf.o(i.__hardfp_sinf) for __hardfp_sinf
    pps.o(i.GetSpeedX) refers to pps.o(.bss) for ppsReturn
    pps.o(i.GetSpeedY) refers to pps.o(.bss) for ppsReturn
    pps.o(i.GetWZ) refers to pps.o(.bss) for LocatorInfo
    pps.o(i.GetX) refers to pps.o(.bss) for LocatorInfo
    pps.o(i.GetY) refers to pps.o(.bss) for LocatorInfo
    pps.o(i.LocatorInit) refers to bsp_serial.o(i.Serial_SendString) for Serial_SendString
    pps.o(i.LocatorInit) refers to bsp_systick.o(i.Delay_ms) for Delay_ms
    pps.o(i.Locator_SerialIsr) refers to stm32f4xx_usart.o(i.USART_GetFlagStatus) for USART_GetFlagStatus
    pps.o(i.Locator_SerialIsr) refers to stm32f4xx_usart.o(i.USART_ClearITPendingBit) for USART_ClearITPendingBit
    pps.o(i.Locator_SerialIsr) refers to stm32f4xx_usart.o(i.USART_ReceiveData) for USART_ReceiveData
    pps.o(i.Locator_SerialIsr) refers to pps.o(.data) for ch
    pps.o(i.Locator_SerialIsr) refers to pps.o(.bss) for posture
    pps.o(i.RecordContiniousAngle) refers to pps.o(.data) for angleRecord
    pps.o(i.SetAngle) refers to pps.o(i.RecordContiniousAngle) for RecordContiniousAngle
    pps.o(i.SetAngle) refers to stm32f4xx_usart.o(i.USART_SendData) for USART_SendData
    pps.o(i.SetAngle) refers to pps.o(.data) for TxMsg
    pps.o(i.SetAngle) refers to pps.o(.bss) for ppsReturn
    pps.o(i.SetX) refers to stm32f4xx_usart.o(i.USART_SendData) for USART_SendData
    pps.o(i.SetX) refers to pps.o(.data) for TxMsg
    pps.o(i.SetX) refers to pps.o(.bss) for ppsReturn
    pps.o(i.SetY) refers to stm32f4xx_usart.o(i.USART_SendData) for USART_SendData
    pps.o(i.SetY) refers to pps.o(.data) for TxMsg
    pps.o(i.SetY) refers to pps.o(.bss) for ppsReturn
    bsp_09s.o(i.Remote_DeInit) refers to bsp_09s.o(.bss) for Remote
    bsp_09s.o(i.Remote_GetChanalPulse) refers to bsp_09s.o(.bss) for SBUS_ChanelVal
    bsp_09s.o(i.Remote_GetChanalValue) refers to bsp_09s.o(.bss) for SBUS_ChanelVal
    bsp_09s.o(i.Remote_GetChanalValue) refers to bsp_09s.o(.data) for PulseWidth
    bsp_09s.o(i.Remote_SerialIsr) refers to stm32f4xx_usart.o(i.USART_GetFlagStatus) for USART_GetFlagStatus
    bsp_09s.o(i.Remote_SerialIsr) refers to stm32f4xx_usart.o(i.USART_ClearITPendingBit) for USART_ClearITPendingBit
    bsp_09s.o(i.Remote_SerialIsr) refers to stm32f4xx_usart.o(i.USART_ReceiveData) for USART_ReceiveData
    bsp_09s.o(i.Remote_SerialIsr) refers to bsp_09s.o(i.SBUS_Decode) for SBUS_Decode
    bsp_09s.o(i.Remote_SerialIsr) refers to bsp_09s.o(.data) for Char
    bsp_09s.o(i.Remote_SerialIsr) refers to bsp_09s.o(.bss) for SBUS_MsgPack
    bsp_09s.o(i.SBUS_Decode) refers to bsp_09s.o(.bss) for SBUS_MsgPack
    bsp_09s.o(i.SBUS_Encode) refers to bsp_09s.o(.bss) for SBUS_MsgPack
    task.o(i.AutoStatus_Execute_Task) refers to bsp_systick.o(i.Delay_ms) for Delay_ms
    task.o(i.AutoStatus_Execute_Task) refers to bsp_io.o(i.LED0_On) for LED0_On
    task.o(i.AutoStatus_Execute_Task) refers to bsp_io.o(i.Beep_On) for Beep_On
    task.o(i.AutoStatus_Execute_Task) refers to bsp_io.o(i.Beep_Off) for Beep_Off
    task.o(i.AutoStatus_Execute_Task) refers to task.o(i.Auto_Running) for Auto_Running
    task.o(i.AutoStatus_Execute_Task) refers to chassis.o(.bss) for gChassis
    task.o(i.AutoStatus_Send_Task) refers to pps.o(i.GetWZ) for GetWZ
    task.o(i.AutoStatus_Send_Task) refers to chassis.o(i.OutputVel2Wheel_FixedC) for OutputVel2Wheel_FixedC
    task.o(i.AutoStatus_Send_Task) refers to c620.o(i.SetJoggingVel) for SetJoggingVel
    task.o(i.AutoStatus_Send_Task) refers to chassis.o(.bss) for gChassis
    task.o(i.AutoStatus_Send_Task) refers to c620.o(.bss) for C620
    task.o(i.Auto_Running) refers to pps.o(i.GetX) for GetX
    task.o(i.Auto_Running) refers to pps.o(i.GetY) for GetY
    task.o(i.Auto_Running) refers to sqrtf.o(i.__hardfp_sqrtf) for __hardfp_sqrtf
    task.o(i.Auto_Running) refers to pathfollow.o(i.JudgeSpeedLessEqual) for JudgeSpeedLessEqual
    task.o(i.Auto_Running) refers to chassis.o(i.OutputVel2Wheel_FixedC) for OutputVel2Wheel_FixedC
    task.o(i.Auto_Running) refers to pathfollow.o(i.PathFollowing) for PathFollowing
    task.o(i.Auto_Running) refers to pathfollow.o(i.JudgeStop) for JudgeStop
    task.o(i.Auto_Running) refers to f2d.o(x$fpl$f2d) for __aeabi_f2d
    task.o(i.Auto_Running) refers to fabs.o(i.__hardfp_fabs) for __hardfp_fabs
    task.o(i.Auto_Running) refers to drleqf.o(x$fpl$drleqf) for __aeabi_cdrcmple
    task.o(i.Auto_Running) refers to chassis.o(.bss) for gChassis
    task.o(i.Auto_Running) refers to task.o(.data) for judgeStopFlag
    task.o(i.Config_Task) refers to bsp_main.o(i.BSP_Init) for BSP_Init
    task.o(i.Config_Task) refers to bsp_io.o(i.Beep_On) for Beep_On
    task.o(i.Config_Task) refers to bsp_systick.o(i.Delay_ms) for Delay_ms
    task.o(i.Config_Task) refers to bsp_io.o(i.Beep_Off) for Beep_Off
    task.o(i.Config_Task) refers to pps.o(i.LocatorInit) for LocatorInit
    task.o(i.Config_Task) refers to c620.o(i.Motor_Init) for Motor_Init
    task.o(i.LostForceStatus_Send_Task) refers to c620.o(i.DisableCrl) for DisableCrl
    task.o(i.LostForceStatus_Send_Task) refers to c620.o(i.SetJoggingVel) for SetJoggingVel
    task.o(i.LostForceStatus_Send_Task) refers to c620.o(.bss) for C620
    task.o(i.RemoteStatus_Send_Task) refers to chassis.o(i.OutputVel2Wheel_FixedC) for OutputVel2Wheel_FixedC
    task.o(i.RemoteStatus_Send_Task) refers to c620.o(i.SetJoggingVel) for SetJoggingVel
    task.o(i.RemoteStatus_Send_Task) refers to chassis.o(i.OutputVel2Wheel_RigidC) for OutputVel2Wheel_RigidC
    task.o(i.RemoteStatus_Send_Task) refers to task.o(.data) for RemoteStatus
    task.o(i.RemoteStatus_Send_Task) refers to chassis.o(.bss) for gChassis
    task.o(i.RemoteStatus_Send_Task) refers to c620.o(.bss) for C620
    task.o(i.TIM2_5ms_Task) refers to task.o(i.Task_OutputVel2Wheel) for Task_OutputVel2Wheel
    task.o(i.TIM2_5ms_Task) refers to bsp_io.o(i.LED1_Toggle) for LED1_Toggle
    task.o(i.TIM2_5ms_Task) refers to task.o(.data) for Counter
    task.o(i.TIM5_10ms_Task) refers to task.o(i.Task_GetChassisStatus) for Task_GetChassisStatus
    task.o(i.TIM5_10ms_Task) refers to bsp_io.o(i.LED2_Toggle) for LED2_Toggle
    task.o(i.TIM5_10ms_Task) refers to task.o(.data) for Counter
    task.o(i.TIM5_20ms_Task) refers to bsp_io.o(i.LED3_Toggle) for LED3_Toggle
    task.o(i.TIM5_20ms_Task) refers to task.o(.data) for Counter
    task.o(i.Task_AutoVelCrl) refers to pps.o(i.GetSpeedWithoutOmega) for GetSpeedWithoutOmega
    task.o(i.Task_AutoVelCrl) refers to sqrtf.o(i.__hardfp_sqrtf) for __hardfp_sqrtf
    task.o(i.Task_AutoVelCrl) refers to atan2f.o(i.__hardfp_atan2f) for __hardfp_atan2f
    task.o(i.Task_GetChassisStatus) refers to bsp_09s.o(i.Remote_GetChanalValue) for Remote_GetChanalValue
    task.o(i.Task_GetChassisStatus) refers to task.o(i.Task_RemoteControl) for Task_RemoteControl
    task.o(i.Task_GetChassisStatus) refers to pps.o(i.GetAngle) for GetAngle
    task.o(i.Task_GetChassisStatus) refers to task.o(i.Task_AutoVelCrl) for Task_AutoVelCrl
    task.o(i.Task_GetChassisStatus) refers to task.o(.data) for ChassisStatus
    task.o(i.Task_OutputVel2Wheel) refers to task.o(i.RemoteStatus_Send_Task) for RemoteStatus_Send_Task
    task.o(i.Task_OutputVel2Wheel) refers to task.o(i.LostForceStatus_Send_Task) for LostForceStatus_Send_Task
    task.o(i.Task_OutputVel2Wheel) refers to task.o(i.AutoStatus_Send_Task) for AutoStatus_Send_Task
    task.o(i.Task_OutputVel2Wheel) refers to task.o(.data) for ChassisStatus
    task.o(i.Task_OutputVel2Wheel) refers to chassis.o(.bss) for gChassis
    task.o(i.Task_RemoteControl) refers to bsp_09s.o(i.Remote_GetChanalValue) for Remote_GetChanalValue
    task.o(i.Task_RemoteControl) refers to task.o(i.arm_sqrt_f32) for arm_sqrt_f32
    task.o(i.Task_RemoteControl) refers to atan2f.o(i.__hardfp_atan2f) for __hardfp_atan2f
    task.o(i.Task_RemoteControl) refers to task.o(.data) for RemoteStatus
    task.o(i.Task_RemoteControl) refers to chassis.o(.bss) for gChassis
    task.o(i.Task_SpeedCalculate) refers to f2d.o(x$fpl$f2d) for __aeabi_f2d
    task.o(i.Task_SpeedCalculate) refers to pow.o(i.__hardfp_pow) for __hardfp_pow
    task.o(i.Task_SpeedCalculate) refers to daddsub_clz.o(x$fpl$dadd) for __aeabi_dadd
    task.o(i.Task_SpeedCalculate) refers to sqrt.o(i.__hardfp_sqrt) for __hardfp_sqrt
    task.o(i.Task_SpeedCalculate) refers to drleqf.o(x$fpl$drleqf) for __aeabi_cdrcmple
    task.o(i.Task_SpeedCalculate) refers to algorithm.o(i.ValueInRange_f) for ValueInRange_f
    task.o(i.Task_SpeedCalculate) refers to pps.o(.bss) for LocatorInfo
    task.o(i.Task_SpeedCalculate) refers to task.o(.data) for Prev_x
    system_stm32f4xx.o(i.SystemCoreClockUpdate) refers to system_stm32f4xx.o(.data) for SystemCoreClock
    system_stm32f4xx.o(i.SystemInit) refers to system_stm32f4xx.o(i.SetSysClock) for SetSysClock
    startup_stm32f40_41xxx.o(STACK) refers (Special) to heapauxi.o(.text) for __use_two_region_memory
    startup_stm32f40_41xxx.o(HEAP) refers (Special) to heapauxi.o(.text) for __use_two_region_memory
    startup_stm32f40_41xxx.o(RESET) refers (Special) to heapauxi.o(.text) for __use_two_region_memory
    startup_stm32f40_41xxx.o(RESET) refers to startup_stm32f40_41xxx.o(STACK) for __initial_sp
    startup_stm32f40_41xxx.o(RESET) refers to startup_stm32f40_41xxx.o(.text) for Reset_Handler
    startup_stm32f40_41xxx.o(RESET) refers to stm32f4xx_it.o(i.NMI_Handler) for NMI_Handler
    startup_stm32f40_41xxx.o(RESET) refers to stm32f4xx_it.o(i.HardFault_Handler) for HardFault_Handler
    startup_stm32f40_41xxx.o(RESET) refers to stm32f4xx_it.o(i.MemManage_Handler) for MemManage_Handler
    startup_stm32f40_41xxx.o(RESET) refers to stm32f4xx_it.o(i.BusFault_Handler) for BusFault_Handler
    startup_stm32f40_41xxx.o(RESET) refers to stm32f4xx_it.o(i.UsageFault_Handler) for UsageFault_Handler
    startup_stm32f40_41xxx.o(RESET) refers to stm32f4xx_it.o(i.SVC_Handler) for SVC_Handler
    startup_stm32f40_41xxx.o(RESET) refers to stm32f4xx_it.o(i.DebugMon_Handler) for DebugMon_Handler
    startup_stm32f40_41xxx.o(RESET) refers to stm32f4xx_it.o(i.PendSV_Handler) for PendSV_Handler
    startup_stm32f40_41xxx.o(RESET) refers to stm32f4xx_it.o(i.SysTick_Handler) for SysTick_Handler
    startup_stm32f40_41xxx.o(RESET) refers to stm32f4xx_it.o(i.CAN1_TX_IRQHandler) for CAN1_TX_IRQHandler
    startup_stm32f40_41xxx.o(RESET) refers to stm32f4xx_it.o(i.CAN1_RX0_IRQHandler) for CAN1_RX0_IRQHandler
    startup_stm32f40_41xxx.o(RESET) refers to stm32f4xx_it.o(i.TIM2_IRQHandler) for TIM2_IRQHandler
    startup_stm32f40_41xxx.o(RESET) refers to stm32f4xx_it.o(i.USART1_IRQHandler) for USART1_IRQHandler
    startup_stm32f40_41xxx.o(RESET) refers to stm32f4xx_it.o(i.USART2_IRQHandler) for USART2_IRQHandler
    startup_stm32f40_41xxx.o(RESET) refers to stm32f4xx_it.o(i.USART3_IRQHandler) for USART3_IRQHandler
    startup_stm32f40_41xxx.o(RESET) refers to stm32f4xx_it.o(i.TIM5_IRQHandler) for TIM5_IRQHandler
    startup_stm32f40_41xxx.o(RESET) refers to stm32f4xx_it.o(i.CAN2_TX_IRQHandler) for CAN2_TX_IRQHandler
    startup_stm32f40_41xxx.o(RESET) refers to stm32f4xx_it.o(i.CAN2_RX0_IRQHandler) for CAN2_RX0_IRQHandler
    startup_stm32f40_41xxx.o(.text) refers (Special) to heapauxi.o(.text) for __use_two_region_memory
    startup_stm32f40_41xxx.o(.text) refers to system_stm32f4xx.o(i.SystemInit) for SystemInit
    startup_stm32f40_41xxx.o(.text) refers to __main.o(!!!main) for __main
    startup_stm32f40_41xxx.o(.text) refers to startup_stm32f40_41xxx.o(HEAP) for Heap_Mem
    startup_stm32f40_41xxx.o(.text) refers to startup_stm32f40_41xxx.o(STACK) for Stack_Mem
    stm32f4xx_can.o(i.CAN_DeInit) refers to stm32f4xx_rcc.o(i.RCC_APB1PeriphResetCmd) for RCC_APB1PeriphResetCmd
    stm32f4xx_can.o(i.CAN_GetITStatus) refers to stm32f4xx_can.o(i.CheckITStatus) for CheckITStatus
    stm32f4xx_flash.o(i.FLASH_EraseAllBank1Sectors) refers to stm32f4xx_flash.o(i.FLASH_WaitForLastOperation) for FLASH_WaitForLastOperation
    stm32f4xx_flash.o(i.FLASH_EraseAllBank2Sectors) refers to stm32f4xx_flash.o(i.FLASH_WaitForLastOperation) for FLASH_WaitForLastOperation
    stm32f4xx_flash.o(i.FLASH_EraseAllSectors) refers to stm32f4xx_flash.o(i.FLASH_WaitForLastOperation) for FLASH_WaitForLastOperation
    stm32f4xx_flash.o(i.FLASH_EraseSector) refers to stm32f4xx_flash.o(i.FLASH_WaitForLastOperation) for FLASH_WaitForLastOperation
    stm32f4xx_flash.o(i.FLASH_OB_Launch) refers to stm32f4xx_flash.o(i.FLASH_WaitForLastOperation) for FLASH_WaitForLastOperation
    stm32f4xx_flash.o(i.FLASH_OB_PCROP1Config) refers to stm32f4xx_flash.o(i.FLASH_WaitForLastOperation) for FLASH_WaitForLastOperation
    stm32f4xx_flash.o(i.FLASH_OB_PCROPConfig) refers to stm32f4xx_flash.o(i.FLASH_WaitForLastOperation) for FLASH_WaitForLastOperation
    stm32f4xx_flash.o(i.FLASH_OB_RDPConfig) refers to stm32f4xx_flash.o(i.FLASH_WaitForLastOperation) for FLASH_WaitForLastOperation
    stm32f4xx_flash.o(i.FLASH_OB_UserConfig) refers to stm32f4xx_flash.o(i.FLASH_WaitForLastOperation) for FLASH_WaitForLastOperation
    stm32f4xx_flash.o(i.FLASH_OB_WRP1Config) refers to stm32f4xx_flash.o(i.FLASH_WaitForLastOperation) for FLASH_WaitForLastOperation
    stm32f4xx_flash.o(i.FLASH_OB_WRPConfig) refers to stm32f4xx_flash.o(i.FLASH_WaitForLastOperation) for FLASH_WaitForLastOperation
    stm32f4xx_flash.o(i.FLASH_ProgramByte) refers to stm32f4xx_flash.o(i.FLASH_WaitForLastOperation) for FLASH_WaitForLastOperation
    stm32f4xx_flash.o(i.FLASH_ProgramDoubleWord) refers to stm32f4xx_flash.o(i.FLASH_WaitForLastOperation) for FLASH_WaitForLastOperation
    stm32f4xx_flash.o(i.FLASH_ProgramHalfWord) refers to stm32f4xx_flash.o(i.FLASH_WaitForLastOperation) for FLASH_WaitForLastOperation
    stm32f4xx_flash.o(i.FLASH_ProgramWord) refers to stm32f4xx_flash.o(i.FLASH_WaitForLastOperation) for FLASH_WaitForLastOperation
    stm32f4xx_flash.o(i.FLASH_WaitForLastOperation) refers to stm32f4xx_flash.o(i.FLASH_GetStatus) for FLASH_GetStatus
    stm32f4xx_fsmc.o(i.FSMC_NORSRAMStructInit) refers to stm32f4xx_fsmc.o(.constdata) for FSMC_DefaultTimingStruct
    stm32f4xx_gpio.o(i.GPIO_DeInit) refers to stm32f4xx_rcc.o(i.RCC_AHB1PeriphResetCmd) for RCC_AHB1PeriphResetCmd
    stm32f4xx_pwr.o(i.PWR_DeInit) refers to stm32f4xx_rcc.o(i.RCC_APB1PeriphResetCmd) for RCC_APB1PeriphResetCmd
    stm32f4xx_rcc.o(i.RCC_GetClocksFreq) refers to stm32f4xx_rcc.o(.data) for APBAHBPrescTable
    stm32f4xx_rcc.o(i.RCC_WaitForHSEStartUp) refers to stm32f4xx_rcc.o(i.RCC_GetFlagStatus) for RCC_GetFlagStatus
    stm32f4xx_rng.o(i.RNG_DeInit) refers to stm32f4xx_rcc.o(i.RCC_AHB2PeriphResetCmd) for RCC_AHB2PeriphResetCmd
    stm32f4xx_sdio.o(i.SDIO_DeInit) refers to stm32f4xx_rcc.o(i.RCC_APB2PeriphResetCmd) for RCC_APB2PeriphResetCmd
    stm32f4xx_syscfg.o(i.SYSCFG_DeInit) refers to stm32f4xx_rcc.o(i.RCC_APB2PeriphResetCmd) for RCC_APB2PeriphResetCmd
    stm32f4xx_tim.o(i.TIM_DeInit) refers to stm32f4xx_rcc.o(i.RCC_APB2PeriphResetCmd) for RCC_APB2PeriphResetCmd
    stm32f4xx_tim.o(i.TIM_DeInit) refers to stm32f4xx_rcc.o(i.RCC_APB1PeriphResetCmd) for RCC_APB1PeriphResetCmd
    stm32f4xx_tim.o(i.TIM_ETRClockMode1Config) refers to stm32f4xx_tim.o(i.TIM_ETRConfig) for TIM_ETRConfig
    stm32f4xx_tim.o(i.TIM_ETRClockMode2Config) refers to stm32f4xx_tim.o(i.TIM_ETRConfig) for TIM_ETRConfig
    stm32f4xx_tim.o(i.TIM_ICInit) refers to stm32f4xx_tim.o(i.TI1_Config) for TI1_Config
    stm32f4xx_tim.o(i.TIM_ICInit) refers to stm32f4xx_tim.o(i.TIM_SetIC1Prescaler) for TIM_SetIC1Prescaler
    stm32f4xx_tim.o(i.TIM_ICInit) refers to stm32f4xx_tim.o(i.TI2_Config) for TI2_Config
    stm32f4xx_tim.o(i.TIM_ICInit) refers to stm32f4xx_tim.o(i.TIM_SetIC2Prescaler) for TIM_SetIC2Prescaler
    stm32f4xx_tim.o(i.TIM_ICInit) refers to stm32f4xx_tim.o(i.TI3_Config) for TI3_Config
    stm32f4xx_tim.o(i.TIM_ICInit) refers to stm32f4xx_tim.o(i.TIM_SetIC3Prescaler) for TIM_SetIC3Prescaler
    stm32f4xx_tim.o(i.TIM_ICInit) refers to stm32f4xx_tim.o(i.TI4_Config) for TI4_Config
    stm32f4xx_tim.o(i.TIM_ICInit) refers to stm32f4xx_tim.o(i.TIM_SetIC4Prescaler) for TIM_SetIC4Prescaler
    stm32f4xx_tim.o(i.TIM_ITRxExternalClockConfig) refers to stm32f4xx_tim.o(i.TIM_SelectInputTrigger) for TIM_SelectInputTrigger
    stm32f4xx_tim.o(i.TIM_PWMIConfig) refers to stm32f4xx_tim.o(i.TI1_Config) for TI1_Config
    stm32f4xx_tim.o(i.TIM_PWMIConfig) refers to stm32f4xx_tim.o(i.TIM_SetIC1Prescaler) for TIM_SetIC1Prescaler
    stm32f4xx_tim.o(i.TIM_PWMIConfig) refers to stm32f4xx_tim.o(i.TI2_Config) for TI2_Config
    stm32f4xx_tim.o(i.TIM_PWMIConfig) refers to stm32f4xx_tim.o(i.TIM_SetIC2Prescaler) for TIM_SetIC2Prescaler
    stm32f4xx_tim.o(i.TIM_TIxExternalClockConfig) refers to stm32f4xx_tim.o(i.TI2_Config) for TI2_Config
    stm32f4xx_tim.o(i.TIM_TIxExternalClockConfig) refers to stm32f4xx_tim.o(i.TI1_Config) for TI1_Config
    stm32f4xx_tim.o(i.TIM_TIxExternalClockConfig) refers to stm32f4xx_tim.o(i.TIM_SelectInputTrigger) for TIM_SelectInputTrigger
    stm32f4xx_usart.o(i.USART_DeInit) refers to stm32f4xx_rcc.o(i.RCC_APB2PeriphResetCmd) for RCC_APB2PeriphResetCmd
    stm32f4xx_usart.o(i.USART_DeInit) refers to stm32f4xx_rcc.o(i.RCC_APB1PeriphResetCmd) for RCC_APB1PeriphResetCmd
    stm32f4xx_usart.o(i.USART_Init) refers to stm32f4xx_rcc.o(i.RCC_GetClocksFreq) for RCC_GetClocksFreq
    arm_cos_f32.o(.text) refers to arm_cos_f32.o(.constdata) for .constdata
    arm_sin_f32.o(.text) refers to arm_sin_f32.o(.constdata) for .constdata
    __main.o(!!!main) refers to __rtentry.o(.ARM.Collect$$rtentry$$00000000) for __rt_entry
    d2f.o(x$fpl$d2f) refers (Special) to usenofp.o(x$fpl$usenofp) for __I$use$fp
    d2f.o(x$fpl$d2f) refers to fretinf.o(x$fpl$fretinf) for __fpl_fretinf
    d2f.o(x$fpl$d2f) refers to dnaninf.o(x$fpl$dnaninf) for __fpl_dnaninf
    daddsub_clz.o(x$fpl$dadd) refers (Special) to usenofp.o(x$fpl$usenofp) for __I$use$fp
    daddsub_clz.o(x$fpl$dadd) refers to daddsub_clz.o(x$fpl$dsub) for _dsub1
    daddsub_clz.o(x$fpl$dadd) refers to dretinf.o(x$fpl$dretinf) for __fpl_dretinf
    daddsub_clz.o(x$fpl$dadd) refers to dnaninf.o(x$fpl$dnaninf) for __fpl_dnaninf
    daddsub_clz.o(x$fpl$drsb) refers (Special) to usenofp.o(x$fpl$usenofp) for __I$use$fp
    daddsub_clz.o(x$fpl$drsb) refers to daddsub_clz.o(x$fpl$dadd) for _dadd1
    daddsub_clz.o(x$fpl$drsb) refers to daddsub_clz.o(x$fpl$dsub) for _dsub1
    daddsub_clz.o(x$fpl$dsub) refers (Special) to usenofp.o(x$fpl$usenofp) for __I$use$fp
    daddsub_clz.o(x$fpl$dsub) refers to daddsub_clz.o(x$fpl$dadd) for _dadd1
    daddsub_clz.o(x$fpl$dsub) refers to dnaninf.o(x$fpl$dnaninf) for __fpl_dnaninf
    dleqf.o(x$fpl$dleqf) refers (Special) to usenofp.o(x$fpl$usenofp) for __I$use$fp
    dleqf.o(x$fpl$dleqf) refers to dnaninf.o(x$fpl$dnaninf) for __fpl_dnaninf
    dleqf.o(x$fpl$dleqf) refers to dcmpi.o(x$fpl$dcmpinf) for __fpl_dcmp_Inf
    drleqf.o(x$fpl$drleqf) refers (Special) to usenofp.o(x$fpl$usenofp) for __I$use$fp
    drleqf.o(x$fpl$drleqf) refers to dleqf.o(x$fpl$dleqf) for __fpl_dcmple_InfNaN
    f2d.o(x$fpl$f2d) refers (Special) to usenofp.o(x$fpl$usenofp) for __I$use$fp
    f2d.o(x$fpl$f2d) refers to fnaninf.o(x$fpl$fnaninf) for __fpl_fnaninf
    f2d.o(x$fpl$f2d) refers to dretinf.o(x$fpl$dretinf) for __fpl_dretinf
    atan2f.o(i.__hardfp_atan2f) refers (Special) to usenofp.o(x$fpl$usenofp) for __I$use$fp
    atan2f.o(i.__hardfp_atan2f) refers to fpclassifyf.o(i.__ARM_fpclassifyf) for __ARM_fpclassifyf
    atan2f.o(i.__hardfp_atan2f) refers to funder.o(i.__mathlib_flt_underflow) for __mathlib_flt_underflow
    atan2f.o(i.__hardfp_atan2f) refers to funder.o(i.__mathlib_flt_infnan2) for __mathlib_flt_infnan2
    atan2f.o(i.__softfp_atan2f) refers (Special) to usenofp.o(x$fpl$usenofp) for __I$use$fp
    atan2f.o(i.__softfp_atan2f) refers to atan2f.o(i.__hardfp_atan2f) for __hardfp_atan2f
    atan2f.o(i.atan2f) refers (Special) to usenofp.o(x$fpl$usenofp) for __I$use$fp
    atan2f.o(i.atan2f) refers to atan2f.o(i.__hardfp_atan2f) for __hardfp_atan2f
    atan2f_x.o(i.____hardfp_atan2f$lsc) refers (Special) to usenofp.o(x$fpl$usenofp) for __I$use$fp
    atan2f_x.o(i.____hardfp_atan2f$lsc) refers to funder.o(i.__mathlib_flt_infnan2) for __mathlib_flt_infnan2
    atan2f_x.o(i.____hardfp_atan2f$lsc) refers to _rserrno.o(.text) for __set_errno
    atan2f_x.o(i.____softfp_atan2f$lsc) refers (Special) to usenofp.o(x$fpl$usenofp) for __I$use$fp
    atan2f_x.o(i.____softfp_atan2f$lsc) refers to atan2f_x.o(i.____hardfp_atan2f$lsc) for ____hardfp_atan2f$lsc
    atan2f_x.o(i.__atan2f$lsc) refers (Special) to usenofp.o(x$fpl$usenofp) for __I$use$fp
    atan2f_x.o(i.__atan2f$lsc) refers to atan2f_x.o(i.____hardfp_atan2f$lsc) for ____hardfp_atan2f$lsc
    cosf.o(i.__hardfp_cosf) refers (Special) to usenofp.o(x$fpl$usenofp) for __I$use$fp
    cosf.o(i.__hardfp_cosf) refers to rredf.o(i.__mathlib_rredf2) for __mathlib_rredf2
    cosf.o(i.__hardfp_cosf) refers to _rserrno.o(.text) for __set_errno
    cosf.o(i.__hardfp_cosf) refers to funder.o(i.__mathlib_flt_invalid) for __mathlib_flt_invalid
    cosf.o(i.__hardfp_cosf) refers to funder.o(i.__mathlib_flt_infnan) for __mathlib_flt_infnan
    cosf.o(i.__softfp_cosf) refers (Special) to usenofp.o(x$fpl$usenofp) for __I$use$fp
    cosf.o(i.__softfp_cosf) refers to cosf.o(i.__hardfp_cosf) for __hardfp_cosf
    cosf.o(i.cosf) refers (Special) to usenofp.o(x$fpl$usenofp) for __I$use$fp
    cosf.o(i.cosf) refers to cosf.o(i.__hardfp_cosf) for __hardfp_cosf
    cosf_x.o(i.____hardfp_cosf$lsc) refers (Special) to usenofp.o(x$fpl$usenofp) for __I$use$fp
    cosf_x.o(i.____hardfp_cosf$lsc) refers to rredf.o(i.__mathlib_rredf2) for __mathlib_rredf2
    cosf_x.o(i.____hardfp_cosf$lsc) refers to _rserrno.o(.text) for __set_errno
    cosf_x.o(i.____hardfp_cosf$lsc) refers to funder.o(i.__mathlib_flt_infnan) for __mathlib_flt_infnan
    cosf_x.o(i.____softfp_cosf$lsc) refers (Special) to usenofp.o(x$fpl$usenofp) for __I$use$fp
    cosf_x.o(i.____softfp_cosf$lsc) refers to cosf_x.o(i.____hardfp_cosf$lsc) for ____hardfp_cosf$lsc
    cosf_x.o(i.__cosf$lsc) refers (Special) to usenofp.o(x$fpl$usenofp) for __I$use$fp
    cosf_x.o(i.__cosf$lsc) refers to cosf_x.o(i.____hardfp_cosf$lsc) for ____hardfp_cosf$lsc
    fabs.o(i.__hardfp_fabs) refers (Special) to usenofp.o(x$fpl$usenofp) for __I$use$fp
    fabs.o(i.__softfp_fabs) refers (Special) to usenofp.o(x$fpl$usenofp) for __I$use$fp
    fabs.o(i.fabs) refers (Special) to usenofp.o(x$fpl$usenofp) for __I$use$fp
    pow.o(i.__hardfp_pow) refers (Special) to usenofp.o(x$fpl$usenofp) for __I$use$fp
    pow.o(i.__hardfp_pow) refers to dunder.o(i.__mathlib_dbl_infnan2) for __mathlib_dbl_infnan2
    pow.o(i.__hardfp_pow) refers to _rserrno.o(.text) for __set_errno
    pow.o(i.__hardfp_pow) refers to dunder.o(i.__mathlib_dbl_divzero) for __mathlib_dbl_divzero
    pow.o(i.__hardfp_pow) refers to basic.o(x$fpl$basic) for __aeabi_dneg
    pow.o(i.__hardfp_pow) refers to dunder.o(i.__mathlib_dbl_overflow) for __mathlib_dbl_overflow
    pow.o(i.__hardfp_pow) refers to ddiv.o(x$fpl$ddiv) for __aeabi_ddiv
    pow.o(i.__hardfp_pow) refers to sqrt.o(i.sqrt) for sqrt
    pow.o(i.__hardfp_pow) refers to fabs.o(i.fabs) for fabs
    pow.o(i.__hardfp_pow) refers to dflt_clz.o(x$fpl$dflt) for __aeabi_i2d
    pow.o(i.__hardfp_pow) refers to dunder.o(i.__mathlib_dbl_invalid) for __mathlib_dbl_invalid
    pow.o(i.__hardfp_pow) refers to dmul.o(x$fpl$dmul) for __aeabi_dmul
    pow.o(i.__hardfp_pow) refers to dunder.o(i.__mathlib_dbl_underflow) for __mathlib_dbl_underflow
    pow.o(i.__hardfp_pow) refers to daddsub_clz.o(x$fpl$dsub) for __aeabi_dsub
    pow.o(i.__hardfp_pow) refers to daddsub_clz.o(x$fpl$drsb) for __aeabi_drsub
    pow.o(i.__hardfp_pow) refers to qnan.o(.constdata) for __mathlib_zero
    pow.o(i.__hardfp_pow) refers to daddsub_clz.o(x$fpl$dadd) for __aeabi_dadd
    pow.o(i.__hardfp_pow) refers to poly.o(i.__kernel_poly) for __kernel_poly
    pow.o(i.__hardfp_pow) refers to pow.o(.constdata) for .constdata
    pow.o(i.__hardfp_pow) refers to drleqf.o(x$fpl$drleqf) for __aeabi_cdrcmple
    pow.o(i.__hardfp_pow) refers to scalbn.o(x$fpl$scalbn) for __ARM_scalbn
    pow.o(i.__hardfp_pow) refers to fpclassify.o(i.__ARM_fpclassify) for __ARM_fpclassify
    pow.o(i.__softfp_pow) refers (Special) to usenofp.o(x$fpl$usenofp) for __I$use$fp
    pow.o(i.__softfp_pow) refers to pow.o(i.__hardfp_pow) for __hardfp_pow
    pow.o(i.pow) refers (Special) to usenofp.o(x$fpl$usenofp) for __I$use$fp
    pow.o(i.pow) refers to pow.o(i.__hardfp_pow) for __hardfp_pow
    pow.o(.constdata) refers (Special) to usenofp.o(x$fpl$usenofp) for __I$use$fp
    pow_x.o(i.____hardfp_pow$lsc) refers (Special) to usenofp.o(x$fpl$usenofp) for __I$use$fp
    pow_x.o(i.____hardfp_pow$lsc) refers to dunder.o(i.__mathlib_dbl_infnan2) for __mathlib_dbl_infnan2
    pow_x.o(i.____hardfp_pow$lsc) refers to _rserrno.o(.text) for __set_errno
    pow_x.o(i.____hardfp_pow$lsc) refers to basic.o(x$fpl$basic) for __aeabi_dneg
    pow_x.o(i.____hardfp_pow$lsc) refers to ddiv.o(x$fpl$ddiv) for __aeabi_ddiv
    pow_x.o(i.____hardfp_pow$lsc) refers to sqrt.o(i.sqrt) for sqrt
    pow_x.o(i.____hardfp_pow$lsc) refers to fabs.o(i.fabs) for fabs
    pow_x.o(i.____hardfp_pow$lsc) refers to dflt_clz.o(x$fpl$dflt) for __aeabi_i2d
    pow_x.o(i.____hardfp_pow$lsc) refers to dmul.o(x$fpl$dmul) for __aeabi_dmul
    pow_x.o(i.____hardfp_pow$lsc) refers to daddsub_clz.o(x$fpl$dsub) for __aeabi_dsub
    pow_x.o(i.____hardfp_pow$lsc) refers to daddsub_clz.o(x$fpl$drsb) for __aeabi_drsub
    pow_x.o(i.____hardfp_pow$lsc) refers to qnan.o(.constdata) for __mathlib_zero
    pow_x.o(i.____hardfp_pow$lsc) refers to daddsub_clz.o(x$fpl$dadd) for __aeabi_dadd
    pow_x.o(i.____hardfp_pow$lsc) refers to poly.o(i.__kernel_poly) for __kernel_poly
    pow_x.o(i.____hardfp_pow$lsc) refers to pow_x.o(.constdata) for .constdata
    pow_x.o(i.____hardfp_pow$lsc) refers to drleqf.o(x$fpl$drleqf) for __aeabi_cdrcmple
    pow_x.o(i.____hardfp_pow$lsc) refers to scalbn.o(x$fpl$scalbn) for __ARM_scalbn
    pow_x.o(i.____softfp_pow$lsc) refers (Special) to usenofp.o(x$fpl$usenofp) for __I$use$fp
    pow_x.o(i.____softfp_pow$lsc) refers to pow_x.o(i.____hardfp_pow$lsc) for ____hardfp_pow$lsc
    pow_x.o(i.__pow$lsc) refers (Special) to usenofp.o(x$fpl$usenofp) for __I$use$fp
    pow_x.o(i.__pow$lsc) refers to pow_x.o(i.____hardfp_pow$lsc) for ____hardfp_pow$lsc
    pow_x.o(.constdata) refers (Special) to usenofp.o(x$fpl$usenofp) for __I$use$fp
    sinf.o(i.__hardfp_sinf) refers (Special) to usenofp.o(x$fpl$usenofp) for __I$use$fp
    sinf.o(i.__hardfp_sinf) refers to rredf.o(i.__mathlib_rredf2) for __mathlib_rredf2
    sinf.o(i.__hardfp_sinf) refers to fpclassifyf.o(i.__ARM_fpclassifyf) for __ARM_fpclassifyf
    sinf.o(i.__hardfp_sinf) refers to funder.o(i.__mathlib_flt_underflow) for __mathlib_flt_underflow
    sinf.o(i.__hardfp_sinf) refers to _rserrno.o(.text) for __set_errno
    sinf.o(i.__hardfp_sinf) refers to funder.o(i.__mathlib_flt_invalid) for __mathlib_flt_invalid
    sinf.o(i.__hardfp_sinf) refers to funder.o(i.__mathlib_flt_infnan) for __mathlib_flt_infnan
    sinf.o(i.__softfp_sinf) refers (Special) to usenofp.o(x$fpl$usenofp) for __I$use$fp
    sinf.o(i.__softfp_sinf) refers to sinf.o(i.__hardfp_sinf) for __hardfp_sinf
    sinf.o(i.sinf) refers (Special) to usenofp.o(x$fpl$usenofp) for __I$use$fp
    sinf.o(i.sinf) refers to sinf.o(i.__hardfp_sinf) for __hardfp_sinf
    sinf_x.o(i.____hardfp_sinf$lsc) refers (Special) to usenofp.o(x$fpl$usenofp) for __I$use$fp
    sinf_x.o(i.____hardfp_sinf$lsc) refers to rredf.o(i.__mathlib_rredf2) for __mathlib_rredf2
    sinf_x.o(i.____hardfp_sinf$lsc) refers to _rserrno.o(.text) for __set_errno
    sinf_x.o(i.____hardfp_sinf$lsc) refers to funder.o(i.__mathlib_flt_infnan) for __mathlib_flt_infnan
    sinf_x.o(i.____softfp_sinf$lsc) refers (Special) to usenofp.o(x$fpl$usenofp) for __I$use$fp
    sinf_x.o(i.____softfp_sinf$lsc) refers to sinf_x.o(i.____hardfp_sinf$lsc) for ____hardfp_sinf$lsc
    sinf_x.o(i.__sinf$lsc) refers (Special) to usenofp.o(x$fpl$usenofp) for __I$use$fp
    sinf_x.o(i.__sinf$lsc) refers to sinf_x.o(i.____hardfp_sinf$lsc) for ____hardfp_sinf$lsc
    sqrt.o(i.__hardfp_sqrt) refers (Special) to usenofp.o(x$fpl$usenofp) for __I$use$fp
    sqrt.o(i.__hardfp_sqrt) refers to dsqrt_umaal.o(x$fpl$dsqrt) for _dsqrt
    sqrt.o(i.__hardfp_sqrt) refers to _rserrno.o(.text) for __set_errno
    sqrt.o(i.__softfp_sqrt) refers (Special) to usenofp.o(x$fpl$usenofp) for __I$use$fp
    sqrt.o(i.__softfp_sqrt) refers to dsqrt_umaal.o(x$fpl$dsqrt) for _dsqrt
    sqrt.o(i.__softfp_sqrt) refers to _rserrno.o(.text) for __set_errno
    sqrt.o(i.sqrt) refers (Special) to usenofp.o(x$fpl$usenofp) for __I$use$fp
    sqrt.o(i.sqrt) refers to dsqrt_umaal.o(x$fpl$dsqrt) for _dsqrt
    sqrt.o(i.sqrt) refers to _rserrno.o(.text) for __set_errno
    sqrt_x.o(i.____hardfp_sqrt$lsc) refers (Special) to usenofp.o(x$fpl$usenofp) for __I$use$fp
    sqrt_x.o(i.____hardfp_sqrt$lsc) refers to dleqf.o(x$fpl$dleqf) for __aeabi_cdcmple
    sqrt_x.o(i.____hardfp_sqrt$lsc) refers to _rserrno.o(.text) for __set_errno
    sqrt_x.o(i.____hardfp_sqrt$lsc) refers to dsqrt_umaal.o(x$fpl$dsqrt) for _dsqrt
    sqrt_x.o(i.____softfp_sqrt$lsc) refers (Special) to usenofp.o(x$fpl$usenofp) for __I$use$fp
    sqrt_x.o(i.____softfp_sqrt$lsc) refers to dleqf.o(x$fpl$dleqf) for __aeabi_cdcmple
    sqrt_x.o(i.____softfp_sqrt$lsc) refers to _rserrno.o(.text) for __set_errno
    sqrt_x.o(i.____softfp_sqrt$lsc) refers to dsqrt_umaal.o(x$fpl$dsqrt) for _dsqrt
    sqrt_x.o(i.__sqrt$lsc) refers (Special) to usenofp.o(x$fpl$usenofp) for __I$use$fp
    sqrt_x.o(i.__sqrt$lsc) refers to dleqf.o(x$fpl$dleqf) for __aeabi_cdcmple
    sqrt_x.o(i.__sqrt$lsc) refers to _rserrno.o(.text) for __set_errno
    sqrt_x.o(i.__sqrt$lsc) refers to dsqrt_umaal.o(x$fpl$dsqrt) for _dsqrt
    sqrtf.o(i.__hardfp_sqrtf) refers (Special) to usenofp.o(x$fpl$usenofp) for __I$use$fp
    sqrtf.o(i.__hardfp_sqrtf) refers to _rserrno.o(.text) for __set_errno
    sqrtf.o(i.__softfp_sqrtf) refers (Special) to usenofp.o(x$fpl$usenofp) for __I$use$fp
    sqrtf.o(i.__softfp_sqrtf) refers to _rserrno.o(.text) for __set_errno
    sqrtf.o(i.sqrtf) refers (Special) to usenofp.o(x$fpl$usenofp) for __I$use$fp
    sqrtf.o(i.sqrtf) refers to _rserrno.o(.text) for __set_errno
    sqrtf_x.o(i.____hardfp_sqrtf$lsc) refers (Special) to usenofp.o(x$fpl$usenofp) for __I$use$fp
    sqrtf_x.o(i.____hardfp_sqrtf$lsc) refers to _rserrno.o(.text) for __set_errno
    sqrtf_x.o(i.____softfp_sqrtf$lsc) refers (Special) to usenofp.o(x$fpl$usenofp) for __I$use$fp
    sqrtf_x.o(i.____softfp_sqrtf$lsc) refers to _rserrno.o(.text) for __set_errno
    sqrtf_x.o(i.__sqrtf$lsc) refers (Special) to usenofp.o(x$fpl$usenofp) for __I$use$fp
    sqrtf_x.o(i.__sqrtf$lsc) refers to _rserrno.o(.text) for __set_errno
    __rtentry.o(.ARM.Collect$$rtentry$$00000000) refers (Special) to __rtentry2.o(.ARM.Collect$$rtentry$$0000000A) for __rt_entry_li
    __rtentry.o(.ARM.Collect$$rtentry$$00000000) refers (Special) to __rtentry2.o(.ARM.Collect$$rtentry$$0000000D) for __rt_entry_main
    __rtentry.o(.ARM.Collect$$rtentry$$00000000) refers (Special) to __rtentry2.o(.ARM.Collect$$rtentry$$0000000C) for __rt_entry_postli_1
    __rtentry.o(.ARM.Collect$$rtentry$$00000000) refers (Special) to __rtentry2.o(.ARM.Collect$$rtentry$$00000009) for __rt_entry_postsh_1
    __rtentry.o(.ARM.Collect$$rtentry$$00000000) refers (Special) to __rtentry2.o(.ARM.Collect$$rtentry$$00000002) for __rt_entry_presh_1
    __rtentry.o(.ARM.Collect$$rtentry$$00000000) refers (Special) to __rtentry4.o(.ARM.Collect$$rtentry$$00000004) for __rt_entry_sh
    _rserrno.o(.text) refers to rt_errno_addr_intlibspace.o(.text) for __aeabi_errno_addr
    basic.o(x$fpl$basic) refers (Special) to usenofp.o(x$fpl$usenofp) for __I$use$fp
    dcmpi.o(x$fpl$dcmpinf) refers (Special) to usenofp.o(x$fpl$usenofp) for __I$use$fp
    ddiv.o(x$fpl$drdiv) refers (Special) to usenofp.o(x$fpl$usenofp) for __I$use$fp
    ddiv.o(x$fpl$drdiv) refers to ddiv.o(x$fpl$ddiv) for ddiv_entry
    ddiv.o(x$fpl$ddiv) refers (Special) to usenofp.o(x$fpl$usenofp) for __I$use$fp
    ddiv.o(x$fpl$ddiv) refers to dretinf.o(x$fpl$dretinf) for __fpl_dretinf
    ddiv.o(x$fpl$ddiv) refers to dnaninf.o(x$fpl$dnaninf) for __fpl_dnaninf
    dflt_clz.o(x$fpl$dfltu) refers (Special) to usenofp.o(x$fpl$usenofp) for __I$use$fp
    dflt_clz.o(x$fpl$dflt) refers (Special) to usenofp.o(x$fpl$usenofp) for __I$use$fp
    dflt_clz.o(x$fpl$dfltn) refers (Special) to usenofp.o(x$fpl$usenofp) for __I$use$fp
    dmul.o(x$fpl$dmul) refers (Special) to usenofp.o(x$fpl$usenofp) for __I$use$fp
    dmul.o(x$fpl$dmul) refers to dretinf.o(x$fpl$dretinf) for __fpl_dretinf
    dmul.o(x$fpl$dmul) refers to dnaninf.o(x$fpl$dnaninf) for __fpl_dnaninf
    dnaninf.o(x$fpl$dnaninf) refers (Special) to usenofp.o(x$fpl$usenofp) for __I$use$fp
    dretinf.o(x$fpl$dretinf) refers (Special) to usenofp.o(x$fpl$usenofp) for __I$use$fp
    dsqrt_umaal.o(x$fpl$dsqrt) refers (Special) to usenofp.o(x$fpl$usenofp) for __I$use$fp
    dsqrt_umaal.o(x$fpl$dsqrt) refers to dnaninf.o(x$fpl$dnaninf) for __fpl_dnaninf
    fnaninf.o(x$fpl$fnaninf) refers (Special) to usenofp.o(x$fpl$usenofp) for __I$use$fp
    fretinf.o(x$fpl$fretinf) refers (Special) to usenofp.o(x$fpl$usenofp) for __I$use$fp
    scalbn.o(x$fpl$scalbn) refers (Special) to usenofp.o(x$fpl$usenofp) for __I$use$fp
    scalbn.o(x$fpl$scalbn) refers to dcheck1.o(x$fpl$dcheck1) for __fpl_dcheck_NaN1
    dunder.o(i.__mathlib_dbl_divzero) refers to ddiv.o(x$fpl$ddiv) for __aeabi_ddiv
    dunder.o(i.__mathlib_dbl_infnan) refers to daddsub_clz.o(x$fpl$dadd) for __aeabi_dadd
    dunder.o(i.__mathlib_dbl_infnan2) refers to daddsub_clz.o(x$fpl$dadd) for __aeabi_dadd
    dunder.o(i.__mathlib_dbl_invalid) refers to ddiv.o(x$fpl$ddiv) for __aeabi_ddiv
    dunder.o(i.__mathlib_dbl_overflow) refers to dmul.o(x$fpl$dmul) for __aeabi_dmul
    dunder.o(i.__mathlib_dbl_posinfnan) refers to dmul.o(x$fpl$dmul) for __aeabi_dmul
    dunder.o(i.__mathlib_dbl_underflow) refers to dmul.o(x$fpl$dmul) for __aeabi_dmul
    fpclassify.o(i.__ARM_fpclassify) refers (Special) to usenofp.o(x$fpl$usenofp) for __I$use$fp
    fpclassifyf.o(i.__ARM_fpclassifyf) refers (Special) to usenofp.o(x$fpl$usenofp) for __I$use$fp
    poly.o(i.__kernel_poly) refers (Special) to usenofp.o(x$fpl$usenofp) for __I$use$fp
    poly.o(i.__kernel_poly) refers to dmul.o(x$fpl$dmul) for __aeabi_dmul
    poly.o(i.__kernel_poly) refers to daddsub_clz.o(x$fpl$dadd) for __aeabi_dadd
    qnan.o(.constdata) refers (Special) to usenofp.o(x$fpl$usenofp) for __I$use$fp
    rredf.o(i.__mathlib_rredf2) refers (Special) to usenofp.o(x$fpl$usenofp) for __I$use$fp
    rredf.o(i.__mathlib_rredf2) refers to rredf.o(.constdata) for .constdata
    rredf.o(.constdata) refers (Special) to usenofp.o(x$fpl$usenofp) for __I$use$fp
    __rtentry2.o(.ARM.Collect$$rtentry$$00000008) refers to boardinit2.o(.text) for _platform_post_stackheap_init
    __rtentry2.o(.ARM.Collect$$rtentry$$0000000A) refers to libinit.o(.ARM.Collect$$libinit$$00000000) for __rt_lib_init
    __rtentry2.o(.ARM.Collect$$rtentry$$0000000B) refers to boardinit3.o(.text) for _platform_post_lib_init
    __rtentry2.o(.ARM.Collect$$rtentry$$0000000D) refers to main.o(i.main) for main
    __rtentry2.o(.ARM.Collect$$rtentry$$0000000D) refers to exit.o(.text) for exit
    __rtentry2.o(.ARM.exidx) refers to __rtentry2.o(.ARM.Collect$$rtentry$$00000001) for .ARM.Collect$$rtentry$$00000001
    __rtentry2.o(.ARM.exidx) refers to __rtentry2.o(.ARM.Collect$$rtentry$$00000008) for .ARM.Collect$$rtentry$$00000008
    __rtentry2.o(.ARM.exidx) refers to __rtentry2.o(.ARM.Collect$$rtentry$$0000000A) for .ARM.Collect$$rtentry$$0000000A
    __rtentry2.o(.ARM.exidx) refers to __rtentry2.o(.ARM.Collect$$rtentry$$0000000B) for .ARM.Collect$$rtentry$$0000000B
    __rtentry2.o(.ARM.exidx) refers to __rtentry2.o(.ARM.Collect$$rtentry$$0000000D) for .ARM.Collect$$rtentry$$0000000D
    __rtentry4.o(.ARM.Collect$$rtentry$$00000004) refers to sys_stackheap_outer.o(.text) for __user_setup_stackheap
    __rtentry4.o(.ARM.exidx) refers to __rtentry4.o(.ARM.Collect$$rtentry$$00000004) for .ARM.Collect$$rtentry$$00000004
    rt_errno_addr.o(.text) refers to rt_errno_addr.o(.bss) for __aeabi_errno_addr_data
    rt_errno_addr_intlibspace.o(.text) refers to libspace.o(.bss) for __libspace_start
    dcheck1.o(x$fpl$dcheck1) refers (Special) to usenofp.o(x$fpl$usenofp) for __I$use$fp
    dcheck1.o(x$fpl$dcheck1) refers to retnan.o(x$fpl$retnan) for __fpl_return_NaN
    libspace.o(.text) refers to libspace.o(.bss) for __libspace_start
    sys_stackheap_outer.o(.text) refers to libspace.o(.text) for __user_perproc_libspace
    sys_stackheap_outer.o(.text) refers to startup_stm32f40_41xxx.o(.text) for __user_initial_stackheap
    exit.o(.text) refers to rtexit.o(.ARM.Collect$$rtexit$$00000000) for __rt_exit
    libinit.o(.ARM.Collect$$libinit$$00000000) refers (Special) to libinit2.o(.ARM.Collect$$libinit$$0000002E) for __rt_lib_init_alloca_1
    libinit.o(.ARM.Collect$$libinit$$00000000) refers (Special) to libinit2.o(.ARM.Collect$$libinit$$0000002C) for __rt_lib_init_argv_1
    libinit.o(.ARM.Collect$$libinit$$00000000) refers (Special) to libinit2.o(.ARM.Collect$$libinit$$0000001B) for __rt_lib_init_atexit_1
    libinit.o(.ARM.Collect$$libinit$$00000000) refers (Special) to libinit2.o(.ARM.Collect$$libinit$$00000021) for __rt_lib_init_clock_1
    libinit.o(.ARM.Collect$$libinit$$00000000) refers (Special) to libinit2.o(.ARM.Collect$$libinit$$00000032) for __rt_lib_init_cpp_1
    libinit.o(.ARM.Collect$$libinit$$00000000) refers (Special) to libinit2.o(.ARM.Collect$$libinit$$00000030) for __rt_lib_init_exceptions_1
    libinit.o(.ARM.Collect$$libinit$$00000000) refers (Special) to libinit2.o(.ARM.Collect$$libinit$$00000001) for __rt_lib_init_fp_1
    libinit.o(.ARM.Collect$$libinit$$00000000) refers (Special) to libinit2.o(.ARM.Collect$$libinit$$0000001F) for __rt_lib_init_fp_trap_1
    libinit.o(.ARM.Collect$$libinit$$00000000) refers (Special) to libinit2.o(.ARM.Collect$$libinit$$00000023) for __rt_lib_init_getenv_1
    libinit.o(.ARM.Collect$$libinit$$00000000) refers (Special) to libinit2.o(.ARM.Collect$$libinit$$0000000A) for __rt_lib_init_heap_1
    libinit.o(.ARM.Collect$$libinit$$00000000) refers (Special) to libinit2.o(.ARM.Collect$$libinit$$00000011) for __rt_lib_init_lc_collate_1
    libinit.o(.ARM.Collect$$libinit$$00000000) refers (Special) to libinit2.o(.ARM.Collect$$libinit$$00000013) for __rt_lib_init_lc_ctype_1
    libinit.o(.ARM.Collect$$libinit$$00000000) refers (Special) to libinit2.o(.ARM.Collect$$libinit$$00000015) for __rt_lib_init_lc_monetary_1
    libinit.o(.ARM.Collect$$libinit$$00000000) refers (Special) to libinit2.o(.ARM.Collect$$libinit$$00000017) for __rt_lib_init_lc_numeric_1
    libinit.o(.ARM.Collect$$libinit$$00000000) refers (Special) to libinit2.o(.ARM.Collect$$libinit$$00000019) for __rt_lib_init_lc_time_1
    libinit.o(.ARM.Collect$$libinit$$00000000) refers (Special) to libinit2.o(.ARM.Collect$$libinit$$00000004) for __rt_lib_init_preinit_1
    libinit.o(.ARM.Collect$$libinit$$00000000) refers (Special) to libinit2.o(.ARM.Collect$$libinit$$0000000E) for __rt_lib_init_rand_1
    libinit.o(.ARM.Collect$$libinit$$00000000) refers (Special) to libinit2.o(.ARM.Collect$$libinit$$00000033) for __rt_lib_init_return
    libinit.o(.ARM.Collect$$libinit$$00000000) refers (Special) to libinit2.o(.ARM.Collect$$libinit$$0000001D) for __rt_lib_init_signal_1
    libinit.o(.ARM.Collect$$libinit$$00000000) refers (Special) to libinit2.o(.ARM.Collect$$libinit$$00000025) for __rt_lib_init_stdio_1
    libinit.o(.ARM.Collect$$libinit$$00000000) refers (Special) to libinit2.o(.ARM.Collect$$libinit$$0000000C) for __rt_lib_init_user_alloc_1
    retnan.o(x$fpl$retnan) refers (Special) to usenofp.o(x$fpl$usenofp) for __I$use$fp
    retnan.o(x$fpl$retnan) refers to trapv.o(x$fpl$trapveneer) for __fpl_cmpreturn
    rtexit.o(.ARM.Collect$$rtexit$$00000000) refers (Special) to rtexit2.o(.ARM.Collect$$rtexit$$00000004) for __rt_exit_exit
    rtexit.o(.ARM.Collect$$rtexit$$00000000) refers (Special) to rtexit2.o(.ARM.Collect$$rtexit$$00000003) for __rt_exit_ls
    rtexit.o(.ARM.Collect$$rtexit$$00000000) refers (Special) to rtexit2.o(.ARM.Collect$$rtexit$$00000002) for __rt_exit_prels_1
    rtexit.o(.ARM.exidx) refers (Special) to rtexit2.o(.ARM.Collect$$rtexit$$00000004) for __rt_exit_exit
    rtexit.o(.ARM.exidx) refers (Special) to rtexit2.o(.ARM.Collect$$rtexit$$00000003) for __rt_exit_ls
    rtexit.o(.ARM.exidx) refers (Special) to rtexit2.o(.ARM.Collect$$rtexit$$00000002) for __rt_exit_prels_1
    rtexit.o(.ARM.exidx) refers to rtexit.o(.ARM.Collect$$rtexit$$00000000) for .ARM.Collect$$rtexit$$00000000
    libinit2.o(.ARM.Collect$$libinit$$00000001) refers to fpinit.o(x$fpl$fpinit) for _fp_init
    libinit2.o(.ARM.Collect$$libinit$$00000010) refers to libinit2.o(.ARM.Collect$$libinit$$0000000F) for .ARM.Collect$$libinit$$0000000F
    libinit2.o(.ARM.Collect$$libinit$$00000012) refers to libinit2.o(.ARM.Collect$$libinit$$0000000F) for .ARM.Collect$$libinit$$0000000F
    libinit2.o(.ARM.Collect$$libinit$$00000014) refers to libinit2.o(.ARM.Collect$$libinit$$0000000F) for .ARM.Collect$$libinit$$0000000F
    libinit2.o(.ARM.Collect$$libinit$$00000016) refers to libinit2.o(.ARM.Collect$$libinit$$0000000F) for .ARM.Collect$$libinit$$0000000F
    libinit2.o(.ARM.Collect$$libinit$$00000018) refers to libinit2.o(.ARM.Collect$$libinit$$0000000F) for .ARM.Collect$$libinit$$0000000F
    libinit2.o(.ARM.Collect$$libinit$$00000026) refers to argv_veneer.o(.emb_text) for __ARM_argv_veneer
    libinit2.o(.ARM.Collect$$libinit$$00000027) refers to argv_veneer.o(.emb_text) for __ARM_argv_veneer
    trapv.o(x$fpl$trapveneer) refers (Special) to usenofp.o(x$fpl$usenofp) for __I$use$fp
    rtexit2.o(.ARM.Collect$$rtexit$$00000003) refers to libshutdown.o(.ARM.Collect$$libshutdown$$00000000) for __rt_lib_shutdown
    rtexit2.o(.ARM.Collect$$rtexit$$00000004) refers to sys_exit.o(.text) for _sys_exit
    rtexit2.o(.ARM.exidx) refers to rtexit2.o(.ARM.Collect$$rtexit$$00000001) for .ARM.Collect$$rtexit$$00000001
    rtexit2.o(.ARM.exidx) refers to rtexit2.o(.ARM.Collect$$rtexit$$00000003) for .ARM.Collect$$rtexit$$00000003
    rtexit2.o(.ARM.exidx) refers to rtexit2.o(.ARM.Collect$$rtexit$$00000004) for .ARM.Collect$$rtexit$$00000004
    argv_veneer.o(.emb_text) refers to no_argv.o(.text) for __ARM_get_argv
    sys_exit.o(.text) refers (Special) to use_no_semi.o(.text) for __I$use$semihosting
    sys_exit.o(.text) refers (Special) to indicate_semi.o(.text) for __semihosting_library_function
    _get_argv_nomalloc.o(.text) refers (Special) to hrguard.o(.text) for __heap_region$guard
    _get_argv_nomalloc.o(.text) refers to defsig_rtmem_outer.o(.text) for __rt_SIGRTMEM
    _get_argv_nomalloc.o(.text) refers to sys_command.o(.text) for _sys_command_string
    libshutdown.o(.ARM.Collect$$libshutdown$$00000000) refers (Special) to libshutdown2.o(.ARM.Collect$$libshutdown$$00000002) for __rt_lib_shutdown_cpp_1
    libshutdown.o(.ARM.Collect$$libshutdown$$00000000) refers (Special) to libshutdown2.o(.ARM.Collect$$libshutdown$$00000007) for __rt_lib_shutdown_fp_trap_1
    libshutdown.o(.ARM.Collect$$libshutdown$$00000000) refers (Special) to libshutdown2.o(.ARM.Collect$$libshutdown$$0000000F) for __rt_lib_shutdown_heap_1
    libshutdown.o(.ARM.Collect$$libshutdown$$00000000) refers (Special) to libshutdown2.o(.ARM.Collect$$libshutdown$$00000010) for __rt_lib_shutdown_return
    libshutdown.o(.ARM.Collect$$libshutdown$$00000000) refers (Special) to libshutdown2.o(.ARM.Collect$$libshutdown$$0000000A) for __rt_lib_shutdown_signal_1
    libshutdown.o(.ARM.Collect$$libshutdown$$00000000) refers (Special) to libshutdown2.o(.ARM.Collect$$libshutdown$$00000004) for __rt_lib_shutdown_stdio_1
    libshutdown.o(.ARM.Collect$$libshutdown$$00000000) refers (Special) to libshutdown2.o(.ARM.Collect$$libshutdown$$0000000C) for __rt_lib_shutdown_user_alloc_1
    sys_command.o(.text) refers (Special) to use_no_semi.o(.text) for __I$use$semihosting
    sys_command.o(.text) refers (Special) to indicate_semi.o(.text) for __semihosting_library_function
    defsig_rtmem_outer.o(.text) refers to defsig_rtmem_inner.o(.text) for __rt_SIGRTMEM_inner
    defsig_rtmem_outer.o(.text) refers to defsig_exit.o(.text) for __sig_exit
    defsig_rtmem_formal.o(.text) refers to rt_raise.o(.text) for __rt_raise
    rt_raise.o(.text) refers to __raise.o(.text) for __raise
    rt_raise.o(.text) refers to sys_exit.o(.text) for _sys_exit
    defsig_exit.o(.text) refers to sys_exit.o(.text) for _sys_exit
    defsig_rtmem_inner.o(.text) refers to defsig_general.o(.text) for __default_signal_display
    __raise.o(.text) refers to defsig.o(CL$$defsig) for __default_signal_handler
    defsig_general.o(.text) refers to sys_wrch.o(.text) for _ttywrch
    sys_wrch.o(.text) refers (Special) to use_no_semi.o(.text) for __I$use$semihosting
    sys_wrch.o(.text) refers (Special) to indicate_semi.o(.text) for __semihosting_library_function
    defsig.o(CL$$defsig) refers to defsig_rtmem_inner.o(.text) for __rt_SIGRTMEM_inner
    defsig_abrt_inner.o(.text) refers to defsig_general.o(.text) for __default_signal_display
    defsig_fpe_inner.o(.text) refers to defsig_general.o(.text) for __default_signal_display
    defsig_rtred_inner.o(.text) refers to defsig_general.o(.text) for __default_signal_display
    defsig_stak_inner.o(.text) refers to defsig_general.o(.text) for __default_signal_display
    defsig_pvfn_inner.o(.text) refers to defsig_general.o(.text) for __default_signal_display
    defsig_cppl_inner.o(.text) refers to defsig_general.o(.text) for __default_signal_display
    defsig_segv_inner.o(.text) refers to defsig_general.o(.text) for __default_signal_display
    defsig_other.o(.text) refers to defsig_general.o(.text) for __default_signal_display


==============================================================================

Removing Unused input sections from the image.

    Removing bsp_main.o(.rev16_text), (4 bytes).
    Removing bsp_main.o(.revsh_text), (4 bytes).
    Removing bsp_systick.o(.rev16_text), (4 bytes).
    Removing bsp_systick.o(.revsh_text), (4 bytes).
    Removing bsp_systick.o(i.Delay_us), (76 bytes).
    Removing bsp_io.o(.rev16_text), (4 bytes).
    Removing bsp_io.o(.revsh_text), (4 bytes).
    Removing bsp_io.o(i.LED0_On), (16 bytes).
    Removing bsp_io.o(i.LED0_Toggle), (16 bytes).
    Removing bsp_io.o(i.LED1_On), (16 bytes).
    Removing bsp_io.o(i.LED2_On), (16 bytes).
    Removing bsp_io.o(i.LED3_On), (16 bytes).
    Removing bsp_can.o(.rev16_text), (4 bytes).
    Removing bsp_can.o(.revsh_text), (4 bytes).
    Removing bsp_serial.o(.rev16_text), (4 bytes).
    Removing bsp_serial.o(.revsh_text), (4 bytes).
    Removing bsp_serial.o(i.Serial_SendArray), (34 bytes).
    Removing bsp_timer.o(.rev16_text), (4 bytes).
    Removing bsp_timer.o(.revsh_text), (4 bytes).
    Removing algorithm.o(.rev16_text), (4 bytes).
    Removing algorithm.o(.revsh_text), (4 bytes).
    Removing algorithm.o(i.FlexibelValue), (66 bytes).
    Removing algorithm.o(i.InvSqrt), (60 bytes).
    Removing algorithm.o(i.MaxAbs_f), (68 bytes).
    Removing algorithm.o(i.Max_f), (26 bytes).
    Removing algorithm.o(i.MinAbs_f), (68 bytes).
    Removing algorithm.o(i.Min_f), (26 bytes).
    Removing algorithm.o(i.TurnInferiorArc), (80 bytes).
    Removing algorithm.o(i.ValueInRange_f), (28 bytes).
    Removing algorithm.o(i.ValueInRange_i), (18 bytes).
    Removing pid.o(.rev16_text), (4 bytes).
    Removing pid.o(.revsh_text), (4 bytes).
    Removing pid.o(i.PID_Increment_Clear), (56 bytes).
    Removing pid.o(i.PID_Increment_Reset), (92 bytes).
    Removing pid.o(i.PID_Regular_Cacl), (196 bytes).
    Removing pid.o(i.PID_Regular_Reset), (84 bytes).
    Removing chassis.o(.rev16_text), (4 bytes).
    Removing chassis.o(.revsh_text), (4 bytes).
    Removing chassis.o(i.RotateVel2Vel), (60 bytes).
    Removing pathfollow.o(.rev16_text), (4 bytes).
    Removing pathfollow.o(.revsh_text), (4 bytes).
    Removing pathfollow.o(i.CalcSpeedFromAct2Vir), (156 bytes).
    Removing pathfollow.o(i.FindSpan), (128 bytes).
    Removing pathfollow.o(i.JudgeSpeedLessEqual), (84 bytes).
    Removing pathfollow.o(i.JudgeStop), (164 bytes).
    Removing pathfollow.o(i.PathFollowing), (672 bytes).
    Removing pathfollow.o(i.VectorLinerInterpolation), (304 bytes).
    Removing pathfollow.o(i.VectorSynthesis), (260 bytes).
    Removing pathfollow.o(i.arm_sqrt_f32), (44 bytes).
    Removing pathfollow.o(.bss), (16 bytes).
    Removing pathfollow.o(.data), (20 bytes).
    Removing main.o(.rev16_text), (4 bytes).
    Removing main.o(.revsh_text), (4 bytes).
    Removing stm32f4xx_it.o(.rev16_text), (4 bytes).
    Removing stm32f4xx_it.o(.revsh_text), (4 bytes).
    Removing c620.o(.rev16_text), (4 bytes).
    Removing c620.o(.revsh_text), (4 bytes).
    Removing c620.o(i.Motor_SetPosition), (52 bytes).
    Removing c620.o(i.Motor_SetPositionPIDRatio), (188 bytes).
    Removing c620.o(i.PosCrl), (328 bytes).
    Removing c620.o(i.SendPosCmd), (312 bytes).
    Removing pps.o(.rev16_text), (4 bytes).
    Removing pps.o(.revsh_text), (4 bytes).
    Removing pps.o(i.GetActLengthPaseed), (512 bytes).
    Removing pps.o(i.GetContiniousAngle), (12 bytes).
    Removing pps.o(i.GetLengthPassed), (440 bytes).
    Removing pps.o(i.GetX), (28 bytes).
    Removing pps.o(i.GetY), (28 bytes).
    Removing pps.o(i.RecordContiniousAngle), (148 bytes).
    Removing pps.o(i.SetAngle), (100 bytes).
    Removing pps.o(i.SetX), (76 bytes).
    Removing pps.o(i.SetY), (76 bytes).
    Removing bsp_09s.o(.rev16_text), (4 bytes).
    Removing bsp_09s.o(.revsh_text), (4 bytes).
    Removing bsp_09s.o(i.Remote_DeInit), (28 bytes).
    Removing bsp_09s.o(i.Remote_GetChanalPulse), (24 bytes).
    Removing bsp_09s.o(i.SBUS_Encode), (376 bytes).
    Removing bsp_09s.o(.constdata), (14 bytes).
    Removing task.o(.rev16_text), (4 bytes).
    Removing task.o(.revsh_text), (4 bytes).
    Removing task.o(i.AutoStatus_Execute_Task), (84 bytes).
    Removing task.o(i.Auto_Running), (460 bytes).
    Removing task.o(i.Task_SpeedCalculate), (384 bytes).
    Removing task.o(.constdata), (8 bytes).
    Removing system_stm32f4xx.o(.rev16_text), (4 bytes).
    Removing system_stm32f4xx.o(.revsh_text), (4 bytes).
    Removing system_stm32f4xx.o(i.SystemCoreClockUpdate), (192 bytes).
    Removing system_stm32f4xx.o(.data), (20 bytes).
    Removing misc.o(.rev16_text), (4 bytes).
    Removing misc.o(.revsh_text), (4 bytes).
    Removing misc.o(i.NVIC_SetVectorTable), (20 bytes).
    Removing misc.o(i.NVIC_SystemLPConfig), (32 bytes).
    Removing stm32f4xx_can.o(.rev16_text), (4 bytes).
    Removing stm32f4xx_can.o(.revsh_text), (4 bytes).
    Removing stm32f4xx_can.o(i.CAN_CancelTransmit), (48 bytes).
    Removing stm32f4xx_can.o(i.CAN_DBGFreeze), (22 bytes).
    Removing stm32f4xx_can.o(i.CAN_FIFORelease), (22 bytes).
    Removing stm32f4xx_can.o(i.CAN_GetFlagStatus), (120 bytes).
    Removing stm32f4xx_can.o(i.CAN_GetLSBTransmitErrorCounter), (12 bytes).
    Removing stm32f4xx_can.o(i.CAN_GetLastErrorCode), (12 bytes).
    Removing stm32f4xx_can.o(i.CAN_GetReceiveErrorCounter), (10 bytes).
    Removing stm32f4xx_can.o(i.CAN_MessagePending), (30 bytes).
    Removing stm32f4xx_can.o(i.CAN_OperatingModeRequest), (162 bytes).
    Removing stm32f4xx_can.o(i.CAN_SlaveStartBank), (52 bytes).
    Removing stm32f4xx_can.o(i.CAN_Sleep), (30 bytes).
    Removing stm32f4xx_can.o(i.CAN_StructInit), (32 bytes).
    Removing stm32f4xx_can.o(i.CAN_TTComModeCmd), (118 bytes).
    Removing stm32f4xx_can.o(i.CAN_TransmitStatus), (160 bytes).
    Removing stm32f4xx_can.o(i.CAN_WakeUp), (48 bytes).
    Removing stm32f4xx_exti.o(.rev16_text), (4 bytes).
    Removing stm32f4xx_exti.o(.revsh_text), (4 bytes).
    Removing stm32f4xx_exti.o(i.EXTI_ClearFlag), (12 bytes).
    Removing stm32f4xx_exti.o(i.EXTI_ClearITPendingBit), (12 bytes).
    Removing stm32f4xx_exti.o(i.EXTI_DeInit), (36 bytes).
    Removing stm32f4xx_exti.o(i.EXTI_GenerateSWInterrupt), (16 bytes).
    Removing stm32f4xx_exti.o(i.EXTI_GetFlagStatus), (24 bytes).
    Removing stm32f4xx_exti.o(i.EXTI_GetITStatus), (24 bytes).
    Removing stm32f4xx_exti.o(i.EXTI_Init), (148 bytes).
    Removing stm32f4xx_exti.o(i.EXTI_StructInit), (16 bytes).
    Removing stm32f4xx_flash.o(.rev16_text), (4 bytes).
    Removing stm32f4xx_flash.o(.revsh_text), (4 bytes).
    Removing stm32f4xx_flash.o(i.FLASH_ClearFlag), (12 bytes).
    Removing stm32f4xx_flash.o(i.FLASH_DataCacheCmd), (36 bytes).
    Removing stm32f4xx_flash.o(i.FLASH_DataCacheReset), (20 bytes).
    Removing stm32f4xx_flash.o(i.FLASH_EraseAllBank1Sectors), (108 bytes).
    Removing stm32f4xx_flash.o(i.FLASH_EraseAllBank2Sectors), (108 bytes).
    Removing stm32f4xx_flash.o(i.FLASH_EraseAllSectors), (108 bytes).
    Removing stm32f4xx_flash.o(i.FLASH_EraseSector), (136 bytes).
    Removing stm32f4xx_flash.o(i.FLASH_GetFlagStatus), (24 bytes).
    Removing stm32f4xx_flash.o(i.FLASH_GetStatus), (84 bytes).
    Removing stm32f4xx_flash.o(i.FLASH_ITConfig), (32 bytes).
    Removing stm32f4xx_flash.o(i.FLASH_InstructionCacheCmd), (36 bytes).
    Removing stm32f4xx_flash.o(i.FLASH_InstructionCacheReset), (20 bytes).
    Removing stm32f4xx_flash.o(i.FLASH_Lock), (20 bytes).
    Removing stm32f4xx_flash.o(i.FLASH_OB_BORConfig), (28 bytes).
    Removing stm32f4xx_flash.o(i.FLASH_OB_BootConfig), (28 bytes).
    Removing stm32f4xx_flash.o(i.FLASH_OB_GetBOR), (16 bytes).
    Removing stm32f4xx_flash.o(i.FLASH_OB_GetPCROP), (12 bytes).
    Removing stm32f4xx_flash.o(i.FLASH_OB_GetPCROP1), (12 bytes).
    Removing stm32f4xx_flash.o(i.FLASH_OB_GetRDP), (24 bytes).
    Removing stm32f4xx_flash.o(i.FLASH_OB_GetUser), (16 bytes).
    Removing stm32f4xx_flash.o(i.FLASH_OB_GetWRP), (12 bytes).
    Removing stm32f4xx_flash.o(i.FLASH_OB_GetWRP1), (12 bytes).
    Removing stm32f4xx_flash.o(i.FLASH_OB_Launch), (32 bytes).
    Removing stm32f4xx_flash.o(i.FLASH_OB_Lock), (20 bytes).
    Removing stm32f4xx_flash.o(i.FLASH_OB_PCROP1Config), (52 bytes).
    Removing stm32f4xx_flash.o(i.FLASH_OB_PCROPConfig), (52 bytes).
    Removing stm32f4xx_flash.o(i.FLASH_OB_PCROPSelectionConfig), (24 bytes).
    Removing stm32f4xx_flash.o(i.FLASH_OB_RDPConfig), (28 bytes).
    Removing stm32f4xx_flash.o(i.FLASH_OB_Unlock), (36 bytes).
    Removing stm32f4xx_flash.o(i.FLASH_OB_UserConfig), (48 bytes).
    Removing stm32f4xx_flash.o(i.FLASH_OB_WRP1Config), (52 bytes).
    Removing stm32f4xx_flash.o(i.FLASH_OB_WRPConfig), (52 bytes).
    Removing stm32f4xx_flash.o(i.FLASH_PrefetchBufferCmd), (36 bytes).
    Removing stm32f4xx_flash.o(i.FLASH_ProgramByte), (76 bytes).
    Removing stm32f4xx_flash.o(i.FLASH_ProgramDoubleWord), (84 bytes).
    Removing stm32f4xx_flash.o(i.FLASH_ProgramHalfWord), (80 bytes).
    Removing stm32f4xx_flash.o(i.FLASH_ProgramWord), (80 bytes).
    Removing stm32f4xx_flash.o(i.FLASH_SetLatency), (12 bytes).
    Removing stm32f4xx_flash.o(i.FLASH_Unlock), (36 bytes).
    Removing stm32f4xx_flash.o(i.FLASH_WaitForLastOperation), (34 bytes).
    Removing stm32f4xx_fsmc.o(.rev16_text), (4 bytes).
    Removing stm32f4xx_fsmc.o(.revsh_text), (4 bytes).
    Removing stm32f4xx_fsmc.o(i.FSMC_ClearFlag), (64 bytes).
    Removing stm32f4xx_fsmc.o(i.FSMC_ClearITPendingBit), (72 bytes).
    Removing stm32f4xx_fsmc.o(i.FSMC_GetECC), (28 bytes).
    Removing stm32f4xx_fsmc.o(i.FSMC_GetFlagStatus), (56 bytes).
    Removing stm32f4xx_fsmc.o(i.FSMC_GetITStatus), (68 bytes).
    Removing stm32f4xx_fsmc.o(i.FSMC_ITConfig), (128 bytes).
    Removing stm32f4xx_fsmc.o(i.FSMC_NANDCmd), (92 bytes).
    Removing stm32f4xx_fsmc.o(i.FSMC_NANDDeInit), (68 bytes).
    Removing stm32f4xx_fsmc.o(i.FSMC_NANDECCCmd), (92 bytes).
    Removing stm32f4xx_fsmc.o(i.FSMC_NANDInit), (136 bytes).
    Removing stm32f4xx_fsmc.o(i.FSMC_NANDStructInit), (54 bytes).
    Removing stm32f4xx_fsmc.o(i.FSMC_NORSRAMCmd), (52 bytes).
    Removing stm32f4xx_fsmc.o(i.FSMC_NORSRAMDeInit), (54 bytes).
    Removing stm32f4xx_fsmc.o(i.FSMC_NORSRAMInit), (230 bytes).
    Removing stm32f4xx_fsmc.o(i.FSMC_NORSRAMStructInit), (52 bytes).
    Removing stm32f4xx_fsmc.o(i.FSMC_PCCARDCmd), (48 bytes).
    Removing stm32f4xx_fsmc.o(i.FSMC_PCCARDDeInit), (40 bytes).
    Removing stm32f4xx_fsmc.o(i.FSMC_PCCARDInit), (132 bytes).
    Removing stm32f4xx_fsmc.o(i.FSMC_PCCARDStructInit), (60 bytes).
    Removing stm32f4xx_fsmc.o(.constdata), (28 bytes).
    Removing stm32f4xx_gpio.o(.rev16_text), (4 bytes).
    Removing stm32f4xx_gpio.o(.revsh_text), (4 bytes).
    Removing stm32f4xx_gpio.o(i.GPIO_DeInit), (312 bytes).
    Removing stm32f4xx_gpio.o(i.GPIO_PinLockConfig), (34 bytes).
    Removing stm32f4xx_gpio.o(i.GPIO_ReadInputData), (8 bytes).
    Removing stm32f4xx_gpio.o(i.GPIO_ReadInputDataBit), (18 bytes).
    Removing stm32f4xx_gpio.o(i.GPIO_ReadOutputData), (8 bytes).
    Removing stm32f4xx_gpio.o(i.GPIO_ReadOutputDataBit), (18 bytes).
    Removing stm32f4xx_gpio.o(i.GPIO_StructInit), (18 bytes).
    Removing stm32f4xx_gpio.o(i.GPIO_Write), (4 bytes).
    Removing stm32f4xx_gpio.o(i.GPIO_WriteBit), (10 bytes).
    Removing stm32f4xx_iwdg.o(.rev16_text), (4 bytes).
    Removing stm32f4xx_iwdg.o(.revsh_text), (4 bytes).
    Removing stm32f4xx_iwdg.o(i.IWDG_Enable), (16 bytes).
    Removing stm32f4xx_iwdg.o(i.IWDG_GetFlagStatus), (24 bytes).
    Removing stm32f4xx_iwdg.o(i.IWDG_ReloadCounter), (16 bytes).
    Removing stm32f4xx_iwdg.o(i.IWDG_SetPrescaler), (12 bytes).
    Removing stm32f4xx_iwdg.o(i.IWDG_SetReload), (12 bytes).
    Removing stm32f4xx_iwdg.o(i.IWDG_WriteAccessCmd), (12 bytes).
    Removing stm32f4xx_pwr.o(.rev16_text), (4 bytes).
    Removing stm32f4xx_pwr.o(.revsh_text), (4 bytes).
    Removing stm32f4xx_pwr.o(i.PWR_BackupAccessCmd), (12 bytes).
    Removing stm32f4xx_pwr.o(i.PWR_BackupRegulatorCmd), (12 bytes).
    Removing stm32f4xx_pwr.o(i.PWR_ClearFlag), (20 bytes).
    Removing stm32f4xx_pwr.o(i.PWR_DeInit), (22 bytes).
    Removing stm32f4xx_pwr.o(i.PWR_EnterSTANDBYMode), (40 bytes).
    Removing stm32f4xx_pwr.o(i.PWR_EnterSTOPMode), (68 bytes).
    Removing stm32f4xx_pwr.o(i.PWR_EnterUnderDriveSTOPMode), (68 bytes).
    Removing stm32f4xx_pwr.o(i.PWR_FlashPowerDownCmd), (12 bytes).
    Removing stm32f4xx_pwr.o(i.PWR_GetFlagStatus), (24 bytes).
    Removing stm32f4xx_pwr.o(i.PWR_LowRegulatorLowVoltageCmd), (24 bytes).
    Removing stm32f4xx_pwr.o(i.PWR_MainRegulatorLowVoltageCmd), (24 bytes).
    Removing stm32f4xx_pwr.o(i.PWR_MainRegulatorModeConfig), (24 bytes).
    Removing stm32f4xx_pwr.o(i.PWR_OverDriveCmd), (12 bytes).
    Removing stm32f4xx_pwr.o(i.PWR_OverDriveSWCmd), (12 bytes).
    Removing stm32f4xx_pwr.o(i.PWR_PVDCmd), (12 bytes).
    Removing stm32f4xx_pwr.o(i.PWR_PVDLevelConfig), (24 bytes).
    Removing stm32f4xx_pwr.o(i.PWR_UnderDriveCmd), (36 bytes).
    Removing stm32f4xx_pwr.o(i.PWR_WakeUpPinCmd), (12 bytes).
    Removing stm32f4xx_rcc.o(.rev16_text), (4 bytes).
    Removing stm32f4xx_rcc.o(.revsh_text), (4 bytes).
    Removing stm32f4xx_rcc.o(i.RCC_AHB1PeriphClockLPModeCmd), (32 bytes).
    Removing stm32f4xx_rcc.o(i.RCC_AHB1PeriphResetCmd), (32 bytes).
    Removing stm32f4xx_rcc.o(i.RCC_AHB2PeriphClockCmd), (32 bytes).
    Removing stm32f4xx_rcc.o(i.RCC_AHB2PeriphClockLPModeCmd), (32 bytes).
    Removing stm32f4xx_rcc.o(i.RCC_AHB2PeriphResetCmd), (32 bytes).
    Removing stm32f4xx_rcc.o(i.RCC_AHB3PeriphClockCmd), (32 bytes).
    Removing stm32f4xx_rcc.o(i.RCC_AHB3PeriphClockLPModeCmd), (32 bytes).
    Removing stm32f4xx_rcc.o(i.RCC_AHB3PeriphResetCmd), (32 bytes).
    Removing stm32f4xx_rcc.o(i.RCC_APB1PeriphClockLPModeCmd), (32 bytes).
    Removing stm32f4xx_rcc.o(i.RCC_APB2PeriphClockLPModeCmd), (32 bytes).
    Removing stm32f4xx_rcc.o(i.RCC_APB2PeriphResetCmd), (32 bytes).
    Removing stm32f4xx_rcc.o(i.RCC_AdjustHSICalibrationValue), (24 bytes).
    Removing stm32f4xx_rcc.o(i.RCC_BackupResetCmd), (12 bytes).
    Removing stm32f4xx_rcc.o(i.RCC_ClearFlag), (20 bytes).
    Removing stm32f4xx_rcc.o(i.RCC_ClearITPendingBit), (12 bytes).
    Removing stm32f4xx_rcc.o(i.RCC_ClockSecuritySystemCmd), (12 bytes).
    Removing stm32f4xx_rcc.o(i.RCC_DeInit), (100 bytes).
    Removing stm32f4xx_rcc.o(i.RCC_GetFlagStatus), (64 bytes).
    Removing stm32f4xx_rcc.o(i.RCC_GetITStatus), (24 bytes).
    Removing stm32f4xx_rcc.o(i.RCC_GetSYSCLKSource), (16 bytes).
    Removing stm32f4xx_rcc.o(i.RCC_HCLKConfig), (24 bytes).
    Removing stm32f4xx_rcc.o(i.RCC_HSEConfig), (16 bytes).
    Removing stm32f4xx_rcc.o(i.RCC_HSICmd), (12 bytes).
    Removing stm32f4xx_rcc.o(i.RCC_I2SCLKConfig), (12 bytes).
    Removing stm32f4xx_rcc.o(i.RCC_ITConfig), (32 bytes).
    Removing stm32f4xx_rcc.o(i.RCC_LSEConfig), (44 bytes).
    Removing stm32f4xx_rcc.o(i.RCC_LSEModeConfig), (36 bytes).
    Removing stm32f4xx_rcc.o(i.RCC_LSICmd), (12 bytes).
    Removing stm32f4xx_rcc.o(i.RCC_LTDCCLKDivConfig), (24 bytes).
    Removing stm32f4xx_rcc.o(i.RCC_MCO1Config), (28 bytes).
    Removing stm32f4xx_rcc.o(i.RCC_MCO2Config), (28 bytes).
    Removing stm32f4xx_rcc.o(i.RCC_PCLK1Config), (24 bytes).
    Removing stm32f4xx_rcc.o(i.RCC_PCLK2Config), (24 bytes).
    Removing stm32f4xx_rcc.o(i.RCC_PLLCmd), (12 bytes).
    Removing stm32f4xx_rcc.o(i.RCC_PLLConfig), (36 bytes).
    Removing stm32f4xx_rcc.o(i.RCC_PLLI2SCmd), (12 bytes).
    Removing stm32f4xx_rcc.o(i.RCC_PLLI2SConfig), (16 bytes).
    Removing stm32f4xx_rcc.o(i.RCC_PLLSAICmd), (12 bytes).
    Removing stm32f4xx_rcc.o(i.RCC_PLLSAIConfig), (24 bytes).
    Removing stm32f4xx_rcc.o(i.RCC_RTCCLKCmd), (12 bytes).
    Removing stm32f4xx_rcc.o(i.RCC_RTCCLKConfig), (60 bytes).
    Removing stm32f4xx_rcc.o(i.RCC_SAIBlockACLKConfig), (24 bytes).
    Removing stm32f4xx_rcc.o(i.RCC_SAIBlockBCLKConfig), (24 bytes).
    Removing stm32f4xx_rcc.o(i.RCC_SAIPLLI2SClkDivConfig), (28 bytes).
    Removing stm32f4xx_rcc.o(i.RCC_SAIPLLSAIClkDivConfig), (28 bytes).
    Removing stm32f4xx_rcc.o(i.RCC_SYSCLKConfig), (24 bytes).
    Removing stm32f4xx_rcc.o(i.RCC_TIMCLKPresConfig), (12 bytes).
    Removing stm32f4xx_rcc.o(i.RCC_WaitForHSEStartUp), (56 bytes).
    Removing stm32f4xx_rng.o(.rev16_text), (4 bytes).
    Removing stm32f4xx_rng.o(.revsh_text), (4 bytes).
    Removing stm32f4xx_rng.o(i.RNG_ClearFlag), (16 bytes).
    Removing stm32f4xx_rng.o(i.RNG_ClearITPendingBit), (16 bytes).
    Removing stm32f4xx_rng.o(i.RNG_Cmd), (36 bytes).
    Removing stm32f4xx_rng.o(i.RNG_DeInit), (20 bytes).
    Removing stm32f4xx_rng.o(i.RNG_GetFlagStatus), (24 bytes).
    Removing stm32f4xx_rng.o(i.RNG_GetITStatus), (24 bytes).
    Removing stm32f4xx_rng.o(i.RNG_GetRandomNumber), (12 bytes).
    Removing stm32f4xx_rng.o(i.RNG_ITConfig), (36 bytes).
    Removing stm32f4xx_sdio.o(.rev16_text), (4 bytes).
    Removing stm32f4xx_sdio.o(.revsh_text), (4 bytes).
    Removing stm32f4xx_sdio.o(i.SDIO_CEATAITCmd), (16 bytes).
    Removing stm32f4xx_sdio.o(i.SDIO_ClearFlag), (12 bytes).
    Removing stm32f4xx_sdio.o(i.SDIO_ClearITPendingBit), (12 bytes).
    Removing stm32f4xx_sdio.o(i.SDIO_ClockCmd), (12 bytes).
    Removing stm32f4xx_sdio.o(i.SDIO_CmdStructInit), (14 bytes).
    Removing stm32f4xx_sdio.o(i.SDIO_CommandCompletionCmd), (12 bytes).
    Removing stm32f4xx_sdio.o(i.SDIO_DMACmd), (12 bytes).
    Removing stm32f4xx_sdio.o(i.SDIO_DataConfig), (52 bytes).
    Removing stm32f4xx_sdio.o(i.SDIO_DataStructInit), (20 bytes).
    Removing stm32f4xx_sdio.o(i.SDIO_DeInit), (22 bytes).
    Removing stm32f4xx_sdio.o(i.SDIO_GetCommandResponse), (12 bytes).
    Removing stm32f4xx_sdio.o(i.SDIO_GetDataCounter), (12 bytes).
    Removing stm32f4xx_sdio.o(i.SDIO_GetFIFOCount), (12 bytes).
    Removing stm32f4xx_sdio.o(i.SDIO_GetFlagStatus), (24 bytes).
    Removing stm32f4xx_sdio.o(i.SDIO_GetITStatus), (24 bytes).
    Removing stm32f4xx_sdio.o(i.SDIO_GetPowerState), (16 bytes).
    Removing stm32f4xx_sdio.o(i.SDIO_GetResponse), (24 bytes).
    Removing stm32f4xx_sdio.o(i.SDIO_ITConfig), (32 bytes).
    Removing stm32f4xx_sdio.o(i.SDIO_Init), (48 bytes).
    Removing stm32f4xx_sdio.o(i.SDIO_ReadData), (12 bytes).
    Removing stm32f4xx_sdio.o(i.SDIO_SendCEATACmd), (12 bytes).
    Removing stm32f4xx_sdio.o(i.SDIO_SendCommand), (44 bytes).
    Removing stm32f4xx_sdio.o(i.SDIO_SendSDIOSuspendCmd), (12 bytes).
    Removing stm32f4xx_sdio.o(i.SDIO_SetPowerState), (12 bytes).
    Removing stm32f4xx_sdio.o(i.SDIO_SetSDIOOperation), (12 bytes).
    Removing stm32f4xx_sdio.o(i.SDIO_SetSDIOReadWaitMode), (12 bytes).
    Removing stm32f4xx_sdio.o(i.SDIO_StartSDIOReadWait), (12 bytes).
    Removing stm32f4xx_sdio.o(i.SDIO_StopSDIOReadWait), (12 bytes).
    Removing stm32f4xx_sdio.o(i.SDIO_StructInit), (16 bytes).
    Removing stm32f4xx_sdio.o(i.SDIO_WriteData), (12 bytes).
    Removing stm32f4xx_syscfg.o(.rev16_text), (4 bytes).
    Removing stm32f4xx_syscfg.o(.revsh_text), (4 bytes).
    Removing stm32f4xx_syscfg.o(i.SYSCFG_CompensationCellCmd), (12 bytes).
    Removing stm32f4xx_syscfg.o(i.SYSCFG_DeInit), (22 bytes).
    Removing stm32f4xx_syscfg.o(i.SYSCFG_ETH_MediaInterfaceConfig), (12 bytes).
    Removing stm32f4xx_syscfg.o(i.SYSCFG_EXTILineConfig), (64 bytes).
    Removing stm32f4xx_syscfg.o(i.SYSCFG_GetCompensationCellStatus), (24 bytes).
    Removing stm32f4xx_syscfg.o(i.SYSCFG_MemoryRemapConfig), (12 bytes).
    Removing stm32f4xx_syscfg.o(i.SYSCFG_MemorySwappingBank), (12 bytes).
    Removing stm32f4xx_tim.o(.rev16_text), (4 bytes).
    Removing stm32f4xx_tim.o(.revsh_text), (4 bytes).
    Removing stm32f4xx_tim.o(i.TI1_Config), (58 bytes).
    Removing stm32f4xx_tim.o(i.TI2_Config), (80 bytes).
    Removing stm32f4xx_tim.o(i.TI3_Config), (72 bytes).
    Removing stm32f4xx_tim.o(i.TI4_Config), (80 bytes).
    Removing stm32f4xx_tim.o(i.TIM_BDTRConfig), (32 bytes).
    Removing stm32f4xx_tim.o(i.TIM_BDTRStructInit), (18 bytes).
    Removing stm32f4xx_tim.o(i.TIM_CCPreloadControl), (24 bytes).
    Removing stm32f4xx_tim.o(i.TIM_CCxCmd), (30 bytes).
    Removing stm32f4xx_tim.o(i.TIM_CCxNCmd), (30 bytes).
    Removing stm32f4xx_tim.o(i.TIM_ClearOC1Ref), (18 bytes).
    Removing stm32f4xx_tim.o(i.TIM_ClearOC2Ref), (24 bytes).
    Removing stm32f4xx_tim.o(i.TIM_ClearOC3Ref), (18 bytes).
    Removing stm32f4xx_tim.o(i.TIM_ClearOC4Ref), (24 bytes).
    Removing stm32f4xx_tim.o(i.TIM_CounterModeConfig), (18 bytes).
    Removing stm32f4xx_tim.o(i.TIM_CtrlPWMOutputs), (30 bytes).
    Removing stm32f4xx_tim.o(i.TIM_DMACmd), (18 bytes).
    Removing stm32f4xx_tim.o(i.TIM_DMAConfig), (10 bytes).
    Removing stm32f4xx_tim.o(i.TIM_DeInit), (400 bytes).
    Removing stm32f4xx_tim.o(i.TIM_ETRClockMode1Config), (54 bytes).
    Removing stm32f4xx_tim.o(i.TIM_ETRClockMode2Config), (32 bytes).
    Removing stm32f4xx_tim.o(i.TIM_ETRConfig), (28 bytes).
    Removing stm32f4xx_tim.o(i.TIM_EncoderInterfaceConfig), (66 bytes).
    Removing stm32f4xx_tim.o(i.TIM_ForcedOC1Config), (18 bytes).
    Removing stm32f4xx_tim.o(i.TIM_ForcedOC2Config), (26 bytes).
    Removing stm32f4xx_tim.o(i.TIM_ForcedOC3Config), (18 bytes).
    Removing stm32f4xx_tim.o(i.TIM_ForcedOC4Config), (26 bytes).
    Removing stm32f4xx_tim.o(i.TIM_GenerateEvent), (4 bytes).
    Removing stm32f4xx_tim.o(i.TIM_GetCapture1), (6 bytes).
    Removing stm32f4xx_tim.o(i.TIM_GetCapture2), (6 bytes).
    Removing stm32f4xx_tim.o(i.TIM_GetCapture3), (6 bytes).
    Removing stm32f4xx_tim.o(i.TIM_GetCapture4), (6 bytes).
    Removing stm32f4xx_tim.o(i.TIM_GetCounter), (6 bytes).
    Removing stm32f4xx_tim.o(i.TIM_GetFlagStatus), (18 bytes).
    Removing stm32f4xx_tim.o(i.TIM_GetPrescaler), (6 bytes).
    Removing stm32f4xx_tim.o(i.TIM_ICInit), (110 bytes).
    Removing stm32f4xx_tim.o(i.TIM_ICStructInit), (18 bytes).
    Removing stm32f4xx_tim.o(i.TIM_ITRxExternalClockConfig), (24 bytes).
    Removing stm32f4xx_tim.o(i.TIM_InternalClockConfig), (12 bytes).
    Removing stm32f4xx_tim.o(i.TIM_OC1FastConfig), (18 bytes).
    Removing stm32f4xx_tim.o(i.TIM_OC1Init), (124 bytes).
    Removing stm32f4xx_tim.o(i.TIM_OC1NPolarityConfig), (18 bytes).
    Removing stm32f4xx_tim.o(i.TIM_OC1PolarityConfig), (18 bytes).
    Removing stm32f4xx_tim.o(i.TIM_OC1PreloadConfig), (18 bytes).
    Removing stm32f4xx_tim.o(i.TIM_OC2FastConfig), (26 bytes).
    Removing stm32f4xx_tim.o(i.TIM_OC2Init), (164 bytes).
    Removing stm32f4xx_tim.o(i.TIM_OC2NPolarityConfig), (26 bytes).
    Removing stm32f4xx_tim.o(i.TIM_OC2PolarityConfig), (26 bytes).
    Removing stm32f4xx_tim.o(i.TIM_OC2PreloadConfig), (26 bytes).
    Removing stm32f4xx_tim.o(i.TIM_OC3FastConfig), (18 bytes).
    Removing stm32f4xx_tim.o(i.TIM_OC3Init), (160 bytes).
    Removing stm32f4xx_tim.o(i.TIM_OC3NPolarityConfig), (26 bytes).
    Removing stm32f4xx_tim.o(i.TIM_OC3PolarityConfig), (26 bytes).
    Removing stm32f4xx_tim.o(i.TIM_OC3PreloadConfig), (18 bytes).
    Removing stm32f4xx_tim.o(i.TIM_OC4FastConfig), (26 bytes).
    Removing stm32f4xx_tim.o(i.TIM_OC4Init), (120 bytes).
    Removing stm32f4xx_tim.o(i.TIM_OC4PolarityConfig), (26 bytes).
    Removing stm32f4xx_tim.o(i.TIM_OC4PreloadConfig), (26 bytes).
    Removing stm32f4xx_tim.o(i.TIM_OCStructInit), (20 bytes).
    Removing stm32f4xx_tim.o(i.TIM_PWMIConfig), (124 bytes).
    Removing stm32f4xx_tim.o(i.TIM_PrescalerConfig), (6 bytes).
    Removing stm32f4xx_tim.o(i.TIM_RemapConfig), (6 bytes).
    Removing stm32f4xx_tim.o(i.TIM_SelectCCDMA), (24 bytes).
    Removing stm32f4xx_tim.o(i.TIM_SelectCOM), (24 bytes).
    Removing stm32f4xx_tim.o(i.TIM_SelectHallSensor), (24 bytes).
    Removing stm32f4xx_tim.o(i.TIM_SelectInputTrigger), (18 bytes).
    Removing stm32f4xx_tim.o(i.TIM_SelectMasterSlaveMode), (18 bytes).
    Removing stm32f4xx_tim.o(i.TIM_SelectOCxM), (86 bytes).
    Removing stm32f4xx_tim.o(i.TIM_SelectOnePulseMode), (18 bytes).
    Removing stm32f4xx_tim.o(i.TIM_SelectOutputTrigger), (18 bytes).
    Removing stm32f4xx_tim.o(i.TIM_SelectSlaveMode), (18 bytes).
    Removing stm32f4xx_tim.o(i.TIM_SetAutoreload), (4 bytes).
    Removing stm32f4xx_tim.o(i.TIM_SetClockDivision), (18 bytes).
    Removing stm32f4xx_tim.o(i.TIM_SetCompare1), (4 bytes).
    Removing stm32f4xx_tim.o(i.TIM_SetCompare2), (4 bytes).
    Removing stm32f4xx_tim.o(i.TIM_SetCompare3), (4 bytes).
    Removing stm32f4xx_tim.o(i.TIM_SetCompare4), (4 bytes).
    Removing stm32f4xx_tim.o(i.TIM_SetCounter), (4 bytes).
    Removing stm32f4xx_tim.o(i.TIM_SetIC1Prescaler), (18 bytes).
    Removing stm32f4xx_tim.o(i.TIM_SetIC2Prescaler), (26 bytes).
    Removing stm32f4xx_tim.o(i.TIM_SetIC3Prescaler), (18 bytes).
    Removing stm32f4xx_tim.o(i.TIM_SetIC4Prescaler), (26 bytes).
    Removing stm32f4xx_tim.o(i.TIM_TIxExternalClockConfig), (62 bytes).
    Removing stm32f4xx_tim.o(i.TIM_TimeBaseStructInit), (18 bytes).
    Removing stm32f4xx_tim.o(i.TIM_UpdateDisableConfig), (24 bytes).
    Removing stm32f4xx_tim.o(i.TIM_UpdateRequestConfig), (24 bytes).
    Removing stm32f4xx_usart.o(.rev16_text), (4 bytes).
    Removing stm32f4xx_usart.o(.revsh_text), (4 bytes).
    Removing stm32f4xx_usart.o(i.USART_ClearFlag), (18 bytes).
    Removing stm32f4xx_usart.o(i.USART_ClockInit), (32 bytes).
    Removing stm32f4xx_usart.o(i.USART_ClockStructInit), (12 bytes).
    Removing stm32f4xx_usart.o(i.USART_DMACmd), (18 bytes).
    Removing stm32f4xx_usart.o(i.USART_DeInit), (240 bytes).
    Removing stm32f4xx_usart.o(i.USART_GetITStatus), (84 bytes).
    Removing stm32f4xx_usart.o(i.USART_HalfDuplexCmd), (24 bytes).
    Removing stm32f4xx_usart.o(i.USART_IrDACmd), (24 bytes).
    Removing stm32f4xx_usart.o(i.USART_IrDAConfig), (18 bytes).
    Removing stm32f4xx_usart.o(i.USART_LINBreakDetectLengthConfig), (18 bytes).
    Removing stm32f4xx_usart.o(i.USART_LINCmd), (24 bytes).
    Removing stm32f4xx_usart.o(i.USART_OneBitMethodCmd), (24 bytes).
    Removing stm32f4xx_usart.o(i.USART_OverSampling8Cmd), (22 bytes).
    Removing stm32f4xx_usart.o(i.USART_ReceiverWakeUpCmd), (24 bytes).
    Removing stm32f4xx_usart.o(i.USART_SendBreak), (10 bytes).
    Removing stm32f4xx_usart.o(i.USART_SetAddress), (18 bytes).
    Removing stm32f4xx_usart.o(i.USART_SetGuardTime), (16 bytes).
    Removing stm32f4xx_usart.o(i.USART_SetPrescaler), (16 bytes).
    Removing stm32f4xx_usart.o(i.USART_SmartCardCmd), (24 bytes).
    Removing stm32f4xx_usart.o(i.USART_SmartCardNACKCmd), (24 bytes).
    Removing stm32f4xx_usart.o(i.USART_StructInit), (24 bytes).
    Removing stm32f4xx_usart.o(i.USART_WakeUpConfig), (18 bytes).
    Removing arm_cos_f32.o(.rev16_text), (4 bytes).
    Removing arm_cos_f32.o(.revsh_text), (4 bytes).
    Removing arm_sin_f32.o(.rev16_text), (4 bytes).
    Removing arm_sin_f32.o(.revsh_text), (4 bytes).

438 unused section(s) (total 18618 bytes) removed from the image.
