Component: ARM Compiler 5.06 update 6 (build 750) Tool: armlink [4d35ed]

==============================================================================

Section Cross References

    bsp_main.o(i.BSP_Init) refers to system_stm32f4xx.o(i.SystemInit) for SystemInit
    bsp_main.o(i.BSP_Init) refers to misc.o(i.NVIC_PriorityGroupConfig) for NVIC_PriorityGroupConfig
    bsp_main.o(i.BSP_Init) refers to bsp_systick.o(i.BSP_SystickInit) for BSP_SystickInit
    bsp_main.o(i.BSP_Init) refers to bsp_io.o(i.BSP_IO_Init) for BSP_IO_Init
    bsp_main.o(i.BSP_Init) refers to bsp_systick.o(i.Delay_ms) for Delay_ms
    bsp_main.o(i.BSP_Init) refers to bsp_can.o(i.BSP_CAN_Init) for BSP_CAN_Init
    bsp_main.o(i.BSP_Init) refers to bsp_serial.o(i.BSP_Serial_Init) for BSP_Serial_Init
    bsp_main.o(i.BSP_Init) refers to bsp_timer.o(i.BSP_Timer_Init) for BSP_Timer_Init
    bsp_systick.o(i.BSP_SystickInit) refers to misc.o(i.SysTick_CLKSourceConfig) for SysTick_CLKSourceConfig
    bsp_systick.o(i.BSP_SystickInit) refers to bsp_systick.o(.data) for fac_us
    bsp_systick.o(i.Delay_ms) refers to bsp_systick.o(i.Delay_xms) for Delay_xms
    bsp_systick.o(i.Delay_us) refers to bsp_systick.o(.data) for fac_us
    bsp_systick.o(i.Delay_xms) refers to bsp_systick.o(.data) for fac_ms
    bsp_io.o(i.BSP_Beep_Init) refers to stm32f4xx_rcc.o(i.RCC_AHB1PeriphClockCmd) for RCC_AHB1PeriphClockCmd
    bsp_io.o(i.BSP_Beep_Init) refers to stm32f4xx_gpio.o(i.GPIO_Init) for GPIO_Init
    bsp_io.o(i.BSP_Beep_Init) refers to bsp_io.o(i.Beep_Off) for Beep_Off
    bsp_io.o(i.BSP_IO_Init) refers to bsp_io.o(i.BSP_LED_Init) for BSP_LED_Init
    bsp_io.o(i.BSP_IO_Init) refers to bsp_io.o(i.BSP_Beep_Init) for BSP_Beep_Init
    bsp_io.o(i.BSP_LED_Init) refers to stm32f4xx_rcc.o(i.RCC_AHB1PeriphClockCmd) for RCC_AHB1PeriphClockCmd
    bsp_io.o(i.BSP_LED_Init) refers to stm32f4xx_gpio.o(i.GPIO_Init) for GPIO_Init
    bsp_io.o(i.BSP_LED_Init) refers to bsp_io.o(i.LED0_Off) for LED0_Off
    bsp_io.o(i.BSP_LED_Init) refers to bsp_io.o(i.LED1_Off) for LED1_Off
    bsp_io.o(i.BSP_LED_Init) refers to bsp_io.o(i.LED2_Off) for LED2_Off
    bsp_io.o(i.BSP_LED_Init) refers to bsp_io.o(i.LED3_Off) for LED3_Off
    bsp_io.o(i.Beep_Off) refers to stm32f4xx_gpio.o(i.GPIO_ResetBits) for GPIO_ResetBits
    bsp_io.o(i.Beep_On) refers to stm32f4xx_gpio.o(i.GPIO_SetBits) for GPIO_SetBits
    bsp_io.o(i.LED0_Off) refers to stm32f4xx_gpio.o(i.GPIO_SetBits) for GPIO_SetBits
    bsp_io.o(i.LED0_On) refers to stm32f4xx_gpio.o(i.GPIO_ResetBits) for GPIO_ResetBits
    bsp_io.o(i.LED0_Toggle) refers to stm32f4xx_gpio.o(i.GPIO_ToggleBits) for GPIO_ToggleBits
    bsp_io.o(i.LED1_Off) refers to stm32f4xx_gpio.o(i.GPIO_SetBits) for GPIO_SetBits
    bsp_io.o(i.LED1_On) refers to stm32f4xx_gpio.o(i.GPIO_ResetBits) for GPIO_ResetBits
    bsp_io.o(i.LED1_Toggle) refers to stm32f4xx_gpio.o(i.GPIO_ToggleBits) for GPIO_ToggleBits
    bsp_io.o(i.LED2_Off) refers to stm32f4xx_gpio.o(i.GPIO_SetBits) for GPIO_SetBits
    bsp_io.o(i.LED2_On) refers to stm32f4xx_gpio.o(i.GPIO_ResetBits) for GPIO_ResetBits
    bsp_io.o(i.LED2_Toggle) refers to stm32f4xx_gpio.o(i.GPIO_ToggleBits) for GPIO_ToggleBits
    bsp_io.o(i.LED3_Off) refers to stm32f4xx_gpio.o(i.GPIO_SetBits) for GPIO_SetBits
    bsp_io.o(i.LED3_On) refers to stm32f4xx_gpio.o(i.GPIO_ResetBits) for GPIO_ResetBits
    bsp_io.o(i.LED3_Toggle) refers to stm32f4xx_gpio.o(i.GPIO_ToggleBits) for GPIO_ToggleBits
    bsp_can.o(i.BSP_CAN_Init) refers to bsp_can.o(i.CAN_Config) for CAN_Config
    bsp_can.o(i.CAN_Config) refers to stm32f4xx_rcc.o(i.RCC_APB1PeriphClockCmd) for RCC_APB1PeriphClockCmd
    bsp_can.o(i.CAN_Config) refers to stm32f4xx_rcc.o(i.RCC_AHB1PeriphClockCmd) for RCC_AHB1PeriphClockCmd
    bsp_can.o(i.CAN_Config) refers to stm32f4xx_gpio.o(i.GPIO_Init) for GPIO_Init
    bsp_can.o(i.CAN_Config) refers to stm32f4xx_gpio.o(i.GPIO_PinAFConfig) for GPIO_PinAFConfig
    bsp_can.o(i.CAN_Config) refers to stm32f4xx_can.o(i.CAN_DeInit) for CAN_DeInit
    bsp_can.o(i.CAN_Config) refers to stm32f4xx_can.o(i.CAN_Init) for CAN_Init
    bsp_can.o(i.CAN_Config) refers to stm32f4xx_can.o(i.CAN_FilterInit) for CAN_FilterInit
    bsp_can.o(i.CAN_Config) refers to misc.o(i.NVIC_Init) for NVIC_Init
    bsp_can.o(i.CAN_Config) refers to stm32f4xx_can.o(i.CAN_ITConfig) for CAN_ITConfig
    bsp_serial.o(i.BSP_Serial1_Init) refers to stm32f4xx_rcc.o(i.RCC_AHB1PeriphClockCmd) for RCC_AHB1PeriphClockCmd
    bsp_serial.o(i.BSP_Serial1_Init) refers to stm32f4xx_rcc.o(i.RCC_APB2PeriphClockCmd) for RCC_APB2PeriphClockCmd
    bsp_serial.o(i.BSP_Serial1_Init) refers to stm32f4xx_gpio.o(i.GPIO_PinAFConfig) for GPIO_PinAFConfig
    bsp_serial.o(i.BSP_Serial1_Init) refers to stm32f4xx_gpio.o(i.GPIO_Init) for GPIO_Init
    bsp_serial.o(i.BSP_Serial1_Init) refers to stm32f4xx_usart.o(i.USART_Init) for USART_Init
    bsp_serial.o(i.BSP_Serial1_Init) refers to stm32f4xx_usart.o(i.USART_ITConfig) for USART_ITConfig
[...]
    ..\User\User_Algorithm\chassis.c         0x00000000   Number         0  chassis.o ABSOLUTE
    ..\User\User_Algorithm\pid.c             0x00000000   Number         0  pid.o ABSOLUTE
    ..\User\User_App\C620.c                  0x00000000   Number         0  c620.o ABSOLUTE
    ..\User\User_App\bsp_09s.c               0x00000000   Number         0  bsp_09s.o ABSOLUTE
    ..\User\User_App\main.c                  0x00000000   Number         0  main.o ABSOLUTE
    ..\User\User_App\pps.c                   0x00000000   Number         0  pps.o ABSOLUTE
    ..\User\User_App\stm32f4xx_it.c          0x00000000   Number         0  stm32f4xx_it.o ABSOLUTE
    ..\User\User_App\task.c                  0x00000000   Number         0  task.o ABSOLUTE
    ..\User\User_Driver\src\bsp_can.c        0x00000000   Number         0  bsp_can.o ABSOLUTE
    ..\User\User_Driver\src\bsp_io.c         0x00000000   Number         0  bsp_io.o ABSOLUTE
    ..\User\User_Driver\src\bsp_main.c       0x00000000   Number         0  bsp_main.o ABSOLUTE
    ..\User\User_Driver\src\bsp_serial.c     0x00000000   Number         0  bsp_serial.o ABSOLUTE
    ..\User\User_Driver\src\bsp_systick.c    0x00000000   Number         0  bsp_systick.o ABSOLUTE
    ..\User\User_Driver\src\bsp_timer.c      0x00000000   Number         0  bsp_timer.o ABSOLUTE
    ..\\FastMathFunctions\\arm_cos_f32.c     0x00000000   Number         0  arm_cos_f32.o ABSOLUTE
    ..\\FastMathFunctions\\arm_sin_f32.c     0x00000000   Number         0  arm_sin_f32.o ABSOLUTE
    ..\\Libraries\\CMSIS\\system_stm32f4xx.c 0x00000000   Number         0  system_stm32f4xx.o ABSOLUTE
    ..\\Libraries\\STM32F4xx_StdPeriph_Driver\\src\\misc.c 0x00000000   Number         0  misc.o ABSOLUTE
    ..\\Libraries\\STM32F4xx_StdPeriph_Driver\\src\\stm32f4xx_can.c 0x00000000   Number         0  stm32f4xx_can.o ABSOLUTE
    ..\\Libraries\\STM32F4xx_StdPeriph_Driver\\src\\stm32f4xx_exti.c 0x00000000   Number         0  stm32f4xx_exti.o ABSOLUTE
    ..\\Libraries\\STM32F4xx_StdPeriph_Driver\\src\\stm32f4xx_flash.c 0x00000000   Number         0  stm32f4xx_flash.o ABSOLUTE
    ..\\Libraries\\STM32F4xx_StdPeriph_Driver\\src\\stm32f4xx_fsmc.c 0x00000000   Number         0  stm32f4xx_fsmc.o ABSOLUTE
    ..\\Libraries\\STM32F4xx_StdPeriph_Driver\\src\\stm32f4xx_gpio.c 0x00000000   Number         0  stm32f4xx_gpio.o ABSOLUTE
    ..\\Libraries\\STM32F4xx_StdPeriph_Driver\\src\\stm32f4xx_iwdg.c 0x00000000   Number         0  stm32f4xx_iwdg.o ABSOLUTE
    ..\\Libraries\\STM32F4xx_StdPeriph_Driver\\src\\stm32f4xx_pwr.c 0x00000000   Number         0  stm32f4xx_pwr.o ABSOLUTE
    ..\\Libraries\\STM32F4xx_StdPeriph_Driver\\src\\stm32f4xx_rcc.c 0x00000000   Number         0  stm32f4xx_rcc.o ABSOLUTE
    ..\\Libraries\\STM32F4xx_StdPeriph_Driver\\src\\stm32f4xx_rng.c 0x00000000   Number         0  stm32f4xx_rng.o ABSOLUTE
    ..\\Libraries\\STM32F4xx_StdPeriph_Driver\\src\\stm32f4xx_sdio.c 0x00000000   Number         0  stm32f4xx_sdio.o ABSOLUTE
    ..\\Libraries\\STM32F4xx_StdPeriph_Driver\\src\\stm32f4xx_syscfg.c 0x00000000   Number         0  stm32f4xx_syscfg.o ABSOLUTE
    ..\\Libraries\\STM32F4xx_StdPeriph_Driver\\src\\stm32f4xx_tim.c 0x00000000   Number         0  stm32f4xx_tim.o ABSOLUTE
    ..\\Libraries\\STM32F4xx_StdPeriph_Driver\\src\\stm32f4xx_usart.c 0x00000000   Number         0  stm32f4xx_usart.o ABSOLUTE
    ..\\User\\User_Algorithm\\algorithm.c    0x00000000   Number         0  algorithm.o ABSOLUTE
    ..\\User\\User_Algorithm\\chassis.c      0x00000000   Number         0  chassis.o ABSOLUTE
    ..\\User\\User_Algorithm\\pid.c          0x00000000   Number         0  pid.o ABSOLUTE
    ..\\User\\User_App\\C620.c               0x00000000   Number         0  c620.o ABSOLUTE
    ..\\User\\User_App\\bsp_09s.c            0x00000000   Number         0  bsp_09s.o ABSOLUTE
    ..\\User\\User_App\\main.c               0x00000000   Number         0  main.o ABSOLUTE
    ..\\User\\User_App\\pps.c                0x00000000   Number         0  pps.o ABSOLUTE
    ..\\User\\User_App\\stm32f4xx_it.c       0x00000000   Number         0  stm32f4xx_it.o ABSOLUTE
    ..\\User\\User_App\\task.c               0x00000000   Number         0  task.o ABSOLUTE
    ..\\User\\User_Driver\\src\\bsp_can.c    0x00000000   Number         0  bsp_can.o ABSOLUTE
    ..\\User\\User_Driver\\src\\bsp_io.c     0x00000000   Number         0  bsp_io.o ABSOLUTE
    ..\\User\\User_Driver\\src\\bsp_main.c   0x00000000   Number         0  bsp_main.o ABSOLUTE
    ..\\User\\User_Driver\\src\\bsp_serial.c 0x00000000   Number         0  bsp_serial.o ABSOLUTE
    ..\\User\\User_Driver\\src\\bsp_systick.c 0x00000000   Number         0  bsp_systick.o ABSOLUTE
    ..\\User\\User_Driver\\src\\bsp_timer.c  0x00000000   Number         0  bsp_timer.o ABSOLUTE
    dc.s                                     0x00000000   Number         0  dc.o ABSOLUTE
    RESET                                    0x08000000   Section      392  startup_stm32f40_41xxx.o(RESET)
    !!!main                                  0x08000188   Section        8  __main.o(!!!main)
    !!!scatter                               0x08000190   Section       52  __scatter.o(!!!scatter)
    !!handler_copy                           0x080001c4   Section       26  __scatter_copy.o(!!handler_copy)
    !!handler_zi                             0x080001e0   Section       28  __scatter_zi.o(!!handler_zi)
    .ARM.Collect$$libinit$$00000000          0x080001fc   Section        2  libinit.o(.ARM.Collect$$libinit$$00000000)
    .ARM.Collect$$libinit$$00000001          0x080001fe   Section        4  libinit2.o(.ARM.Collect$$libinit$$00000001)
    .ARM.Collect$$libinit$$00000004          0x08000202   Section        0  libinit2.o(.ARM.Collect$$libinit$$00000004)
    .ARM.Collect$$libinit$$0000000A          0x08000202   Section        0  libinit2.o(.ARM.Collect$$libinit$$0000000A)
    .ARM.Collect$$libinit$$0000000C          0x08000202   Section        0  libinit2.o(.ARM.Collect$$libinit$$0000000C)
    .ARM.Collect$$libinit$$0000000E          0x08000202   Section        0  libinit2.o(.ARM.Collect$$libinit$$0000000E)
    .ARM.Collect$$libinit$$00000011          0x08000202   Section        0  libinit2.o(.ARM.Collect$$libinit$$00000011)
    .ARM.Collect$$libinit$$00000013          0x08000202   Section        0  libinit2.o(.ARM.Collect$$libinit$$00000013)
    .ARM.Collect$$libinit$$00000015          0x08000202   Section        0  libinit2.o(.ARM.Collect$$libinit$$00000015)
    .ARM.Collect$$libinit$$00000017          0x08000202   Section        0  libinit2.o(.ARM.Collect$$libinit$$00000017)
    .ARM.Collect$$libinit$$00000019          0x08000202   Section        0  libinit2.o(.ARM.Collect$$libinit$$00000019)
    .ARM.Collect$$libinit$$0000001B          0x08000202   Section        0  libinit2.o(.ARM.Collect$$libinit$$0000001B)
    .ARM.Collect$$libinit$$0000001D          0x08000202   Section        0  libinit2.o(.ARM.Collect$$libinit$$0000001D)
    .ARM.Collect$$libinit$$0000001F          0x08000202   Section        0  libinit2.o(.ARM.Collect$$libinit$$0000001F)
    .ARM.Collect$$libinit$$00000021          0x08000202   Section        0  libinit2.o(.ARM.Collect$$libinit$$00000021)
    .ARM.Collect$$libinit$$00000023          0x08000202   Section        0  libinit2.o(.ARM.Collect$$libinit$$00000023)
    .ARM.Collect$$libinit$$00000025          0x08000202   Section        0  libinit2.o(.ARM.Collect$$libinit$$00000025)
    .ARM.Collect$$libinit$$0000002C          0x08000202   Section        0  libinit2.o(.ARM.Collect$$libinit$$0000002C)
    .ARM.Collect$$libinit$$0000002E          0x08000202   Section        0  libinit2.o(.ARM.Collect$$libinit$$0000002E)
    .ARM.Collect$$libinit$$00000030          0x08000202   Section        0  libinit2.o(.ARM.Collect$$libinit$$00000030)
    .ARM.Collect$$libinit$$00000032          0x08000202   Section        0  libinit2.o(.ARM.Collect$$libinit$$00000032)
    .ARM.Collect$$libinit$$00000033          0x08000202   Section        2  libinit2.o(.ARM.Collect$$libinit$$00000033)
    .ARM.Collect$$libshutdown$$00000000      0x08000204   Section        2  libshutdown.o(.ARM.Collect$$libshutdown$$00000000)
    .ARM.Collect$$libshutdown$$00000002      0x08000206   Section        0  libshutdown2.o(.ARM.Collect$$libshutdown$$00000002)
    .ARM.Collect$$libshutdown$$00000004      0x08000206   Section        0  libshutdown2.o(.ARM.Collect$$libshutdown$$00000004)
    .ARM.Collect$$libshutdown$$00000007      0x08000206   Section        0  libshutdown2.o(.ARM.Collect$$libshutdown$$00000007)
    .ARM.Collect$$libshutdown$$0000000A      0x08000206   Section        0  libshutdown2.o(.ARM.Collect$$libshutdown$$0000000A)
    .ARM.Collect$$libshutdown$$0000000C      0x08000206   Section        0  libshutdown2.o(.ARM.Collect$$libshutdown$$0000000C)
    .ARM.Collect$$libshutdown$$0000000F      0x08000206   Section        0  libshutdown2.o(.ARM.Collect$$libshutdown$$0000000F)
    .ARM.Collect$$libshutdown$$00000010      0x08000206   Section        2  libshutdown2.o(.ARM.Collect$$libshutdown$$00000010)
    .ARM.Collect$$rtentry$$00000000          0x08000208   Section        0  __rtentry.o(.ARM.Collect$$rtentry$$00000000)
    .ARM.Collect$$rtentry$$00000002          0x08000208   Section        0  __rtentry2.o(.ARM.Collect$$rtentry$$00000002)
    .ARM.Collect$$rtentry$$00000004          0x08000208   Section        6  __rtentry4.o(.ARM.Collect$$rtentry$$00000004)
    .ARM.Collect$$rtentry$$00000009          0x0800020e   Section        0  __rtentry2.o(.ARM.Collect$$rtentry$$00000009)
    .ARM.Collect$$rtentry$$0000000A          0x0800020e   Section        4  __rtentry2.o(.ARM.Collect$$rtentry$$0000000A)
    .ARM.Collect$$rtentry$$0000000C          0x08000212   Section        0  __rtentry2.o(.ARM.Collect$$rtentry$$0000000C)
    .ARM.Collect$$rtentry$$0000000D          0x08000212   Section        8  __rtentry2.o(.ARM.Collect$$rtentry$$0000000D)
    .ARM.Collect$$rtexit$$00000000           0x0800021a   Section        2  rtexit.o(.ARM.Collect$$rtexit$$00000000)
    .ARM.Collect$$rtexit$$00000002           0x0800021c   Section        0  rtexit2.o(.ARM.Collect$$rtexit$$00000002)
    .ARM.Collect$$rtexit$$00000003           0x0800021c   Section        4  rtexit2.o(.ARM.Collect$$rtexit$$00000003)
    .ARM.Collect$$rtexit$$00000004           0x08000220   Section        6  rtexit2.o(.ARM.Collect$$rtexit$$00000004)
    .text                                    0x08000228   Section       64  startup_stm32f40_41xxx.o(.text)
    $v0                                      0x08000228   Number         0  startup_stm32f40_41xxx.o(.text)
    .text                                    0x08000268   Section        0  arm_cos_f32.o(.text)
    .text                                    0x08000340   Section        0  arm_sin_f32.o(.text)
    .text                                    0x08000418   Section        0  heapauxi.o(.text)
    .text                                    0x08000420   Section        8  libspace.o(.text)
    .text                                    0x08000428   Section       74  sys_stackheap_outer.o(.text)
    .text                                    0x08000472   Section        0  exit.o(.text)
    .text                                    0x08000484   Section        0  sys_exit.o(.text)
    .text                                    0x08000490   Section        2  use_no_semi.o(.text)
    .text                                    0x08000492   Section        0  indicate_semi.o(.text)
    i.AutoStatus_Send_Task                   0x08000494   Section        0  task.o(i.AutoStatus_Send_Task)
    i.BSP_Beep_Init                          0x080004cc   Section        0  bsp_io.o(i.BSP_Beep_Init)
    i.BSP_CAN_Init                           0x08000504   Section        0  bsp_can.o(i.BSP_CAN_Init)
    i.BSP_IO_Init                            0x08000540   Section        0  bsp_io.o(i.BSP_IO_Init)
    i.BSP_Init                               0x0800054c   Section        0  bsp_main.o(i.BSP_Init)
    i.BSP_LED_Init                           0x08000578   Section        0  bsp_io.o(i.BSP_LED_Init)
    i.BSP_Serial1_Init                       0x080005e0   Section        0  bsp_serial.o(i.BSP_Serial1_Init)
    i.BSP_Serial2_Init                       0x08000698   Section        0  bsp_serial.o(i.BSP_Serial2_Init)
    i.BSP_Serial3_Init                       0x08000758   Section        0  bsp_serial.o(i.BSP_Serial3_Init)
    i.BSP_Serial6_Init                       0x08000810   Section        0  bsp_serial.o(i.BSP_Serial6_Init)
    i.BSP_Serial_Init                        0x080008c8   Section        0  bsp_serial.o(i.BSP_Serial_Init)
    i.BSP_SystickInit                        0x080008dc   Section        0  bsp_systick.o(i.BSP_SystickInit)
    i.BSP_TIM2_Init                          0x08000908   Section        0  bsp_timer.o(i.BSP_TIM2_Init)
    i.BSP_TIM5_Init                          0x08000950   Section        0  bsp_timer.o(i.BSP_TIM5_Init)
    i.BSP_Timer_Init                         0x080009a4   Section        0  bsp_timer.o(i.BSP_Timer_Init)
    i.Beep_Off                               0x080009b8   Section        0  bsp_io.o(i.Beep_Off)
    i.Beep_On                                0x080009c8   Section        0  bsp_io.o(i.Beep_On)
    i.BusFault_Handler                       0x080009d8   Section        0  stm32f4xx_it.o(i.BusFault_Handler)
    i.C620_GetFeedbackInfo                   0x080009dc   Section        0  c620.o(i.C620_GetFeedbackInfo)
    i.CAN1_RX0_IRQHandler                    0x08000a90   Section        0  stm32f4xx_it.o(i.CAN1_RX0_IRQHandler)
    i.CAN1_TX_IRQHandler                     0x08000ac8   Section        0  stm32f4xx_it.o(i.CAN1_TX_IRQHandler)
    i.CAN2_RX0_IRQHandler                    0x08000ae4   Section        0  stm32f4xx_it.o(i.CAN2_RX0_IRQHandler)
    i.CAN2_TX_IRQHandler                     0x08000ae6   Section        0  stm32f4xx_it.o(i.CAN2_TX_IRQHandler)
    i.CAN_ClearFlag                          0x08000ae8   Section        0  stm32f4xx_can.o(i.CAN_ClearFlag)
    i.CAN_ClearITPendingBit                  0x08000b20   Section        0  stm32f4xx_can.o(i.CAN_ClearITPendingBit)
    i.CAN_Config                             0x08000bc8   Section        0  bsp_can.o(i.CAN_Config)
    i.CAN_DeInit                             0x08000e44   Section        0  stm32f4xx_can.o(i.CAN_DeInit)
    i.CAN_FilterInit                         0x08000e7c   Section        0  stm32f4xx_can.o(i.CAN_FilterInit)
    i.CAN_GetITStatus                        0x08000f84   Section        0  stm32f4xx_can.o(i.CAN_GetITStatus)
    i.CAN_ITConfig                           0x080010a4   Section        0  stm32f4xx_can.o(i.CAN_ITConfig)
    i.CAN_Init                               0x080010b6   Section        0  stm32f4xx_can.o(i.CAN_Init)
    i.CAN_Receive                            0x080011ca   Section        0  stm32f4xx_can.o(i.CAN_Receive)
    i.CAN_Transmit                           0x080012ba   Section        0  stm32f4xx_can.o(i.CAN_Transmit)
    i.CalcWheelSpeed                         0x080013e0   Section        0  chassis.o(i.CalcWheelSpeed)
    i.CheckITStatus                          0x08001450   Section        0  stm32f4xx_can.o(i.CheckITStatus)
    CheckITStatus                            0x08001451   Thumb Code    18  stm32f4xx_can.o(i.CheckITStatus)
    i.Config_Task                            0x08001462   Section        0  task.o(i.Config_Task)
    i.DebugMon_Handler                       0x0800149c   Section        0  stm32f4xx_it.o(i.DebugMon_Handler)
    i.Delay_ms                               0x0800149e   Section        0  bsp_systick.o(i.Delay_ms)
    i.Delay_xms                              0x080014cc   Section        0  bsp_systick.o(i.Delay_xms)
    i.DisableCrl                             0x08001518   Section        0  c620.o(i.DisableCrl)
    i.GPIO_Init                              0x08001564   Section        0  stm32f4xx_gpio.o(i.GPIO_Init)
    i.GPIO_PinAFConfig                       0x080015f4   Section        0  stm32f4xx_gpio.o(i.GPIO_PinAFConfig)
    i.GPIO_ResetBits                         0x0800163a   Section        0  stm32f4xx_gpio.o(i.GPIO_ResetBits)
    i.GPIO_SetBits                           0x0800163e   Section        0  stm32f4xx_gpio.o(i.GPIO_SetBits)
    i.GPIO_ToggleBits                        0x08001642   Section        0  stm32f4xx_gpio.o(i.GPIO_ToggleBits)
    i.GetAngle                               0x0800164c   Section        0  pps.o(i.GetAngle)
    i.HardFault_Handler                      0x08001670   Section        0  stm32f4xx_it.o(i.HardFault_Handler)
    i.LED0_Off                               0x08001674   Section        0  bsp_io.o(i.LED0_Off)
    i.LED1_Off                               0x08001684   Section        0  bsp_io.o(i.LED1_Off)
    i.LED1_Toggle                            0x08001694   Section        0  bsp_io.o(i.LED1_Toggle)
    i.LED2_Off                               0x080016a4   Section        0  bsp_io.o(i.LED2_Off)
    i.LED2_Toggle                            0x080016b4   Section        0  bsp_io.o(i.LED2_Toggle)
    i.LED3_Off                               0x080016c4   Section        0  bsp_io.o(i.LED3_Off)
    i.LocatorInit                            0x080016d4   Section        0  pps.o(i.LocatorInit)
    i.Locator_SerialIsr                      0x08001710   Section        0  pps.o(i.Locator_SerialIsr)
    i.LostForceStatus_Send_Task              0x08001864   Section        0  task.o(i.LostForceStatus_Send_Task)
    i.MemManage_Handler                      0x0800189c   Section        0  stm32f4xx_it.o(i.MemManage_Handler)
    i.Motor_Init                             0x080018a0   Section        0  c620.o(i.Motor_Init)
    i.Motor_SetControlMode                   0x08001920   Section        0  c620.o(i.Motor_SetControlMode)
    i.Motor_SetVelocity                      0x08001954   Section        0  c620.o(i.Motor_SetVelocity)
    i.Motor_SetVelocityPIDRatio              0x08001988   Section        0  c620.o(i.Motor_SetVelocityPIDRatio)
    i.NMI_Handler                            0x08001a40   Section        0  stm32f4xx_it.o(i.NMI_Handler)
    i.NVIC_Init                              0x08001a44   Section        0  misc.o(i.NVIC_Init)
    i.NVIC_PriorityGroupConfig               0x08001abc   Section        0  misc.o(i.NVIC_PriorityGroupConfig)
    i.OutputVel2Wheel_FixedC                 0x08001ad0   Section        0  chassis.o(i.OutputVel2Wheel_FixedC)
    i.OutputVel2Wheel_RigidC                 0x08001bdc   Section        0  chassis.o(i.OutputVel2Wheel_RigidC)
    i.PID_Increment_Calc                     0x08001cd8   Section        0  pid.o(i.PID_Increment_Calc)
    i.PendSV_Handler                         0x08001d90   Section        0  stm32f4xx_it.o(i.PendSV_Handler)
    i.RCC_AHB1PeriphClockCmd                 0x08001d94   Section        0  stm32f4xx_rcc.o(i.RCC_AHB1PeriphClockCmd)
    i.RCC_APB1PeriphClockCmd                 0x08001db4   Section        0  stm32f4xx_rcc.o(i.RCC_APB1PeriphClockCmd)
    i.RCC_APB1PeriphResetCmd                 0x08001dd4   Section        0  stm32f4xx_rcc.o(i.RCC_APB1PeriphResetCmd)
    i.RCC_APB2PeriphClockCmd                 0x08001df4   Section        0  stm32f4xx_rcc.o(i.RCC_APB2PeriphClockCmd)
    i.RCC_GetClocksFreq                      0x08001e14   Section        0  stm32f4xx_rcc.o(i.RCC_GetClocksFreq)
    i.RemoteStatus_Send_Task                 0x08001efc   Section        0  task.o(i.RemoteStatus_Send_Task)
    i.Remote_GetChanalValue                  0x08001fa0   Section        0  bsp_09s.o(i.Remote_GetChanalValue)
    i.Remote_SerialIsr                       0x0800204c   Section        0  bsp_09s.o(i.Remote_SerialIsr)
    i.ReturnLimitAngle                       0x08002128   Section        0  algorithm.o(i.ReturnLimitAngle)
    i.SBUS_Decode                            0x080021b0   Section        0  bsp_09s.o(i.SBUS_Decode)
    i.SVC_Handler                            0x08002330   Section        0  stm32f4xx_it.o(i.SVC_Handler)
    i.SendCmd2Driver                         0x08002334   Section        0  chassis.o(i.SendCmd2Driver)
    i.Serial_SendByte                        0x080023b4   Section        0  bsp_serial.o(i.Serial_SendByte)
    i.Serial_SendString                      0x080023d2   Section        0  bsp_serial.o(i.Serial_SendString)
    i.SetJoggingVel                          0x080023f0   Section        0  c620.o(i.SetJoggingVel)
    i.SetSysClock                            0x08002524   Section        0  system_stm32f4xx.o(i.SetSysClock)
    SetSysClock                              0x08002525   Thumb Code   220  system_stm32f4xx.o(i.SetSysClock)
    i.SysTick_CLKSourceConfig                0x08002610   Section        0  misc.o(i.SysTick_CLKSourceConfig)
    i.SysTick_Handler                        0x08002638   Section        0  stm32f4xx_it.o(i.SysTick_Handler)
    i.SystemInit                             0x0800263c   Section        0  system_stm32f4xx.o(i.SystemInit)
    i.TIM2_5ms_Task                          0x080026a4   Section        0  task.o(i.TIM2_5ms_Task)
    i.TIM2_IRQHandler                        0x080026cc   Section        0  stm32f4xx_it.o(i.TIM2_IRQHandler)
    i.TIM2_Start                             0x08002724   Section        0  bsp_timer.o(i.TIM2_Start)
    i.TIM5_10ms_Task                         0x0800273c   Section        0  task.o(i.TIM5_10ms_Task)
    i.TIM5_IRQHandler                        0x08002764   Section        0  stm32f4xx_it.o(i.TIM5_IRQHandler)
    i.TIM5_Start                             0x0800278c   Section        0  bsp_timer.o(i.TIM5_Start)
    i.TIM_ARRPreloadConfig                   0x080027a8   Section        0  stm32f4xx_tim.o(i.TIM_ARRPreloadConfig)
    i.TIM_ClearFlag                          0x080027c0   Section        0  stm32f4xx_tim.o(i.TIM_ClearFlag)
    i.TIM_ClearITPendingBit                  0x080027c6   Section        0  stm32f4xx_tim.o(i.TIM_ClearITPendingBit)
    i.TIM_Cmd                                0x080027cc   Section        0  stm32f4xx_tim.o(i.TIM_Cmd)
    i.TIM_GetITStatus                        0x080027e4   Section        0  stm32f4xx_tim.o(i.TIM_GetITStatus)
    i.TIM_ITConfig                           0x08002806   Section        0  stm32f4xx_tim.o(i.TIM_ITConfig)
    i.TIM_TimeBaseInit                       0x08002818   Section        0  stm32f4xx_tim.o(i.TIM_TimeBaseInit)
    i.Task_GetChassisStatus                  0x0800289c   Section        0  task.o(i.Task_GetChassisStatus)
    i.Task_OutputVel2Wheel                   0x0800293c   Section        0  task.o(i.Task_OutputVel2Wheel)
    i.Task_RemoteControl                     0x080029a8   Section        0  task.o(i.Task_RemoteControl)
    i.Transform2ChassisCoordinate            0x08002c58   Section        0  chassis.o(i.Transform2ChassisCoordinate)
    i.USART1_IRQHandler                      0x08002cf4   Section        0  stm32f4xx_it.o(i.USART1_IRQHandler)
    i.USART2_IRQHandler                      0x08002cfc   Section        0  stm32f4xx_it.o(i.USART2_IRQHandler)
    i.USART3_IRQHandler                      0x08002d04   Section        0  stm32f4xx_it.o(i.USART3_IRQHandler)
    i.USART_ClearITPendingBit                0x08002d0c   Section        0  stm32f4xx_usart.o(i.USART_ClearITPendingBit)
    i.USART_Cmd                              0x08002d2a   Section        0  stm32f4xx_usart.o(i.USART_Cmd)
    i.USART_GetFlagStatus                    0x08002d42   Section        0  stm32f4xx_usart.o(i.USART_GetFlagStatus)
    i.USART_ITConfig                         0x08002d5c   Section        0  stm32f4xx_usart.o(i.USART_ITConfig)
    i.USART_Init                             0x08002da8   Section        0  stm32f4xx_usart.o(i.USART_Init)
    i.USART_ReceiveData                      0x08002e7c   Section        0  stm32f4xx_usart.o(i.USART_ReceiveData)
    i.USART_SendData                         0x08002e86   Section        0  stm32f4xx_usart.o(i.USART_SendData)
    i.UsageFault_Handler                     0x08002e8e   Section        0  stm32f4xx_it.o(i.UsageFault_Handler)
    i.ValueInRange_u                         0x08002e92   Section        0  algorithm.o(i.ValueInRange_u)
    i.Vel2RotateVel                          0x08002ea4   Section        0  chassis.o(i.Vel2RotateVel)
    i.VelCrl                                 0x08002ed4   Section        0  c620.o(i.VelCrl)
    i.__ARM_fpclassifyf                      0x08002fac   Section        0  fpclassifyf.o(i.__ARM_fpclassifyf)
    i.__hardfp_atan2f                        0x08002fd4   Section        0  atan2f.o(i.__hardfp_atan2f)
    i.__mathlib_flt_infnan2                  0x08003224   Section        0  funder.o(i.__mathlib_flt_infnan2)
    i.__mathlib_flt_underflow                0x0800322c   Section        0  funder.o(i.__mathlib_flt_underflow)
    i.absLimit                               0x0800323c   Section        0  algorithm.o(i.absLimit)
    i.arm_sqrt_f32                           0x0800326c   Section        0  task.o(i.arm_sqrt_f32)
    arm_sqrt_f32                             0x0800326d   Thumb Code    38  task.o(i.arm_sqrt_f32)
    i.main                                   0x08003298   Section        0  main.o(i.main)
    x$fpl$fpinit                             0x080032ae   Section       10  fpinit.o(x$fpl$fpinit)
    $v0                                      0x080032ae   Number         0  fpinit.o(x$fpl$fpinit)
    .constdata                               0x080032b8   Section     1040  arm_cos_f32.o(.constdata)
    x$fpl$usenofp                            0x080032b8   Section        0  usenofp.o(x$fpl$usenofp)
    cosTable                                 0x080032b8   Data        1040  arm_cos_f32.o(.constdata)
    .constdata                               0x080036c8   Section     1036  arm_sin_f32.o(.constdata)
    sinTable                                 0x080036c8   Data        1036  arm_sin_f32.o(.constdata)
    .data                                    0x20000000   Section        8  bsp_systick.o(.data)
    fac_us                                   0x20000000   Data           4  bsp_systick.o(.data)
    fac_ms                                   0x20000004   Data           4  bsp_systick.o(.data)
    .data                                    0x20000008   Section        2  algorithm.o(.data)
    recursiveTimes                           0x20000008   Data           1  algorithm.o(.data)
    recursiveTimes                           0x20000009   Data           1  algorithm.o(.data)
    .data                                    0x2000000c   Section       28  pid.o(.data)
    Error                                    0x2000000c   Data           4  pid.o(.data)
    Integrate                                0x20000010   Data           4  pid.o(.data)
    Delta                                    0x20000014   Data           4  pid.o(.data)
    Output                                   0x20000018   Data           4  pid.o(.data)
    Error                                    0x2000001c   Data           4  pid.o(.data)
    DeltaOutput                              0x20000020   Data           4  pid.o(.data)
    Output                                   0x20000024   Data           4  pid.o(.data)
    .data                                    0x20000028   Section        1  main.o(.data)
    .data                                    0x2000002a   Section        2  stm32f4xx_it.o(.data)
    time_print_tick                          0x2000002a   Data           2  stm32f4xx_it.o(.data)
    .data                                    0x2000002c   Section        3  c620.o(.data)
    Index                                    0x2000002c   Data           1  c620.o(.data)
    Index                                    0x2000002d   Data           1  c620.o(.data)
    Index                                    0x2000002e   Data           1  c620.o(.data)
    .data                                    0x20000030   Section       56  pps.o(.data)
    continiousAngle                          0x20000044   Data           4  pps.o(.data)
    angleLoop                                0x20000048   Data           4  pps.o(.data)
    ch                                       0x2000004c   Data           1  pps.o(.data)
    count                                    0x2000004d   Data           1  pps.o(.data)
    i                                        0x2000004e   Data           1  pps.o(.data)
    angleRecord                              0x20000050   Data           4  pps.o(.data)
    Last_x                                   0x20000054   Data           4  pps.o(.data)
    Last_y                                   0x20000058   Data           4  pps.o(.data)
    Err_x                                    0x2000005c   Data           4  pps.o(.data)
    Err_y                                    0x20000060   Data           4  pps.o(.data)
    PassedLen                                0x20000064   Data           4  pps.o(.data)
    .data                                    0x20000068   Section        5  bsp_09s.o(.data)
    PulseWidth                               0x20000068   Data           2  bsp_09s.o(.data)
    Char                                     0x2000006a   Data           1  bsp_09s.o(.data)
    RxState                                  0x2000006b   Data           1  bsp_09s.o(.data)
    RxDataIndex                              0x2000006c   Data           1  bsp_09s.o(.data)
    .data                                    0x20000070   Section       44  task.o(.data)
    Counter                                  0x20000094   Data           4  task.o(.data)
    Counter                                  0x20000098   Data           4  task.o(.data)
    .data                                    0x2000009c   Section       16  stm32f4xx_rcc.o(.data)
    APBAHBPrescTable                         0x2000009c   Data          16  stm32f4xx_rcc.o(.data)
    .bss                                     0x200000ac   Section       36  chassis.o(.bss)
    .bss                                     0x200000d0   Section      500  main.o(.bss)
    .bss                                     0x200002c4   Section      568  c620.o(.bss)
    TxMessage                                0x200004d4   Data          20  c620.o(.bss)
    TxMessage                                0x200004e8   Data          20  c620.o(.bss)
    .bss                                     0x200004fc   Section       72  pps.o(.bss)
    posture                                  0x2000052c   Data          24  pps.o(.bss)
    .bss                                     0x20000544   Section       76  bsp_09s.o(.bss)
    .bss                                     0x20000590   Section       96  libspace.o(.bss)
    HEAP                                     0x200005f0   Section      512  startup_stm32f40_41xxx.o(HEAP)
    Heap_Mem                                 0x200005f0   Data         512  startup_stm32f40_41xxx.o(HEAP)
    STACK                                    0x200007f0   Section     1024  startup_stm32f40_41xxx.o(STACK)
    Stack_Mem                                0x200007f0   Data        1024  startup_stm32f40_41xxx.o(STACK)
    __initial_sp                             0x20000bf0   Data           0  startup_stm32f40_41xxx.o(STACK)

    Global Symbols

    Symbol Name                              Value     Ov Type        Size  Object(Section)

    BuildAttributes$$THM_ISAv4$E$P$D$K$B$S$7EM$VFPi3$EXTD16$VFPS$VFMA$PE$A:L22UL41UL21$X:L11$S22US41US21$IEEE1$IW$USESV6$~STKCKD$USESV7$~SHL$OTIME$ROPI$IEEEX$EBA8$UX$STANDARDLIB$REQ8$PRES8$EABIv2 0x00000000   Number         0  anon$$obj.o ABSOLUTE
    __ARM_use_no_argv                        0x00000000   Number         0  main.o ABSOLUTE
    __ARM_exceptions_init                     - Undefined Weak Reference
    __alloca_initialize                       - Undefined Weak Reference
    __arm_preinit_                            - Undefined Weak Reference
    __cpp_initialize__aeabi_                  - Undefined Weak Reference
    __cxa_finalize                            - Undefined Weak Reference
    __rt_locale                               - Undefined Weak Reference
    __sigvec_lookup                           - Undefined Weak Reference
    _atexit_init                              - Undefined Weak Reference
    _call_atexit_fns                          - Undefined Weak Reference
    _clock_init                               - Undefined Weak Reference
    _fp_trap_init                             - Undefined Weak Reference
    _fp_trap_shutdown                         - Undefined Weak Reference
    _get_lc_collate                           - Undefined Weak Reference
    _get_lc_ctype                             - Undefined Weak Reference
    _get_lc_monetary                          - Undefined Weak Reference
    _get_lc_numeric                           - Undefined Weak Reference
    _get_lc_time                              - Undefined Weak Reference
    _getenv_init                              - Undefined Weak Reference
    _handle_redirection                       - Undefined Weak Reference
    _init_alloc                               - Undefined Weak Reference
    _init_user_alloc                          - Undefined Weak Reference
    _initio                                   - Undefined Weak Reference
    _rand_init                                - Undefined Weak Reference
    _signal_finish                            - Undefined Weak Reference
    _signal_init                              - Undefined Weak Reference
    _terminate_alloc                          - Undefined Weak Reference
    _terminate_user_alloc                     - Undefined Weak Reference
    _terminateio                              - Undefined Weak Reference
    __Vectors_Size                           0x00000188   Number         0  startup_stm32f40_41xxx.o ABSOLUTE
    __Vectors                                0x08000000   Data           4  startup_stm32f40_41xxx.o(RESET)
    __Vectors_End                            0x08000188   Data           0  startup_stm32f40_41xxx.o(RESET)
    __main                                   0x08000189   Thumb Code     8  __main.o(!!!main)
    __scatterload                            0x08000191   Thumb Code     0  __scatter.o(!!!scatter)
    __scatterload_rt2                        0x08000191   Thumb Code    44  __scatter.o(!!!scatter)
    __scatterload_rt2_thumb_only             0x08000191   Thumb Code     0  __scatter.o(!!!scatter)
    __scatterload_null                       0x0800019f   Thumb Code     0  __scatter.o(!!!scatter)
    __scatterload_copy                       0x080001c5   Thumb Code    26  __scatter_copy.o(!!handler_copy)
    __scatterload_zeroinit                   0x080001e1   Thumb Code    28  __scatter_zi.o(!!handler_zi)
    __rt_lib_init                            0x080001fd   Thumb Code     0  libinit.o(.ARM.Collect$$libinit$$00000000)
    __rt_lib_init_fp_1                       0x080001ff   Thumb Code     0  libinit2.o(.ARM.Collect$$libinit$$00000001)
    __rt_lib_init_alloca_1                   0x08000203   Thumb Code     0  libinit2.o(.ARM.Collect$$libinit$$0000002E)
    __rt_lib_init_argv_1                     0x08000203   Thumb Code     0  libinit2.o(.ARM.Collect$$libinit$$0000002C)
    __rt_lib_init_atexit_1                   0x08000203   Thumb Code     0  libinit2.o(.ARM.Collect$$libinit$$0000001B)
    __rt_lib_init_clock_1                    0x08000203   Thumb Code     0  libinit2.o(.ARM.Collect$$libinit$$00000021)
    __rt_lib_init_cpp_1                      0x08000203   Thumb Code     0  libinit2.o(.ARM.Collect$$libinit$$00000032)
    __rt_lib_init_exceptions_1               0x08000203   Thumb Code     0  libinit2.o(.ARM.Collect$$libinit$$00000030)
    __rt_lib_init_fp_trap_1                  0x08000203   Thumb Code     0  libinit2.o(.ARM.Collect$$libinit$$0000001F)
    __rt_lib_init_getenv_1                   0x08000203   Thumb Code     0  libinit2.o(.ARM.Collect$$libinit$$00000023)
    __rt_lib_init_heap_1                     0x08000203   Thumb Code     0  libinit2.o(.ARM.Collect$$libinit$$0000000A)
    __rt_lib_init_lc_collate_1               0x08000203   Thumb Code     0  libinit2.o(.ARM.Collect$$libinit$$00000011)
    __rt_lib_init_lc_ctype_1                 0x08000203   Thumb Code     0  libinit2.o(.ARM.Collect$$libinit$$00000013)
    __rt_lib_init_lc_monetary_1              0x08000203   Thumb Code     0  libinit2.o(.ARM.Collect$$libinit$$00000015)
    __rt_lib_init_lc_numeric_1               0x08000203   Thumb Code     0  libinit2.o(.ARM.Collect$$libinit$$00000017)
    __rt_lib_init_lc_time_1                  0x08000203   Thumb Code     0  libinit2.o(.ARM.Collect$$libinit$$00000019)
    __rt_lib_init_preinit_1                  0x08000203   Thumb Code     0  libinit2.o(.ARM.Collect$$libinit$$00000004)
    __rt_lib_init_rand_1                     0x08000203   Thumb Code     0  libinit2.o(.ARM.Collect$$libinit$$0000000E)
    __rt_lib_init_return                     0x08000203   Thumb Code     0  libinit2.o(.ARM.Collect$$libinit$$00000033)
    __rt_lib_init_signal_1                   0x08000203   Thumb Code     0  libinit2.o(.ARM.Collect$$libinit$$0000001D)
    __rt_lib_init_stdio_1                    0x08000203   Thumb Code     0  libinit2.o(.ARM.Collect$$libinit$$00000025)
    __rt_lib_init_user_alloc_1               0x08000203   Thumb Code     0  libinit2.o(.ARM.Collect$$libinit$$0000000C)
    __rt_lib_shutdown                        0x08000205   Thumb Code     0  libshutdown.o(.ARM.Collect$$libshutdown$$00000000)
    __rt_lib_shutdown_cpp_1                  0x08000207   Thumb Code     0  libshutdown2.o(.ARM.Collect$$libshutdown$$00000002)
    __rt_lib_shutdown_fp_trap_1              0x08000207   Thumb Code     0  libshutdown2.o(.ARM.Collect$$libshutdown$$00000007)
    __rt_lib_shutdown_heap_1                 0x08000207   Thumb Code     0  libshutdown2.o(.ARM.Collect$$libshutdown$$0000000F)
    __rt_lib_shutdown_return                 0x08000207   Thumb Code     0  libshutdown2.o(.ARM.Collect$$libshutdown$$00000010)
    __rt_lib_shutdown_signal_1               0x08000207   Thumb Code     0  libshutdown2.o(.ARM.Collect$$libshutdown$$0000000A)
    __rt_lib_shutdown_stdio_1                0x08000207   Thumb Code     0  libshutdown2.o(.ARM.Collect$$libshutdown$$00000004)
    __rt_lib_shutdown_user_alloc_1           0x08000207   Thumb Code     0  libshutdown2.o(.ARM.Collect$$libshutdown$$0000000C)
    __rt_entry                               0x08000209   Thumb Code     0  __rtentry.o(.ARM.Collect$$rtentry$$00000000)
    __rt_entry_presh_1                       0x08000209   Thumb Code     0  __rtentry2.o(.ARM.Collect$$rtentry$$00000002)
    __rt_entry_sh                            0x08000209   Thumb Code     0  __rtentry4.o(.ARM.Collect$$rtentry$$00000004)
    __rt_entry_li                            0x0800020f   Thumb Code     0  __rtentry2.o(.ARM.Collect$$rtentry$$0000000A)
    __rt_entry_postsh_1                      0x0800020f   Thumb Code     0  __rtentry2.o(.ARM.Collect$$rtentry$$00000009)
    __rt_entry_main                          0x08000213   Thumb Code     0  __rtentry2.o(.ARM.Collect$$rtentry$$0000000D)
    __rt_entry_postli_1                      0x08000213   Thumb Code     0  __rtentry2.o(.ARM.Collect$$rtentry$$0000000C)
    __rt_exit                                0x0800021b   Thumb Code     0  rtexit.o(.ARM.Collect$$rtexit$$00000000)
    __rt_exit_ls                             0x0800021d   Thumb Code     0  rtexit2.o(.ARM.Collect$$rtexit$$00000003)
    __rt_exit_prels_1                        0x0800021d   Thumb Code     0  rtexit2.o(.ARM.Collect$$rtexit$$00000002)
    __rt_exit_exit                           0x08000221   Thumb Code     0  rtexit2.o(.ARM.Collect$$rtexit$$00000004)
    Reset_Handler                            0x08000229   Thumb Code     8  startup_stm32f40_41xxx.o(.text)
    ADC_IRQHandler                           0x08000243   Thumb Code     0  startup_stm32f40_41xxx.o(.text)
    CAN1_RX1_IRQHandler                      0x08000243   Thumb Code     0  startup_stm32f40_41xxx.o(.text)
    CAN1_SCE_IRQHandler                      0x08000243   Thumb Code     0  startup_stm32f40_41xxx.o(.text)
    CAN2_RX1_IRQHandler                      0x08000243   Thumb Code     0  startup_stm32f40_41xxx.o(.text)
    CAN2_SCE_IRQHandler                      0x08000243   Thumb Code     0  startup_stm32f40_41xxx.o(.text)
    CRYP_IRQHandler                          0x08000243   Thumb Code     0  startup_stm32f40_41xxx.o(.text)
    DCMI_IRQHandler                          0x08000243   Thumb Code     0  startup_stm32f40_41xxx.o(.text)
    DMA1_Stream0_IRQHandler                  0x08000243   Thumb Code     0  startup_stm32f40_41xxx.o(.text)
    DMA1_Stream1_IRQHandler                  0x08000243   Thumb Code     0  startup_stm32f40_41xxx.o(.text)
    DMA1_Stream2_IRQHandler                  0x08000243   Thumb Code     0  startup_stm32f40_41xxx.o(.text)
    DMA1_Stream3_IRQHandler                  0x08000243   Thumb Code     0  startup_stm32f40_41xxx.o(.text)
    DMA1_Stream4_IRQHandler                  0x08000243   Thumb Code     0  startup_stm32f40_41xxx.o(.text)
    DMA1_Stream5_IRQHandler                  0x08000243   Thumb Code     0  startup_stm32f40_41xxx.o(.text)
    DMA1_Stream6_IRQHandler                  0x08000243   Thumb Code     0  startup_stm32f40_41xxx.o(.text)
    DMA1_Stream7_IRQHandler                  0x08000243   Thumb Code     0  startup_stm32f40_41xxx.o(.text)
    DMA2_Stream0_IRQHandler                  0x08000243   Thumb Code     0  startup_stm32f40_41xxx.o(.text)
    DMA2_Stream1_IRQHandler                  0x08000243   Thumb Code     0  startup_stm32f40_41xxx.o(.text)
    DMA2_Stream2_IRQHandler                  0x08000243   Thumb Code     0  startup_stm32f40_41xxx.o(.text)
    DMA2_Stream3_IRQHandler                  0x08000243   Thumb Code     0  startup_stm32f40_41xxx.o(.text)
    DMA2_Stream4_IRQHandler                  0x08000243   Thumb Code     0  startup_stm32f40_41xxx.o(.text)
    DMA2_Stream5_IRQHandler                  0x08000243   Thumb Code     0  startup_stm32f40_41xxx.o(.text)
    DMA2_Stream6_IRQHandler                  0x08000243   Thumb Code     0  startup_stm32f40_41xxx.o(.text)
    DMA2_Stream7_IRQHandler                  0x08000243   Thumb Code     0  startup_stm32f40_41xxx.o(.text)
    ETH_IRQHandler                           0x08000243   Thumb Code     0  startup_stm32f40_41xxx.o(.text)
    ETH_WKUP_IRQHandler                      0x08000243   Thumb Code     0  startup_stm32f40_41xxx.o(.text)
    EXTI0_IRQHandler                         0x08000243   Thumb Code     0  startup_stm32f40_41xxx.o(.text)
    EXTI15_10_IRQHandler                     0x08000243   Thumb Code     0  startup_stm32f40_41xxx.o(.text)
    EXTI1_IRQHandler                         0x08000243   Thumb Code     0  startup_stm32f40_41xxx.o(.text)
    EXTI2_IRQHandler                         0x08000243   Thumb Code     0  startup_stm32f40_41xxx.o(.text)
    EXTI3_IRQHandler                         0x08000243   Thumb Code     0  startup_stm32f40_41xxx.o(.text)
    EXTI4_IRQHandler                         0x08000243   Thumb Code     0  startup_stm32f40_41xxx.o(.text)
    EXTI9_5_IRQHandler                       0x08000243   Thumb Code     0  startup_stm32f40_41xxx.o(.text)
    FLASH_IRQHandler                         0x08000243   Thumb Code     0  startup_stm32f40_41xxx.o(.text)
    FPU_IRQHandler                           0x08000243   Thumb Code     0  startup_stm32f40_41xxx.o(.text)
    FSMC_IRQHandler                          0x08000243   Thumb Code     0  startup_stm32f40_41xxx.o(.text)
    HASH_RNG_IRQHandler                      0x08000243   Thumb Code     0  startup_stm32f40_41xxx.o(.text)
    I2C1_ER_IRQHandler                       0x08000243   Thumb Code     0  startup_stm32f40_41xxx.o(.text)
    I2C1_EV_IRQHandler                       0x08000243   Thumb Code     0  startup_stm32f40_41xxx.o(.text)
    I2C2_ER_IRQHandler                       0x08000243   Thumb Code     0  startup_stm32f40_41xxx.o(.text)
    I2C2_EV_IRQHandler                       0x08000243   Thumb Code     0  startup_stm32f40_41xxx.o(.text)
    I2C3_ER_IRQHandler                       0x08000243   Thumb Code     0  startup_stm32f40_41xxx.o(.text)
    I2C3_EV_IRQHandler                       0x08000243   Thumb Code     0  startup_stm32f40_41xxx.o(.text)
    OTG_FS_IRQHandler                        0x08000243   Thumb Code     0  startup_stm32f40_41xxx.o(.text)
    OTG_FS_WKUP_IRQHandler                   0x08000243   Thumb Code     0  startup_stm32f40_41xxx.o(.text)
    OTG_HS_EP1_IN_IRQHandler                 0x08000243   Thumb Code     0  startup_stm32f40_41xxx.o(.text)
    OTG_HS_EP1_OUT_IRQHandler                0x08000243   Thumb Code     0  startup_stm32f40_41xxx.o(.text)
    OTG_HS_IRQHandler                        0x08000243   Thumb Code     0  startup_stm32f40_41xxx.o(.text)
    OTG_HS_WKUP_IRQHandler                   0x08000243   Thumb Code     0  startup_stm32f40_41xxx.o(.text)
    PVD_IRQHandler                           0x08000243   Thumb Code     0  startup_stm32f40_41xxx.o(.text)
    RCC_IRQHandler                           0x08000243   Thumb Code     0  startup_stm32f40_41xxx.o(.text)
    RTC_Alarm_IRQHandler                     0x08000243   Thumb Code     0  startup_stm32f40_41xxx.o(.text)
    RTC_WKUP_IRQHandler                      0x08000243   Thumb Code     0  startup_stm32f40_41xxx.o(.text)
    SDIO_IRQHandler                          0x08000243   Thumb Code     0  startup_stm32f40_41xxx.o(.text)
    SPI1_IRQHandler                          0x08000243   Thumb Code     0  startup_stm32f40_41xxx.o(.text)
    SPI2_IRQHandler                          0x08000243   Thumb Code     0  startup_stm32f40_41xxx.o(.text)
    SPI3_IRQHandler                          0x08000243   Thumb Code     0  startup_stm32f40_41xxx.o(.text)
    TAMP_STAMP_IRQHandler                    0x08000243   Thumb Code     0  startup_stm32f40_41xxx.o(.text)
    TIM1_BRK_TIM9_IRQHandler                 0x08000243   Thumb Code     0  startup_stm32f40_41xxx.o(.text)
    TIM1_CC_IRQHandler                       0x08000243   Thumb Code     0  startup_stm32f40_41xxx.o(.text)
    TIM1_TRG_COM_TIM11_IRQHandler            0x08000243   Thumb Code     0  startup_stm32f40_41xxx.o(.text)
    TIM1_UP_TIM10_IRQHandler                 0x08000243   Thumb Code     0  startup_stm32f40_41xxx.o(.text)
    TIM3_IRQHandler                          0x08000243   Thumb Code     0  startup_stm32f40_41xxx.o(.text)
    TIM4_IRQHandler                          0x08000243   Thumb Code     0  startup_stm32f40_41xxx.o(.text)
    TIM6_DAC_IRQHandler                      0x08000243   Thumb Code     0  startup_stm32f40_41xxx.o(.text)
    TIM7_IRQHandler                          0x08000243   Thumb Code     0  startup_stm32f40_41xxx.o(.text)
    TIM8_BRK_TIM12_IRQHandler                0x08000243   Thumb Code     0  startup_stm32f40_41xxx.o(.text)
    TIM8_CC_IRQHandler                       0x08000243   Thumb Code     0  startup_stm32f40_41xxx.o(.text)
    TIM8_TRG_COM_TIM14_IRQHandler            0x08000243   Thumb Code     0  startup_stm32f40_41xxx.o(.text)
    TIM8_UP_TIM13_IRQHandler                 0x08000243   Thumb Code     0  startup_stm32f40_41xxx.o(.text)
    UART4_IRQHandler                         0x08000243   Thumb Code     0  startup_stm32f40_41xxx.o(.text)
    UART5_IRQHandler                         0x08000243   Thumb Code     0  startup_stm32f40_41xxx.o(.text)
    USART6_IRQHandler                        0x08000243   Thumb Code     0  startup_stm32f40_41xxx.o(.text)
    WWDG_IRQHandler                          0x08000243   Thumb Code     0  startup_stm32f40_41xxx.o(.text)
    __user_initial_stackheap                 0x08000245   Thumb Code     0  startup_stm32f40_41xxx.o(.text)
    arm_cos_f32                              0x08000269   Thumb Code   194  arm_cos_f32.o(.text)
    arm_sin_f32                              0x08000341   Thumb Code   194  arm_sin_f32.o(.text)
    __use_two_region_memory                  0x08000419   Thumb Code     2  heapauxi.o(.text)
    __rt_heap_escrow$2region                 0x0800041b   Thumb Code     2  heapauxi.o(.text)
    __rt_heap_expand$2region                 0x0800041d   Thumb Code     2  heapauxi.o(.text)
    __user_libspace                          0x08000421   Thumb Code     8  libspace.o(.text)
    __user_perproc_libspace                  0x08000421   Thumb Code     0  libspace.o(.text)
    __user_perthread_libspace                0x08000421   Thumb Code     0  libspace.o(.text)
    __user_setup_stackheap                   0x08000429   Thumb Code    74  sys_stackheap_outer.o(.text)
    exit                                     0x08000473   Thumb Code    18  exit.o(.text)
    _sys_exit                                0x08000485   Thumb Code     8  sys_exit.o(.text)
    __I$use$semihosting                      0x08000491   Thumb Code     0  use_no_semi.o(.text)
    __use_no_semihosting_swi                 0x08000491   Thumb Code     2  use_no_semi.o(.text)
    __semihosting_library_function           0x08000493   Thumb Code     0  indicate_semi.o(.text)
    AutoStatus_Send_Task                     0x08000495   Thumb Code    48  task.o(i.AutoStatus_Send_Task)
    BSP_Beep_Init                            0x080004cd   Thumb Code    50  bsp_io.o(i.BSP_Beep_Init)
    BSP_CAN_Init                             0x08000505   Thumb Code    42  bsp_can.o(i.BSP_CAN_Init)
    BSP_IO_Init                              0x08000541   Thumb Code    12  bsp_io.o(i.BSP_IO_Init)
    BSP_Init                                 0x0800054d   Thumb Code    44  bsp_main.o(i.BSP_Init)
    BSP_LED_Init                             0x08000579   Thumb Code   100  bsp_io.o(i.BSP_LED_Init)
    BSP_Serial1_Init                         0x080005e1   Thumb Code   176  bsp_serial.o(i.BSP_Serial1_Init)
    BSP_Serial2_Init                         0x08000699   Thumb Code   180  bsp_serial.o(i.BSP_Serial2_Init)
    BSP_Serial3_Init                         0x08000759   Thumb Code   176  bsp_serial.o(i.BSP_Serial3_Init)
    BSP_Serial6_Init                         0x08000811   Thumb Code   174  bsp_serial.o(i.BSP_Serial6_Init)
    BSP_Serial_Init                          0x080008c9   Thumb Code    20  bsp_serial.o(i.BSP_Serial_Init)
    BSP_SystickInit                          0x080008dd   Thumb Code    34  bsp_systick.o(i.BSP_SystickInit)
    BSP_TIM2_Init                            0x08000909   Thumb Code    72  bsp_timer.o(i.BSP_TIM2_Init)
    BSP_TIM5_Init                            0x08000951   Thumb Code    80  bsp_timer.o(i.BSP_TIM5_Init)
    BSP_Timer_Init                           0x080009a5   Thumb Code    20  bsp_timer.o(i.BSP_Timer_Init)
    Beep_Off                                 0x080009b9   Thumb Code    12  bsp_io.o(i.Beep_Off)
    Beep_On                                  0x080009c9   Thumb Code    12  bsp_io.o(i.Beep_On)
    BusFault_Handler                         0x080009d9   Thumb Code     4  stm32f4xx_it.o(i.BusFault_Handler)
    C620_GetFeedbackInfo                     0x080009dd   Thumb Code   176  c620.o(i.C620_GetFeedbackInfo)
    CAN1_RX0_IRQHandler                      0x08000a91   Thumb Code    50  stm32f4xx_it.o(i.CAN1_RX0_IRQHandler)
    CAN1_TX_IRQHandler                       0x08000ac9   Thumb Code    22  stm32f4xx_it.o(i.CAN1_TX_IRQHandler)
    CAN2_RX0_IRQHandler                      0x08000ae5   Thumb Code     2  stm32f4xx_it.o(i.CAN2_RX0_IRQHandler)
    CAN2_TX_IRQHandler                       0x08000ae7   Thumb Code     2  stm32f4xx_it.o(i.CAN2_TX_IRQHandler)
    CAN_ClearFlag                            0x08000ae9   Thumb Code    52  stm32f4xx_can.o(i.CAN_ClearFlag)
    CAN_ClearITPendingBit                    0x08000b21   Thumb Code   162  stm32f4xx_can.o(i.CAN_ClearITPendingBit)
    CAN_Config                               0x08000bc9   Thumb Code   626  bsp_can.o(i.CAN_Config)
    CAN_DeInit                               0x08000e45   Thumb Code    50  stm32f4xx_can.o(i.CAN_DeInit)
    CAN_FilterInit                           0x08000e7d   Thumb Code   258  stm32f4xx_can.o(i.CAN_FilterInit)
    CAN_GetITStatus                          0x08000f85   Thumb Code   284  stm32f4xx_can.o(i.CAN_GetITStatus)
    CAN_ITConfig                             0x080010a5   Thumb Code    18  stm32f4xx_can.o(i.CAN_ITConfig)
    CAN_Init                                 0x080010b7   Thumb Code   276  stm32f4xx_can.o(i.CAN_Init)
    CAN_Receive                              0x080011cb   Thumb Code   240  stm32f4xx_can.o(i.CAN_Receive)
    CAN_Transmit                             0x080012bb   Thumb Code   294  stm32f4xx_can.o(i.CAN_Transmit)
    CalcWheelSpeed                           0x080013e1   Thumb Code   100  chassis.o(i.CalcWheelSpeed)
    Config_Task                              0x08001463   Thumb Code    58  task.o(i.Config_Task)
    DebugMon_Handler                         0x0800149d   Thumb Code     2  stm32f4xx_it.o(i.DebugMon_Handler)
    Delay_ms                                 0x0800149f   Thumb Code    46  bsp_systick.o(i.Delay_ms)
    Delay_xms                                0x080014cd   Thumb Code    72  bsp_systick.o(i.Delay_xms)
    DisableCrl                               0x08001519   Thumb Code    66  c620.o(i.DisableCrl)
    GPIO_Init                                0x08001565   Thumb Code   144  stm32f4xx_gpio.o(i.GPIO_Init)
    GPIO_PinAFConfig                         0x080015f5   Thumb Code    70  stm32f4xx_gpio.o(i.GPIO_PinAFConfig)
    GPIO_ResetBits                           0x0800163b   Thumb Code     4  stm32f4xx_gpio.o(i.GPIO_ResetBits)
    GPIO_SetBits                             0x0800163f   Thumb Code     4  stm32f4xx_gpio.o(i.GPIO_SetBits)
    GPIO_ToggleBits                          0x08001643   Thumb Code     8  stm32f4xx_gpio.o(i.GPIO_ToggleBits)
    GetAngle                                 0x0800164d   Thumb Code    28  pps.o(i.GetAngle)
    HardFault_Handler                        0x08001671   Thumb Code     4  stm32f4xx_it.o(i.HardFault_Handler)
    LED0_Off                                 0x08001675   Thumb Code    12  bsp_io.o(i.LED0_Off)
    LED1_Off                                 0x08001685   Thumb Code    12  bsp_io.o(i.LED1_Off)
    LED1_Toggle                              0x08001695   Thumb Code    12  bsp_io.o(i.LED1_Toggle)
    LED2_Off                                 0x080016a5   Thumb Code    12  bsp_io.o(i.LED2_Off)
    LED2_Toggle                              0x080016b5   Thumb Code    12  bsp_io.o(i.LED2_Toggle)
    LED3_Off                                 0x080016c5   Thumb Code    12  bsp_io.o(i.LED3_Off)
    LocatorInit                              0x080016d5   Thumb Code    46  pps.o(i.LocatorInit)
    Locator_SerialIsr                        0x08001711   Thumb Code   310  pps.o(i.Locator_SerialIsr)
    LostForceStatus_Send_Task                0x08001865   Thumb Code    48  task.o(i.LostForceStatus_Send_Task)
    MemManage_Handler                        0x0800189d   Thumb Code     4  stm32f4xx_it.o(i.MemManage_Handler)
    Motor_Init                               0x080018a1   Thumb Code   124  c620.o(i.Motor_Init)
    Motor_SetControlMode                     0x08001921   Thumb Code    48  c620.o(i.Motor_SetControlMode)
    Motor_SetVelocity                        0x08001955   Thumb Code    48  c620.o(i.Motor_SetVelocity)
    Motor_SetVelocityPIDRatio                0x08001989   Thumb Code   162  c620.o(i.Motor_SetVelocityPIDRatio)
    NMI_Handler                              0x08001a41   Thumb Code     2  stm32f4xx_it.o(i.NMI_Handler)
    NVIC_Init                                0x08001a45   Thumb Code   106  misc.o(i.NVIC_Init)
    NVIC_PriorityGroupConfig                 0x08001abd   Thumb Code    10  misc.o(i.NVIC_PriorityGroupConfig)
    OutputVel2Wheel_FixedC                   0x08001ad1   Thumb Code   248  chassis.o(i.OutputVel2Wheel_FixedC)
    OutputVel2Wheel_RigidC                   0x08001bdd   Thumb Code   230  chassis.o(i.OutputVel2Wheel_RigidC)
    PID_Increment_Calc                       0x08001cd9   Thumb Code   172  pid.o(i.PID_Increment_Calc)
    PendSV_Handler                           0x08001d91   Thumb Code     2  stm32f4xx_it.o(i.PendSV_Handler)
    RCC_AHB1PeriphClockCmd                   0x08001d95   Thumb Code    26  stm32f4xx_rcc.o(i.RCC_AHB1PeriphClockCmd)
    RCC_APB1PeriphClockCmd                   0x08001db5   Thumb Code    26  stm32f4xx_rcc.o(i.RCC_APB1PeriphClockCmd)
    RCC_APB1PeriphResetCmd                   0x08001dd5   Thumb Code    26  stm32f4xx_rcc.o(i.RCC_APB1PeriphResetCmd)
    RCC_APB2PeriphClockCmd                   0x08001df5   Thumb Code    26  stm32f4xx_rcc.o(i.RCC_APB2PeriphClockCmd)
    RCC_GetClocksFreq                        0x08001e15   Thumb Code   214  stm32f4xx_rcc.o(i.RCC_GetClocksFreq)
    RemoteStatus_Send_Task                   0x08001efd   Thumb Code   140  task.o(i.RemoteStatus_Send_Task)
    Remote_GetChanalValue                    0x08001fa1   Thumb Code   162  bsp_09s.o(i.Remote_GetChanalValue)
    Remote_SerialIsr                         0x0800204d   Thumb Code   200  bsp_09s.o(i.Remote_SerialIsr)
    ReturnLimitAngle                         0x08002129   Thumb Code   118  algorithm.o(i.ReturnLimitAngle)
    SBUS_Decode                              0x080021b1   Thumb Code   374  bsp_09s.o(i.SBUS_Decode)
    SVC_Handler                              0x08002331   Thumb Code     2  stm32f4xx_it.o(i.SVC_Handler)
    SendCmd2Driver                           0x08002335   Thumb Code   120  chassis.o(i.SendCmd2Driver)
    Serial_SendByte                          0x080023b5   Thumb Code    30  bsp_serial.o(i.Serial_SendByte)
    Serial_SendString                        0x080023d3   Thumb Code    30  bsp_serial.o(i.Serial_SendString)
    SetJoggingVel                            0x080023f1   Thumb Code   294  c620.o(i.SetJoggingVel)
    SysTick_CLKSourceConfig                  0x08002611   Thumb Code    40  misc.o(i.SysTick_CLKSourceConfig)
    SysTick_Handler                          0x08002639   Thumb Code     2  stm32f4xx_it.o(i.SysTick_Handler)
    SystemInit                               0x0800263d   Thumb Code    88  system_stm32f4xx.o(i.SystemInit)
    TIM2_5ms_Task                            0x080026a5   Thumb Code    36  task.o(i.TIM2_5ms_Task)
    TIM2_IRQHandler                          0x080026cd   Thumb Code    72  stm32f4xx_it.o(i.TIM2_IRQHandler)
    TIM2_Start                               0x08002725   Thumb Code    22  bsp_timer.o(i.TIM2_Start)
    TIM5_10ms_Task                           0x0800273d   Thumb Code    36  task.o(i.TIM5_10ms_Task)
    TIM5_IRQHandler                          0x08002765   Thumb Code    34  stm32f4xx_it.o(i.TIM5_IRQHandler)
    TIM5_Start                               0x0800278d   Thumb Code    22  bsp_timer.o(i.TIM5_Start)
    TIM_ARRPreloadConfig                     0x080027a9   Thumb Code    24  stm32f4xx_tim.o(i.TIM_ARRPreloadConfig)
    TIM_ClearFlag                            0x080027c1   Thumb Code     6  stm32f4xx_tim.o(i.TIM_ClearFlag)
    TIM_ClearITPendingBit                    0x080027c7   Thumb Code     6  stm32f4xx_tim.o(i.TIM_ClearITPendingBit)
    TIM_Cmd                                  0x080027cd   Thumb Code    24  stm32f4xx_tim.o(i.TIM_Cmd)
    TIM_GetITStatus                          0x080027e5   Thumb Code    34  stm32f4xx_tim.o(i.TIM_GetITStatus)
    TIM_ITConfig                             0x08002807   Thumb Code    18  stm32f4xx_tim.o(i.TIM_ITConfig)
    TIM_TimeBaseInit                         0x08002819   Thumb Code   104  stm32f4xx_tim.o(i.TIM_TimeBaseInit)
    Task_GetChassisStatus                    0x0800289d   Thumb Code   148  task.o(i.Task_GetChassisStatus)
    Task_OutputVel2Wheel                     0x0800293d   Thumb Code    94  task.o(i.Task_OutputVel2Wheel)
    Task_RemoteControl                       0x080029a9   Thumb Code   622  task.o(i.Task_RemoteControl)
    Transform2ChassisCoordinate              0x08002c59   Thumb Code   140  chassis.o(i.Transform2ChassisCoordinate)
    USART1_IRQHandler                        0x08002cf5   Thumb Code     8  stm32f4xx_it.o(i.USART1_IRQHandler)
    USART2_IRQHandler                        0x08002cfd   Thumb Code     8  stm32f4xx_it.o(i.USART2_IRQHandler)
    USART3_IRQHandler                        0x08002d05   Thumb Code     8  stm32f4xx_it.o(i.USART3_IRQHandler)
    USART_ClearITPendingBit                  0x08002d0d   Thumb Code    30  stm32f4xx_usart.o(i.USART_ClearITPendingBit)
    USART_Cmd                                0x08002d2b   Thumb Code    24  stm32f4xx_usart.o(i.USART_Cmd)
    USART_GetFlagStatus                      0x08002d43   Thumb Code    26  stm32f4xx_usart.o(i.USART_GetFlagStatus)
    USART_ITConfig                           0x08002d5d   Thumb Code    74  stm32f4xx_usart.o(i.USART_ITConfig)
    USART_Init                               0x08002da9   Thumb Code   204  stm32f4xx_usart.o(i.USART_Init)
    USART_ReceiveData                        0x08002e7d   Thumb Code    10  stm32f4xx_usart.o(i.USART_ReceiveData)
    USART_SendData                           0x08002e87   Thumb Code     8  stm32f4xx_usart.o(i.USART_SendData)
    UsageFault_Handler                       0x08002e8f   Thumb Code     4  stm32f4xx_it.o(i.UsageFault_Handler)
    ValueInRange_u                           0x08002e93   Thumb Code    18  algorithm.o(i.ValueInRange_u)
    Vel2RotateVel                            0x08002ea5   Thumb Code    34  chassis.o(i.Vel2RotateVel)
    VelCrl                                   0x08002ed5   Thumb Code   202  c620.o(i.VelCrl)
    __ARM_fpclassifyf                        0x08002fad   Thumb Code    38  fpclassifyf.o(i.__ARM_fpclassifyf)
    __hardfp_atan2f                          0x08002fd5   Thumb Code   502  atan2f.o(i.__hardfp_atan2f)
    __mathlib_flt_infnan2                    0x08003225   Thumb Code     6  funder.o(i.__mathlib_flt_infnan2)
    __mathlib_flt_underflow                  0x0800322d   Thumb Code    10  funder.o(i.__mathlib_flt_underflow)
    absLimit                                 0x0800323d   Thumb Code    46  algorithm.o(i.absLimit)
    main                                     0x08003299   Thumb Code    22  main.o(i.main)
    _fp_init                                 0x080032af   Thumb Code    10  fpinit.o(x$fpl$fpinit)
    __fplib_config_fpu_vfp                   0x080032b7   Thumb Code     0  fpinit.o(x$fpl$fpinit)
    __fplib_config_pureend_doubles           0x080032b7   Thumb Code     0  fpinit.o(x$fpl$fpinit)
    __I$use$fp                               0x080032b8   Number         0  usenofp.o(x$fpl$usenofp)
    Region$$Table$$Base                      0x08003ad4   Number         0  anon$$obj.o(Region$$Table)
    Region$$Table$$Limit                     0x08003af4   Number         0  anon$$obj.o(Region$$Table)
    g_Print_FinishFlag                       0x20000028   Data           1  main.o(.data)
    LocatorUpdated                           0x20000030   Data           1  pps.o(.data)
    TxMsg                                    0x20000031   Data          16  pps.o(.data)
    TxIndex                                  0x20000041   Data           1  pps.o(.data)
    MsgLength                                0x20000042   Data           1  pps.o(.data)
    RemoteStatus                             0x20000070   Data           1  task.o(.data)
    ChassisStatus                            0x20000071   Data           1  task.o(.data)
    RockerValue_LX                           0x20000074   Data           4  task.o(.data)
    RockerValue_LY                           0x20000078   Data           4  task.o(.data)
    RockerValue_RX                           0x2000007c   Data           4  task.o(.data)
    RockerValue_RY                           0x20000080   Data           4  task.o(.data)
    Vel_Vector                               0x20000084   Data           4  task.o(.data)
    Vel_ControlValue                         0x20000088   Data           4  task.o(.data)
    finalVel                                 0x2000008c   Data           8  task.o(.data)
    gChassis                                 0x200000ac   Data          36  chassis.o(.bss)
    g_Display_usart                          0x200000d0   Data         500  main.o(.bss)
    C620                                     0x200002c4   Data          96  c620.o(.bss)
    PID_C620_Position                        0x20000324   Data         208  c620.o(.bss)
    PID_C620_Velocity                        0x200003f4   Data         224  c620.o(.bss)
    LocatorInfo                              0x200004fc   Data          24  pps.o(.bss)
    ppsReturn                                0x20000514   Data          24  pps.o(.bss)
    SBUS_MsgPack                             0x20000544   Data          25  bsp_09s.o(.bss)
    SBUS_ChanelVal                           0x2000055e   Data          32  bsp_09s.o(.bss)
    Remote                                   0x2000057e   Data          18  bsp_09s.o(.bss)
    __libspace_start                         0x20000590   Data          96  libspace.o(.bss)
    __temporary_stack_top$libspace           0x200005f0   Data           0  libspace.o(.bss)



==============================================================================

Memory Map of the image

  Image Entry point : 0x08000189

  Load Region LR_IROM1 (Base: 0x08000000, Size: 0x00003ba0, Max: 0x00100000, ABSOLUTE)

    Execution Region ER_IROM1 (Exec base: 0x08000000, Load base: 0x08000000, Size: 0x00003af4, Max: 0x00100000, ABSOLUTE)

    Exec Addr    Load Addr    Size         Type   Attr      Idx    E Section Name        Object

    0x08000000   0x08000000   0x00000188   Data   RO         1213    RESET               startup_stm32f40_41xxx.o
    0x08000188   0x08000188   0x00000008   Code   RO         3611  * !!!main             c_w.l(__main.o)
    0x08000190   0x08000190   0x00000034   Code   RO         3903    !!!scatter          c_w.l(__scatter.o)
    0x080001c4   0x080001c4   0x0000001a   Code   RO         3905    !!handler_copy      c_w.l(__scatter_copy.o)
    0x080001de   0x080001de   0x00000002   PAD
    0x080001e0   0x080001e0   0x0000001c   Code   RO         3907    !!handler_zi        c_w.l(__scatter_zi.o)
    0x080001fc   0x080001fc   0x00000002   Code   RO         3772    .ARM.Collect$$libinit$$00000000  c_w.l(libinit.o)
    0x080001fe   0x080001fe   0x00000004   Code   RO         3777    .ARM.Collect$$libinit$$00000001  c_w.l(libinit2.o)
    0x08000202   0x08000202   0x00000000   Code   RO         3780    .ARM.Collect$$libinit$$00000004  c_w.l(libinit2.o)
    0x08000202   0x08000202   0x00000000   Code   RO         3783    .ARM.Collect$$libinit$$0000000A  c_w.l(libinit2.o)
    0x08000202   0x08000202   0x00000000   Code   RO         3785    .ARM.Collect$$libinit$$0000000C  c_w.l(libinit2.o)
    0x08000202   0x08000202   0x00000000   Code   RO         3787    .ARM.Collect$$libinit$$0000000E  c_w.l(libinit2.o)
    0x08000202   0x08000202   0x00000000   Code   RO         3790    .ARM.Collect$$libinit$$00000011  c_w.l(libinit2.o)
    0x08000202   0x08000202   0x00000000   Code   RO         3792    .ARM.Collect$$libinit$$00000013  c_w.l(libinit2.o)
    0x08000202   0x08000202   0x00000000   Code   RO         3794    .ARM.Collect$$libinit$$00000015  c_w.l(libinit2.o)
    0x08000202   0x08000202   0x00000000   Code   RO         3796    .ARM.Collect$$libinit$$00000017  c_w.l(libinit2.o)
    0x08000202   0x08000202   0x00000000   Code   RO         3798    .ARM.Collect$$libinit$$00000019  c_w.l(libinit2.o)
    0x08000202   0x08000202   0x00000000   Code   RO         3800    .ARM.Collect$$libinit$$0000001B  c_w.l(libinit2.o)
    0x08000202   0x08000202   0x00000000   Code   RO         3802    .ARM.Collect$$libinit$$0000001D  c_w.l(libinit2.o)
    0x08000202   0x08000202   0x00000000   Code   RO         3804    .ARM.Collect$$libinit$$0000001F  c_w.l(libinit2.o)
    0x08000202   0x08000202   0x00000000   Code   RO         3806    .ARM.Collect$$libinit$$00000021  c_w.l(libinit2.o)
    0x08000202   0x08000202   0x00000000   Code   RO         3808    .ARM.Collect$$libinit$$00000023  c_w.l(libinit2.o)
    0x08000202   0x08000202   0x00000000   Code   RO         3810    .ARM.Collect$$libinit$$00000025  c_w.l(libinit2.o)
    0x08000202   0x08000202   0x00000000   Code   RO         3814    .ARM.Collect$$libinit$$0000002C  c_w.l(libinit2.o)
    0x08000202   0x08000202   0x00000000   Code   RO         3816    .ARM.Collect$$libinit$$0000002E  c_w.l(libinit2.o)
    0x08000202   0x08000202   0x00000000   Code   RO         3818    .ARM.Collect$$libinit$$00000030  c_w.l(libinit2.o)
    0x08000202   0x08000202   0x00000000   Code   RO         3820    .ARM.Collect$$libinit$$00000032  c_w.l(libinit2.o)
    0x08000202   0x08000202   0x00000002   Code   RO         3821    .ARM.Collect$$libinit$$00000033  c_w.l(libinit2.o)
    0x08000204   0x08000204   0x00000002   Code   RO         3843    .ARM.Collect$$libshutdown$$00000000  c_w.l(libshutdown.o)
    0x08000206   0x08000206   0x00000000   Code   RO         3856    .ARM.Collect$$libshutdown$$00000002  c_w.l(libshutdown2.o)
    0x08000206   0x08000206   0x00000000   Code   RO         3858    .ARM.Collect$$libshutdown$$00000004  c_w.l(libshutdown2.o)
    0x08000206   0x08000206   0x00000000   Code   RO         3861    .ARM.Collect$$libshutdown$$00000007  c_w.l(libshutdown2.o)
    0x08000206   0x08000206   0x00000000   Code   RO         3864    .ARM.Collect$$libshutdown$$0000000A  c_w.l(libshutdown2.o)
    0x08000206   0x08000206   0x00000000   Code   RO         3866    .ARM.Collect$$libshutdown$$0000000C  c_w.l(libshutdown2.o)
    0x08000206   0x08000206   0x00000000   Code   RO         3869    .ARM.Collect$$libshutdown$$0000000F  c_w.l(libshutdown2.o)
    0x08000206   0x08000206   0x00000002   Code   RO         3870    .ARM.Collect$$libshutdown$$00000010  c_w.l(libshutdown2.o)
    0x08000208   0x08000208   0x00000000   Code   RO         3665    .ARM.Collect$$rtentry$$00000000  c_w.l(__rtentry.o)
    0x08000208   0x08000208   0x00000000   Code   RO         3739    .ARM.Collect$$rtentry$$00000002  c_w.l(__rtentry2.o)
    0x08000208   0x08000208   0x00000006   Code   RO         3751    .ARM.Collect$$rtentry$$00000004  c_w.l(__rtentry4.o)
    0x0800020e   0x0800020e   0x00000000   Code   RO         3741    .ARM.Collect$$rtentry$$00000009  c_w.l(__rtentry2.o)
    0x0800020e   0x0800020e   0x00000004   Code   RO         3742    .ARM.Collect$$rtentry$$0000000A  c_w.l(__rtentry2.o)
    0x08000212   0x08000212   0x00000000   Code   RO         3744    .ARM.Collect$$rtentry$$0000000C  c_w.l(__rtentry2.o)
    0x08000212   0x08000212   0x00000008   Code   RO         3745    .ARM.Collect$$rtentry$$0000000D  c_w.l(__rtentry2.o)
    0x0800021a   0x0800021a   0x00000002   Code   RO         3775    .ARM.Collect$$rtexit$$00000000  c_w.l(rtexit.o)
    0x0800021c   0x0800021c   0x00000000   Code   RO         3825    .ARM.Collect$$rtexit$$00000002  c_w.l(rtexit2.o)
    0x0800021c   0x0800021c   0x00000004   Code   RO         3826    .ARM.Collect$$rtexit$$00000003  c_w.l(rtexit2.o)
    0x08000220   0x08000220   0x00000006   Code   RO         3827    .ARM.Collect$$rtexit$$00000004  c_w.l(rtexit2.o)
    0x08000226   0x08000226   0x00000002   PAD
    0x08000228   0x08000228   0x00000040   Code   RO         1214    .text               startup_stm32f40_41xxx.o
    0x08000268   0x08000268   0x000000d8   Code   RO         3540    .text               arm_cortexM4lf_math.lib(arm_cos_f32.o)
    0x08000340   0x08000340   0x000000d8   Code   RO         3587    .text               arm_cortexM4lf_math.lib(arm_sin_f32.o)
    0x08000418   0x08000418   0x00000006   Code   RO         3609    .text               c_w.l(heapauxi.o)
    0x0800041e   0x0800041e   0x00000002   PAD
    0x08000420   0x08000420   0x00000008   Code   RO         3760    .text               c_w.l(libspace.o)
    0x08000428   0x08000428   0x0000004a   Code   RO         3763    .text               c_w.l(sys_stackheap_outer.o)
    0x08000472   0x08000472   0x00000012   Code   RO         3765    .text               c_w.l(exit.o)
    0x08000484   0x08000484   0x0000000c   Code   RO         3835    .text               c_w.l(sys_exit.o)
    0x08000490   0x08000490   0x00000002   Code   RO         3846    .text               c_w.l(use_no_semi.o)
    0x08000492   0x08000492   0x00000000   Code   RO         3848    .text               c_w.l(indicate_semi.o)
    0x08000492   0x08000492   0x00000002   PAD
    0x08000494   0x08000494   0x00000038   Code   RO         1088    i.AutoStatus_Send_Task  task.o
    0x080004cc   0x080004cc   0x00000038   Code   RO          188    i.BSP_Beep_Init     bsp_io.o
    0x08000504   0x08000504   0x0000003c   Code   RO          304    i.BSP_CAN_Init      bsp_can.o
    0x08000540   0x08000540   0x0000000c   Code   RO          189    i.BSP_IO_Init       bsp_io.o
    0x0800054c   0x0800054c   0x0000002c   Code   RO            3    i.BSP_Init          bsp_main.o
    0x08000578   0x08000578   0x00000068   Code   RO          190    i.BSP_LED_Init      bsp_io.o
    0x080005e0   0x080005e0   0x000000b8   Code   RO          330    i.BSP_Serial1_Init  bsp_serial.o
    0x08000698   0x08000698   0x000000c0   Code   RO          331    i.BSP_Serial2_Init  bsp_serial.o
    0x08000758   0x08000758   0x000000b8   Code   RO          332    i.BSP_Serial3_Init  bsp_serial.o
    0x08000810   0x08000810   0x000000b8   Code   RO          333    i.BSP_Serial6_Init  bsp_serial.o
    0x080008c8   0x080008c8   0x00000014   Code   RO          334    i.BSP_Serial_Init   bsp_serial.o
    0x080008dc   0x080008dc   0x0000002c   Code   RO          148    i.BSP_SystickInit   bsp_systick.o
    0x08000908   0x08000908   0x00000048   Code   RO          392    i.BSP_TIM2_Init     bsp_timer.o
    0x08000950   0x08000950   0x00000054   Code   RO          393    i.BSP_TIM5_Init     bsp_timer.o
    0x080009a4   0x080009a4   0x00000014   Code   RO          394    i.BSP_Timer_Init    bsp_timer.o
    0x080009b8   0x080009b8   0x00000010   Code   RO          191    i.Beep_Off          bsp_io.o
    0x080009c8   0x080009c8   0x00000010   Code   RO          192    i.Beep_On           bsp_io.o
    0x080009d8   0x080009d8   0x00000004   Code   RO          708    i.BusFault_Handler  stm32f4xx_it.o
    0x080009dc   0x080009dc   0x000000b4   Code   RO          839    i.C620_GetFeedbackInfo  c620.o
    0x08000a90   0x08000a90   0x00000038   Code   RO          709    i.CAN1_RX0_IRQHandler  stm32f4xx_it.o
    0x08000ac8   0x08000ac8   0x0000001c   Code   RO          710    i.CAN1_TX_IRQHandler  stm32f4xx_it.o
    0x08000ae4   0x08000ae4   0x00000002   Code   RO          711    i.CAN2_RX0_IRQHandler  stm32f4xx_it.o
    0x08000ae6   0x08000ae6   0x00000002   Code   RO          712    i.CAN2_TX_IRQHandler  stm32f4xx_it.o
    0x08000ae8   0x08000ae8   0x00000038   Code   RO         1265    i.CAN_ClearFlag     stm32f4xx_can.o
    0x08000b20   0x08000b20   0x000000a8   Code   RO         1266    i.CAN_ClearITPendingBit  stm32f4xx_can.o
    0x08000bc8   0x08000bc8   0x0000027c   Code   RO          305    i.CAN_Config        bsp_can.o
    0x08000e44   0x08000e44   0x00000038   Code   RO         1268    i.CAN_DeInit        stm32f4xx_can.o
    0x08000e7c   0x08000e7c   0x00000108   Code   RO         1270    i.CAN_FilterInit    stm32f4xx_can.o
    0x08000f84   0x08000f84   0x00000120   Code   RO         1272    i.CAN_GetITStatus   stm32f4xx_can.o
    0x080010a4   0x080010a4   0x00000012   Code   RO         1276    i.CAN_ITConfig      stm32f4xx_can.o
    0x080010b6   0x080010b6   0x00000114   Code   RO         1277    i.CAN_Init          stm32f4xx_can.o
    0x080011ca   0x080011ca   0x000000f0   Code   RO         1280    i.CAN_Receive       stm32f4xx_can.o
    0x080012ba   0x080012ba   0x00000126   Code   RO         1285    i.CAN_Transmit      stm32f4xx_can.o
    0x080013e0   0x080013e0   0x00000070   Code   RO          598    i.CalcWheelSpeed    chassis.o
    0x08001450   0x08001450   0x00000012   Code   RO         1288    i.CheckITStatus     stm32f4xx_can.o
    0x08001462   0x08001462   0x0000003a   Code   RO         1089    i.Config_Task       task.o
    0x0800149c   0x0800149c   0x00000002   Code   RO          713    i.DebugMon_Handler  stm32f4xx_it.o
    0x0800149e   0x0800149e   0x0000002e   Code   RO          149    i.Delay_ms          bsp_systick.o
    0x080014cc   0x080014cc   0x0000004c   Code   RO          151    i.Delay_xms         bsp_systick.o
    0x08001518   0x08001518   0x0000004c   Code   RO          840    i.DisableCrl        c620.o
    0x08001564   0x08001564   0x00000090   Code   RO         1875    i.GPIO_Init         stm32f4xx_gpio.o
    0x080015f4   0x080015f4   0x00000046   Code   RO         1876    i.GPIO_PinAFConfig  stm32f4xx_gpio.o
    0x0800163a   0x0800163a   0x00000004   Code   RO         1882    i.GPIO_ResetBits    stm32f4xx_gpio.o
    0x0800163e   0x0800163e   0x00000004   Code   RO         1883    i.GPIO_SetBits      stm32f4xx_gpio.o
    0x08001642   0x08001642   0x00000008   Code   RO         1885    i.GPIO_ToggleBits   stm32f4xx_gpio.o
    0x0800164a   0x0800164a   0x00000002   PAD
    0x0800164c   0x0800164c   0x00000024   Code   RO          936    i.GetAngle          pps.o
    0x08001670   0x08001670   0x00000004   Code   RO          714    i.HardFault_Handler  stm32f4xx_it.o
    0x08001674   0x08001674   0x00000010   Code   RO          193    i.LED0_Off          bsp_io.o
    0x08001684   0x08001684   0x00000010   Code   RO          196    i.LED1_Off          bsp_io.o
    0x08001694   0x08001694   0x00000010   Code   RO          198    i.LED1_Toggle       bsp_io.o
    0x080016a4   0x080016a4   0x00000010   Code   RO          199    i.LED2_Off          bsp_io.o
    0x080016b4   0x080016b4   0x00000010   Code   RO          201    i.LED2_Toggle       bsp_io.o
    0x080016c4   0x080016c4   0x00000010   Code   RO          202    i.LED3_Off          bsp_io.o
    0x080016d4   0x080016d4   0x0000003c   Code   RO          942    i.LocatorInit       pps.o
    0x08001710   0x08001710   0x00000154   Code   RO          943    i.Locator_SerialIsr  pps.o
    0x08001864   0x08001864   0x00000038   Code   RO         1090    i.LostForceStatus_Send_Task  task.o
    0x0800189c   0x0800189c   0x00000004   Code   RO          715    i.MemManage_Handler  stm32f4xx_it.o
    0x080018a0   0x080018a0   0x00000080   Code   RO          841    i.Motor_Init        c620.o
    0x08001920   0x08001920   0x00000034   Code   RO          842    i.Motor_SetControlMode  c620.o
    0x08001954   0x08001954   0x00000034   Code   RO          845    i.Motor_SetVelocity  c620.o
    0x08001988   0x08001988   0x000000b8   Code   RO          846    i.Motor_SetVelocityPIDRatio  c620.o
    0x08001a40   0x08001a40   0x00000002   Code   RO          716    i.NMI_Handler       stm32f4xx_it.o
    0x08001a42   0x08001a42   0x00000002   PAD
    0x08001a44   0x08001a44   0x00000078   Code   RO         1220    i.NVIC_Init         misc.o
    0x08001abc   0x08001abc   0x00000014   Code   RO         1221    i.NVIC_PriorityGroupConfig  misc.o
    0x08001ad0   0x08001ad0   0x0000010c   Code   RO          599    i.OutputVel2Wheel_FixedC  chassis.o
    0x08001bdc   0x08001bdc   0x000000fc   Code   RO          600    i.OutputVel2Wheel_RigidC  chassis.o
    0x08001cd8   0x08001cd8   0x000000b8   Code   RO          546    i.PID_Increment_Calc  pid.o
    0x08001d90   0x08001d90   0x00000002   Code   RO          717    i.PendSV_Handler    stm32f4xx_it.o
    0x08001d92   0x08001d92   0x00000002   PAD
    0x08001d94   0x08001d94   0x00000020   Code   RO         2144    i.RCC_AHB1PeriphClockCmd  stm32f4xx_rcc.o
    0x08001db4   0x08001db4   0x00000020   Code   RO         2153    i.RCC_APB1PeriphClockCmd  stm32f4xx_rcc.o
    0x08001dd4   0x08001dd4   0x00000020   Code   RO         2155    i.RCC_APB1PeriphResetCmd  stm32f4xx_rcc.o
    0x08001df4   0x08001df4   0x00000020   Code   RO         2156    i.RCC_APB2PeriphClockCmd  stm32f4xx_rcc.o
    0x08001e14   0x08001e14   0x000000e8   Code   RO         2165    i.RCC_GetClocksFreq  stm32f4xx_rcc.o
    0x08001efc   0x08001efc   0x000000a4   Code   RO         1091    i.RemoteStatus_Send_Task  task.o
    0x08001fa0   0x08001fa0   0x000000ac   Code   RO         1035    i.Remote_GetChanalValue  bsp_09s.o
    0x0800204c   0x0800204c   0x000000dc   Code   RO         1036    i.Remote_SerialIsr  bsp_09s.o
    0x08002128   0x08002128   0x00000088   Code   RO          443    i.ReturnLimitAngle  algorithm.o
    0x080021b0   0x080021b0   0x00000180   Code   RO         1037    i.SBUS_Decode       bsp_09s.o
    0x08002330   0x08002330   0x00000002   Code   RO          718    i.SVC_Handler       stm32f4xx_it.o
    0x08002332   0x08002332   0x00000002   PAD
    0x08002334   0x08002334   0x00000080   Code   RO          602    i.SendCmd2Driver    chassis.o
    0x080023b4   0x080023b4   0x0000001e   Code   RO          336    i.Serial_SendByte   bsp_serial.o
    0x080023d2   0x080023d2   0x0000001e   Code   RO          337    i.Serial_SendString  bsp_serial.o
    0x080023f0   0x080023f0   0x00000134   Code   RO          849    i.SetJoggingVel     c620.o
    0x08002524   0x08002524   0x000000ec   Code   RO         1176    i.SetSysClock       system_stm32f4xx.o
    0x08002610   0x08002610   0x00000028   Code   RO         1224    i.SysTick_CLKSourceConfig  misc.o
    0x08002638   0x08002638   0x00000002   Code   RO          719    i.SysTick_Handler   stm32f4xx_it.o
    0x0800263a   0x0800263a   0x00000002   PAD
    0x0800263c   0x0800263c   0x00000068   Code   RO         1178    i.SystemInit        system_stm32f4xx.o
    0x080026a4   0x080026a4   0x00000028   Code   RO         1092    i.TIM2_5ms_Task     task.o
    0x080026cc   0x080026cc   0x00000058   Code   RO          720    i.TIM2_IRQHandler   stm32f4xx_it.o
    0x08002724   0x08002724   0x00000016   Code   RO          395    i.TIM2_Start        bsp_timer.o
    0x0800273a   0x0800273a   0x00000002   PAD
    0x0800273c   0x0800273c   0x00000028   Code   RO         1093    i.TIM5_10ms_Task    task.o
    0x08002764   0x08002764   0x00000028   Code   RO          721    i.TIM5_IRQHandler   stm32f4xx_it.o
    0x0800278c   0x0800278c   0x0000001c   Code   RO          396    i.TIM5_Start        bsp_timer.o
    0x080027a8   0x080027a8   0x00000018   Code   RO         2794    i.TIM_ARRPreloadConfig  stm32f4xx_tim.o
    0x080027c0   0x080027c0   0x00000006   Code   RO         2800    i.TIM_ClearFlag     stm32f4xx_tim.o
    0x080027c6   0x080027c6   0x00000006   Code   RO         2801    i.TIM_ClearITPendingBit  stm32f4xx_tim.o
    0x080027cc   0x080027cc   0x00000018   Code   RO         2806    i.TIM_Cmd           stm32f4xx_tim.o
    0x080027e4   0x080027e4   0x00000022   Code   RO         2827    i.TIM_GetITStatus   stm32f4xx_tim.o
    0x08002806   0x08002806   0x00000012   Code   RO         2831    i.TIM_ITConfig      stm32f4xx_tim.o
    0x08002818   0x08002818   0x00000084   Code   RO         2878    i.TIM_TimeBaseInit  stm32f4xx_tim.o
    0x0800289c   0x0800289c   0x000000a0   Code   RO         1094    i.Task_GetChassisStatus  task.o
    0x0800293c   0x0800293c   0x0000006c   Code   RO         1095    i.Task_OutputVel2Wheel  task.o
    0x080029a8   0x080029a8   0x000002b0   Code   RO         1096    i.Task_RemoteControl  task.o
    0x08002c58   0x08002c58   0x0000009c   Code   RO          603    i.Transform2ChassisCoordinate  chassis.o
    0x08002cf4   0x08002cf4   0x00000008   Code   RO          722    i.USART1_IRQHandler  stm32f4xx_it.o
    0x08002cfc   0x08002cfc   0x00000008   Code   RO          723    i.USART2_IRQHandler  stm32f4xx_it.o
    0x08002d04   0x08002d04   0x00000008   Code   RO          724    i.USART3_IRQHandler  stm32f4xx_it.o
    0x08002d0c   0x08002d0c   0x0000001e   Code   RO         3353    i.USART_ClearITPendingBit  stm32f4xx_usart.o
    0x08002d2a   0x08002d2a   0x00000018   Code   RO         3356    i.USART_Cmd         stm32f4xx_usart.o
    0x08002d42   0x08002d42   0x0000001a   Code   RO         3359    i.USART_GetFlagStatus  stm32f4xx_usart.o
    0x08002d5c   0x08002d5c   0x0000004a   Code   RO         3362    i.USART_ITConfig    stm32f4xx_usart.o
    0x08002da6   0x08002da6   0x00000002   PAD
    0x08002da8   0x08002da8   0x000000d4   Code   RO         3363    i.USART_Init        stm32f4xx_usart.o
    0x08002e7c   0x08002e7c   0x0000000a   Code   RO         3370    i.USART_ReceiveData  stm32f4xx_usart.o
    0x08002e86   0x08002e86   0x00000008   Code   RO         3373    i.USART_SendData    stm32f4xx_usart.o
    0x08002e8e   0x08002e8e   0x00000004   Code   RO          725    i.UsageFault_Handler  stm32f4xx_it.o
    0x08002e92   0x08002e92   0x00000012   Code   RO          447    i.ValueInRange_u    algorithm.o
    0x08002ea4   0x08002ea4   0x00000030   Code   RO          604    i.Vel2RotateVel     chassis.o
    0x08002ed4   0x08002ed4   0x000000d8   Code   RO          850    i.VelCrl            c620.o
    0x08002fac   0x08002fac   0x00000026   Code   RO         3719    i.__ARM_fpclassifyf  m_wm.l(fpclassifyf.o)
    0x08002fd2   0x08002fd2   0x00000002   PAD
    0x08002fd4   0x08002fd4   0x00000250   Code   RO         3627    i.__hardfp_atan2f   m_wm.l(atan2f.o)
    0x08003224   0x08003224   0x00000006   Code   RO         3723    i.__mathlib_flt_infnan2  m_wm.l(funder.o)
    0x0800322a   0x0800322a   0x00000002   PAD
    0x0800322c   0x0800322c   0x00000010   Code   RO         3727    i.__mathlib_flt_underflow  m_wm.l(funder.o)
    0x0800323c   0x0800323c   0x0000002e   Code   RO          448    i.absLimit          algorithm.o
    0x0800326a   0x0800326a   0x00000002   PAD
    0x0800326c   0x0800326c   0x0000002c   Code   RO         1097    i.arm_sqrt_f32      task.o
    0x08003298   0x08003298   0x00000016   Code   RO          675    i.main              main.o
    0x080032ae   0x080032ae   0x0000000a   Code   RO         3833    x$fpl$fpinit        fz_wm.l(fpinit.o)
    0x080032b8   0x080032b8   0x00000000   Code   RO         3696    x$fpl$usenofp       fz_wm.l(usenofp.o)
    0x080032b8   0x080032b8   0x00000410   Data   RO         3541    .constdata          arm_cortexM4lf_math.lib(arm_cos_f32.o)
    0x080036c8   0x080036c8   0x0000040c   Data   RO         3588    .constdata          arm_cortexM4lf_math.lib(arm_sin_f32.o)
    0x08003ad4   0x08003ad4   0x00000020   Data   RO         3901    Region$$Table       anon$$obj.o


    Execution Region RW_IRAM1 (Exec base: 0x20000000, Load base: 0x08003af4, Size: 0x00000bf0, Max: 0x00020000, ABSOLUTE)

    Exec Addr    Load Addr    Size         Type   Attr      Idx    E Section Name        Object

    0x20000000   0x08003af4   0x00000008   Data   RW          152    .data               bsp_systick.o
    0x20000008   0x08003afc   0x00000002   Data   RW          449    .data               algorithm.o
    0x2000000a   0x08003afe   0x00000002   PAD
    0x2000000c   0x08003b00   0x0000001c   Data   RW          551    .data               pid.o
    0x20000028   0x08003b1c   0x00000001   Data   RW          677    .data               main.o
    0x20000029   0x08003b1d   0x00000001   PAD
    0x2000002a   0x08003b1e   0x00000002   Data   RW          726    .data               stm32f4xx_it.o
    0x2000002c   0x08003b20   0x00000003   Data   RW          852    .data               c620.o
    0x2000002f   0x08003b23   0x00000001   PAD
    0x20000030   0x08003b24   0x00000038   Data   RW          949    .data               pps.o
    0x20000068   0x08003b5c   0x00000005   Data   RW         1041    .data               bsp_09s.o
    0x2000006d   0x08003b61   0x00000003   PAD
    0x20000070   0x08003b64   0x0000002c   Data   RW         1099    .data               task.o
    0x2000009c   0x08003b90   0x00000010   Data   RW         2197    .data               stm32f4xx_rcc.o
    0x200000ac        -       0x00000024   Zero   RW          605    .bss                chassis.o
    0x200000d0        -       0x000001f4   Zero   RW          676    .bss                main.o
    0x200002c4        -       0x00000238   Zero   RW          851    .bss                c620.o
    0x200004fc        -       0x00000048   Zero   RW          948    .bss                pps.o
    0x20000544        -       0x0000004c   Zero   RW         1039    .bss                bsp_09s.o
    0x20000590        -       0x00000060   Zero   RW         3761    .bss                c_w.l(libspace.o)
    0x200005f0        -       0x00000200   Zero   RW         1212    HEAP                startup_stm32f40_41xxx.o
    0x200007f0        -       0x00000400   Zero   RW         1211    STACK               startup_stm32f40_41xxx.o


==============================================================================

Image component sizes


      Code (inc. data)   RO Data    RW Data    ZI Data      Debug   Object Name

       200         18          0          2          0       2368   algorithm.o
       776         50          0          5         76       2877   bsp_09s.o
       696         28          0          0          0       2308   bsp_can.o
       300         42          0          0          0       5378   bsp_io.o
        44          0          0          0          0     290591   bsp_main.o
       824         38          0          0          0       5036   bsp_serial.o
       166         14          0          8          0       1941   bsp_systick.o
       226         10          0          0          0       2655   bsp_timer.o
      1196         76          0          3        568       8274   c620.o
       964         92          0          0         36       6273   chassis.o
        22          0          0          1        500       2276   main.o
       180         24          0          0          0       2365   misc.o
       184         12          0         28          0       2312   pid.o
       436         58          0         56         72       4414   pps.o
        64         26        392          0       1536        856   startup_stm32f40_41xxx.o
      1678         26          0          0          0       8167   stm32f4xx_can.o
       230          0          0          0          0       3797   stm32f4xx_gpio.o
       266         34          0          2          0       8648   stm32f4xx_it.o
       360         42          0         16          0       5556   stm32f4xx_rcc.o
       244         28          0          0          0       5229   stm32f4xx_tim.o
       384          8          0          0          0       5779   stm32f4xx_usart.o
       340         32          0          0          0       1649   system_stm32f4xx.o
      1414        146          0         44          0      18943   task.o

    ----------------------------------------------------------------------
     11210        804        424        172       2788     397692   Object Totals
         0          0         32          0          0          0   (incl. Generated)
        16          0          0          7          0          0   (incl. Padding)

    ----------------------------------------------------------------------

      Code (inc. data)   RO Data    RW Data    ZI Data      Debug   Library Member Name

       216         22       1040          0          0      16570   arm_cos_f32.o
       216         22       1036          0          0       1382   arm_sin_f32.o
         8          0          0          0          0         68   __main.o
         0          0          0          0          0          0   __rtentry.o
        12          0          0          0          0          0   __rtentry2.o
         6          0          0          0          0          0   __rtentry4.o
        52          8          0          0          0          0   __scatter.o
        26          0          0          0          0          0   __scatter_copy.o
        28          0          0          0          0          0   __scatter_zi.o
        18          0          0          0          0         80   exit.o
         6          0          0          0          0        152   heapauxi.o
         0          0          0          0          0          0   indicate_semi.o
         2          0          0          0          0          0   libinit.o
         6          0          0          0          0          0   libinit2.o
         2          0          0          0          0          0   libshutdown.o
         2          0          0          0          0          0   libshutdown2.o
         8          4          0          0         96         68   libspace.o
         2          0          0          0          0          0   rtexit.o
        10          0          0          0          0          0   rtexit2.o
        12          4          0          0          0         68   sys_exit.o
        74          0          0          0          0         80   sys_stackheap_outer.o
         2          0          0          0          0         68   use_no_semi.o
        10          0          0          0          0        116   fpinit.o
         0          0          0          0          0          0   usenofp.o
       592         90          0          0          0        184   atan2f.o
        38          0          0          0          0        116   fpclassifyf.o
        22          6          0          0          0        232   funder.o

    ----------------------------------------------------------------------
      1382        156       2076          0         96      19184   Library Totals
        12          0          0          0          0          0   (incl. Padding)

    ----------------------------------------------------------------------

      Code (inc. data)   RO Data    RW Data    ZI Data      Debug   Library Name

       432         44       2076          0          0      17952   arm_cortexM4lf_math.lib
       276         16          0          0         96        584   c_w.l
        10          0          0          0          0        116   fz_wm.l
       652         96          0          0          0        532   m_wm.l

    ----------------------------------------------------------------------
      1382        156       2076          0         96      19184   Library Totals

    ----------------------------------------------------------------------

==============================================================================


      Code (inc. data)   RO Data    RW Data    ZI Data      Debug   

     12592        960       2500        172       2884     404920   Grand Totals
     12592        960       2500        172       2884     404920   ELF Image Totals
     12592        960       2500        172          0          0   ROM Totals

==============================================================================

    Total RO  Size (Code + RO Data)                15092 (  14.74kB)
    Total RW  Size (RW Data + ZI Data)              3056 (   2.98kB)
    Total ROM Size (Code + RO Data + RW Data)      15264 (  14.91kB)

==============================================================================

